[0.0020523034393962612, 0.0051730629107752182, 0.0069737336556851028, 0.0085010990854494338, 0.0098848368998894556, 0.011219671954704538, 0.012112813880187159, 0.013117780524454739, 0.01557564021608876, 0.017670905884375601, 0.018841758005914727, 0.017657012922051157, 0.018965685981628261, 0.022603668552276357, 0.023091790349696772, 0.028797065946766287, 0.036406753796416502, 0.029372060799581601, 0.024303771492741488, 0.02203114942409079, 0.024915684953968342, 0.02437217108829054, 0.023448259656815518, 0.024512974786714603, 0.024847410880936283, 0.027369631344752898, 0.019537198874291117, 0.0015526350541431588, 0.023400070717704446, 0.027562541497717752, 0.022146747947874523, 0.019796626213097968, 0.021839128338514868, 0.025450613666301303, 0.02394593655350219, 0.022683929197593766, 0.020047679462111612, 0.018539590000329453, 0.019348102726920002, 0.014364526158936575, 0.017577905792611648, 0.018372097020611822, 0.018336680220197299, 0.016773965133138891, 0.016614676939621487, 0.017152154667103625, 0.016769438920386515, 0.015932023923696192, 0.015412128324186702, 0.01022805692290274]
[-0.0049492998107846155, -0.0049214506376039028, -0.0048882967743730712, -0.0048467092160539588, -0.004801454516760513, -0.0046955195055405144, -0.0046041352583166828, -0.0045506356554202085, -0.0043059847426223374, -0.0043606511235669485, -0.0043316058469596713, -0.0043172798728443179, -0.0046725110562899422, -0.0047606854722069408, -0.0050291253697083704, -0.0052456275633591537, -0.0044171703923250594, -0.0055692695091372063, -0.0060414737114115602, -0.006536900981811547, -0.0058259527263890692, -0.0051328224514547854, -0.0044731016075981317, -0.0046290331618711461, -0.0038451096313549121, -0.00096003751196652165, -0.001851710304157983, -0.0011594789113985315, -0.0043807733413339656, -0.0052166676070552198, -0.0061952469873124694, -0.0047063518610666599, -0.0042305895981029074, -0.0065240864067496185, -0.0087946575559371687, -0.0070163270945615974, -0.0077806797879343137, -0.007754203923476255, -0.0072997449191959385, -0.0098795253508846825, -0.0064763502773833304, -0.0073847697996656803, -0.004732351629935988, -0.0064977188717012246, -0.0085130934679321646, -0.0082449499138183002, -0.0086186825470735973, -0.0083728881043067527, -0.0089703990637948205, -0.01044075842046599]
[0.00063337592513094422, 0.003514031282009872, 0.0047293502259986549, 0.0058147958037074194, 0.0067434839548075696, 0.0075526631563851074, 0.0083852655221925629, 0.0088560612250486656, 0.0099398269045658169, 0.01065266874559069, 0.010831493781926618, 0.011668206365972766, 0.011856699182949737, 0.012366043693654322, 0.012383658904495859, 0.016098111481121419, 0.01893244952627926, 0.020498681620726322, 0.021696124827579516, 0.022329750062293596, 0.021604804828907087, 0.018833268444080536, 0.040345588432797175, 0.018391273567355093, 0.01992369858023646, 0.02019689460091062, 0.019928073338418673, 0.020106570929856071, 0.016930671848011947, 0.020697134190462985, 0.021876892537295689, 0.024037624902715993, 0.02192318181614672, 0.022650962147241827, 0.022847349373367964, 0.016480894230788246, 0.020166506116914951, 0.020719105416204808, 0.023574437120920999, 0.024829478148217565, 0.021676686055272398, 0.020103350131379982, 0.020834354116753717, 0.02214952964088146, 0.019316952865835679, 0.02038213434396563, 0.023823789148453622, 0.020236815691760057, 0.021358061664221162, 0.017540390517775895]
[-0.0049766907368994587, -0.0049346835516858294, -0.0049247787829818992, -0.0049219778474960431, -0.0049138410804877575, -0.0049075615413411676, -0.0048812155060063145, -0.0049025414152630356, -0.0048282555554234538, -0.0048245810576321158, -0.0047932702099316993, -0.0047510026752461548, -0.0045463040813774197, -0.0047769171805174537, -0.0047082600493988241, -0.0041306119812388326, -0.0038301660036653279, -0.0038968760091731974, -0.0039976724464356045, -0.0040490102938072342, -0.00491406078732462, -0.0049956223398433669, -0.011874358688990103, -0.0051103628801230233, -0.0044815039862290268, -0.0044737697046070002, -0.004457296995103166, -0.0045549451667701024, -0.0050186429175874125, -0.0046502958626498947, -0.00442072315940506, -0.0041584003884629628, -0.0037092541633330645, -0.0035097421769094972, 0.002058384817782144, -0.0020129562993729533, -0.0020838598959046495, -0.0016553754595985959, -0.0021758388609057766, -0.0022695766615140889, -0.0028538613517227474, -0.0031935560417905018, -0.0030741970536152519, -0.0029152171890604872, -0.0034606412050935675, -0.0018474533511878832, -0.0021267492228512486, -0.0015192643279478557, -0.0011594635284494781, -0.0011609547942308396]
[-0.0012697957351469149, 0.0025381823372945282, 0.0032167503403123217, 0.0038744483241537515, 0.0045070827174301994, 0.0050514825701037588, 0.0055417678213496337, 0.0061935081452931355, 0.0065137036422147007, 0.0070429331159688607, 0.0075027978043415988, 0.0078297354881855658, 0.0084015261410937681, 0.0085897026514174663, 0.0087934746047472756, 0.0094100091410250497, 0.0098467239903534121, 0.0098002896734506462, 0.009466381127695489, 0.0097855285693543848, 0.010703564806430838, 0.011337879474490775, 0.011304639594604926, 0.01228079600488996, 0.014734930126120344, 0.01933038876535309, 0.013267054825603003, 0.029365533780770725, 0.020844660619023736, 0.019953988951372015, 0.019301040134708403, 0.01828076026910197, 0.035750315678890532, 0.013160204729973146, 0.016184520542392777, 0.018804895832861712, 0.018469463223166283, 0.021633252423628124, 0.034861122615725715, 0.016280540059418036, 0.02188522790565639, 0.029448954612749656, 0.016128657237843291, 0.016772963001082664, 0.016194026850696042, 0.017877838934001744, 0.015804496795158607, 0.015830479016267107, 0.016575136879678043, 0.017384500450217111]
[-0.0049849400671247513, -0.0049703239266595247, -0.004938585288638303, -0.0049596482591601279, -0.0049406167528323885, -0.004936431131241141, -0.0049440476136734732, -0.0049601956212611126, -0.0049464099517555621, -0.0049757072162650434, -0.0049750955811740244, -0.0049337855453977508, -0.004961860297402948, -0.004981475662455645, -0.0049568552752990991, -0.0050131437427012038, -0.0048630997349910915, -0.0049565138918219731, -0.0048677701627140857, -0.0047688931324554734, -0.0046609270889406834, -0.0047906768464945904, -0.0049287814980205902, -0.0048102309552736228, -0.0044583853973654136, -0.0038703459266773155, -0.0044969726359778694, -0.0044372166010637759, -0.0055094777325876698, -0.004479978027125131, -0.0043773512874668019, -0.0044674768943928633, -0.011747869848812598, -0.0043541750078882335, -0.0038609373273887637, -0.003679336429470631, -0.0036650910263203718, -0.0036253715767954608, -0.0033808670295113752, -0.0041011602262663038, -0.0045487912525731811, 0.00083918099762181342, -0.0047231007411262238, -0.0056633875983080617, -0.0022933459213006768, -0.0039737892886019532, -0.0045492358857903703, -0.0048016285142892523, -0.0049632322282802399, -0.0043168168472547952]
[-0.0049001465830291451, 0.0023642188319240587, 0.0024195515737600011, 0.0026602702392962523, 0.003057604717520891, 0.003373332927909858, 0.0037118319884009311, 0.0040693841299925763, 0.0043639702280505385, 0.0046473736095442794, 0.0048909085481910301, 0.0051742551362185217, 0.0054326350159005637, 0.005643104928291176, 0.0059803116914007026, 0.0063434989174207673, 0.0064604211684388957, 0.0065369441043799381, 0.0069013154175556202, 0.0072652739285682666, 0.0075138387985945881, 0.0079266074742631309, 0.0077714968095169562, 0.0077077756372650741, 0.0074791647909860648, 0.0077678681256505844, 0.0080912796301707002, 0.0085372336721498965, 0.0086233243038552343, 0.0086859415398521933, 0.0092735373803904675, 0.012500421645240511, 0.010959835788626499, 0.011129320880729154, 0.0093070275329504848, 0.014913241317591752, 0.011032550795502527, 0.0084000947094106104, 0.013893568071666695, 0.016832279952474827, 0.01740473391632319, 0.010501003586729896, 0.0058675349601879923, 0.053043874899999954, 0.024878701740792153, 0.033779812981467039, 0.0090333188394003949, 0.0069559166784495807, 0.0094518404554582713, 0.011827581479843696]
[-0.0049721748071461938, -0.0050034131884702264, -0.0049841747573538091, -0.0049565947854038755, -0.0049484384798551481, -0.0049604617669438203, -0.0049636265910189201, -0.0049951641975721148, -0.0049824520282130552, -0.0049556410222282299, -0.0049760639230409381, -0.0049905795122487176, -0.0050082758384231083, -0.0049952628140597921, -0.0049657521888828299, -0.0050397202210692577, -0.0050055791766908109, -0.0050213376571000695, -0.005065352388218175, -0.0051087175128810142, -0.0050833298781250147, -0.0052159463748716328, -0.00503816668787746, -0.0050771120210910264, -0.0051104426090771288, -0.0050719666208921266, -0.0050134145592682922, -0.0050006137286540131, -0.0050390412983682964, -0.0050534113871849862, -0.0051280014612430924, -0.0057548961593708314, -0.0052203547343853962, -0.0053889641073209815, -0.0052773796181194155, -0.0055991111852268238, -0.0050681683327572502, -0.0050691094002240367, -0.0050562329918824034, -0.0051349651118340334, -0.004405381900554256, -0.0048436100927181647, -0.0052019106506018264, -0.002403014185897473, -0.0041343348617314812, -0.0031484815585496595, -0.005214818633507784, -0.005281909754926789, -0.0052913549479167155, -0.0051511357546395464]
[0.0020523034393962612, 0.0051730629107752182, 0.0069737336556851028, 0.0085010990854494338, 0.0098848368998894556, 0.011219671954704538, 0.012112813880187159, 0.013117780524454739, 0.01557564021608876, 0.017670905884375601, 0.018841758005914727, 0.017657012922051157, 0.018965685981628261, 0.022603668552276357, 0.023091790349696772, 0.028797065946766287, 0.036406753796416502, 0.029372060799581601, 0.024303771492741488, 0.02203114942409079, 0.024915684953968342, 0.02437217108829054, 0.023448259656815518, 0.024512974786714603, 0.024847410880936283, 0.027369631344752898, 0.019537198874291117, 0.0015526350541431588, 0.023400070717704446, 0.027562541497717752, 0.022146747947874523, 0.019796626213097968, 0.021839128338514868, 0.025450613666301303, 0.02394593655350219, 0.022683929197593766, 0.020047679462111612, 0.018539590000329453, 0.019348102726920002, 0.014364526158936575, 0.017577905792611648, 0.018372097020611822, 0.018336680220197299, 0.016773965133138891, 0.016614676939621487, 0.017152154667103625, 0.016769438920386515, 0.015932023923696192, 0.015412128324186702, 0.01022805692290274]
[-0.0049492998107846155, -0.0049214506376039028, -0.0048882967743730712, -0.0048467092160539588, -0.004801454516760513, -0.0046955195055405144, -0.0046041352583166828, -0.0045506356554202085, -0.0043059847426223374, -0.0043606511235669485, -0.0043316058469596713, -0.0043172798728443179, -0.0046725110562899422, -0.0047606854722069408, -0.0050291253697083704, -0.0052456275633591537, -0.0044171703923250594, -0.0055692695091372063, -0.0060414737114115602, -0.006536900981811547, -0.0058259527263890692, -0.0051328224514547854, -0.0044731016075981317, -0.0046290331618711461, -0.0038451096313549121, -0.00096003751196652165, -0.001851710304157983, -0.0011594789113985315, -0.0043807733413339656, -0.0052166676070552198, -0.0061952469873124694, -0.0047063518610666599, -0.0042305895981029074, -0.0065240864067496185, -0.0087946575559371687, -0.0070163270945615974, -0.0077806797879343137, -0.007754203923476255, -0.0072997449191959385, -0.0098795253508846825, -0.0064763502773833304, -0.0073847697996656803, -0.004732351629935988, -0.0064977188717012246, -0.0085130934679321646, -0.0082449499138183002, -0.0086186825470735973, -0.0083728881043067527, -0.0089703990637948205, -0.01044075842046599]
[0.00063337592513094422, 0.003514031282009872, 0.0047293502259986549, 0.0058147958037074194, 0.0067434839548075696, 0.0075526631563851074, 0.0083852655221925629, 0.0088560612250486656, 0.0099398269045658169, 0.01065266874559069, 0.010831493781926618, 0.011668206365972766, 0.011856699182949737, 0.012366043693654322, 0.012383658904495859, 0.016098111481121419, 0.01893244952627926, 0.020498681620726322, 0.021696124827579516, 0.022329750062293596, 0.021604804828907087, 0.018833268444080536, 0.040345588432797175, 0.018391273567355093, 0.01992369858023646, 0.02019689460091062, 0.019928073338418673, 0.020106570929856071, 0.016930671848011947, 0.020697134190462985, 0.021876892537295689, 0.024037624902715993, 0.02192318181614672, 0.022650962147241827, 0.022847349373367964, 0.016480894230788246, 0.020166506116914951, 0.020719105416204808, 0.023574437120920999, 0.024829478148217565, 0.021676686055272398, 0.020103350131379982, 0.020834354116753717, 0.02214952964088146, 0.019316952865835679, 0.02038213434396563, 0.023823789148453622, 0.020236815691760057, 0.021358061664221162, 0.017540390517775895]
[-0.0049766907368994587, -0.0049346835516858294, -0.0049247787829818992, -0.0049219778474960431, -0.0049138410804877575, -0.0049075615413411676, -0.0048812155060063145, -0.0049025414152630356, -0.0048282555554234538, -0.0048245810576321158, -0.0047932702099316993, -0.0047510026752461548, -0.0045463040813774197, -0.0047769171805174537, -0.0047082600493988241, -0.0041306119812388326, -0.0038301660036653279, -0.0038968760091731974, -0.0039976724464356045, -0.0040490102938072342, -0.00491406078732462, -0.0049956223398433669, -0.011874358688990103, -0.0051103628801230233, -0.0044815039862290268, -0.0044737697046070002, -0.004457296995103166, -0.0045549451667701024, -0.0050186429175874125, -0.0046502958626498947, -0.00442072315940506, -0.0041584003884629628, -0.0037092541633330645, -0.0035097421769094972, 0.002058384817782144, -0.0020129562993729533, -0.0020838598959046495, -0.0016553754595985959, -0.0021758388609057766, -0.0022695766615140889, -0.0028538613517227474, -0.0031935560417905018, -0.0030741970536152519, -0.0029152171890604872, -0.0034606412050935675, -0.0018474533511878832, -0.0021267492228512486, -0.0015192643279478557, -0.0011594635284494781, -0.0011609547942308396]
[-0.0012697957351469149, 0.0025381823372945282, 0.0032167503403123217, 0.0038744483241537515, 0.0045070827174301994, 0.0050514825701037588, 0.0055417678213496337, 0.0061935081452931355, 0.0065137036422147007, 0.0070429331159688607, 0.0075027978043415988, 0.0078297354881855658, 0.0084015261410937681, 0.0085897026514174663, 0.0087934746047472756, 0.0094100091410250497, 0.0098467239903534121, 0.0098002896734506462, 0.009466381127695489, 0.0097855285693543848, 0.010703564806430838, 0.011337879474490775, 0.011304639594604926, 0.01228079600488996, 0.014734930126120344, 0.01933038876535309, 0.013267054825603003, 0.029365533780770725, 0.020844660619023736, 0.019953988951372015, 0.019301040134708403, 0.01828076026910197, 0.035750315678890532, 0.013160204729973146, 0.016184520542392777, 0.018804895832861712, 0.018469463223166283, 0.021633252423628124, 0.034861122615725715, 0.016280540059418036, 0.02188522790565639, 0.029448954612749656, 0.016128657237843291, 0.016772963001082664, 0.016194026850696042, 0.017877838934001744, 0.015804496795158607, 0.015830479016267107, 0.016575136879678043, 0.017384500450217111]
[-0.0049849400671247513, -0.0049703239266595247, -0.004938585288638303, -0.0049596482591601279, -0.0049406167528323885, -0.004936431131241141, -0.0049440476136734732, -0.0049601956212611126, -0.0049464099517555621, -0.0049757072162650434, -0.0049750955811740244, -0.0049337855453977508, -0.004961860297402948, -0.004981475662455645, -0.0049568552752990991, -0.0050131437427012038, -0.0048630997349910915, -0.0049565138918219731, -0.0048677701627140857, -0.0047688931324554734, -0.0046609270889406834, -0.0047906768464945904, -0.0049287814980205902, -0.0048102309552736228, -0.0044583853973654136, -0.0038703459266773155, -0.0044969726359778694, -0.0044372166010637759, -0.0055094777325876698, -0.004479978027125131, -0.0043773512874668019, -0.0044674768943928633, -0.011747869848812598, -0.0043541750078882335, -0.0038609373273887637, -0.003679336429470631, -0.0036650910263203718, -0.0036253715767954608, -0.0033808670295113752, -0.0041011602262663038, -0.0045487912525731811, 0.00083918099762181342, -0.0047231007411262238, -0.0056633875983080617, -0.0022933459213006768, -0.0039737892886019532, -0.0045492358857903703, -0.0048016285142892523, -0.0049632322282802399, -0.0043168168472547952]
[-0.0049001465830291451, 0.0023642188319240587, 0.0024195515737600011, 0.0026602702392962523, 0.003057604717520891, 0.003373332927909858, 0.0037118319884009311, 0.0040693841299925763, 0.0043639702280505385, 0.0046473736095442794, 0.0048909085481910301, 0.0051742551362185217, 0.0054326350159005637, 0.005643104928291176, 0.0059803116914007026, 0.0063434989174207673, 0.0064604211684388957, 0.0065369441043799381, 0.0069013154175556202, 0.0072652739285682666, 0.0075138387985945881, 0.0079266074742631309, 0.0077714968095169562, 0.0077077756372650741, 0.0074791647909860648, 0.0077678681256505844, 0.0080912796301707002, 0.0085372336721498965, 0.0086233243038552343, 0.0086859415398521933, 0.0092735373803904675, 0.012500421645240511, 0.010959835788626499, 0.011129320880729154, 0.0093070275329504848, 0.014913241317591752, 0.011032550795502527, 0.0084000947094106104, 0.013893568071666695, 0.016832279952474827, 0.01740473391632319, 0.010501003586729896, 0.0058675349601879923, 0.053043874899999954, 0.024878701740792153, 0.033779812981467039, 0.0090333188394003949, 0.0069559166784495807, 0.0094518404554582713, 0.011827581479843696]
[-0.0049721748071461938, -0.0050034131884702264, -0.0049841747573538091, -0.0049565947854038755, -0.0049484384798551481, -0.0049604617669438203, -0.0049636265910189201, -0.0049951641975721148, -0.0049824520282130552, -0.0049556410222282299, -0.0049760639230409381, -0.0049905795122487176, -0.0050082758384231083, -0.0049952628140597921, -0.0049657521888828299, -0.0050397202210692577, -0.0050055791766908109, -0.0050213376571000695, -0.005065352388218175, -0.0051087175128810142, -0.0050833298781250147, -0.0052159463748716328, -0.00503816668787746, -0.0050771120210910264, -0.0051104426090771288, -0.0050719666208921266, -0.0050134145592682922, -0.0050006137286540131, -0.0050390412983682964, -0.0050534113871849862, -0.0051280014612430924, -0.0057548961593708314, -0.0052203547343853962, -0.0053889641073209815, -0.0052773796181194155, -0.0055991111852268238, -0.0050681683327572502, -0.0050691094002240367, -0.0050562329918824034, -0.0051349651118340334, -0.004405381900554256, -0.0048436100927181647, -0.0052019106506018264, -0.002403014185897473, -0.0041343348617314812, -0.0031484815585496595, -0.005214818633507784, -0.005281909754926789, -0.0052913549479167155, -0.0051511357546395464]
[0.0021082252750876515, 0.0053158160844484718, 0.0072372323555420287, 0.0089331303130963102, 0.010556906863486995, 0.012251711793770867, 0.013596899884516671, 0.015920217359670259, 0.019389980523309661, 0.021445977002321454, 0.020927272637321942, 0.020620216627295074, 0.023974764212529531, 0.023684719123327813, 0.028643027912572838, 0.039043236907682688, 0.026232412490752199, 0.020472376785888702, 0.017488116619180372, 0.020057748696892863, 0.022984699548830867, 0.025459769653640496, 0.026977377301363348, 0.031263930370321324, 0.054948573852684146, 0.027312855087858412, 0.024513084201234658, 0.018683613648549868, 0.022530067846843194, 0.02427073393783663, 0.01955720657999338, 0.014056697912366634, 0.015098087049222997, 0.016614147718826855, 0.01334333324521475, 0.012846242367536176, 0.012455886668123917, 0.013768924080112432, 0.0098561873024136659, 0.0075688151528627845, 0.012389571545283307, 0.013579173025157765, 0.01354112656700257, 0.019101958289201582, 0.013508719103092925, 0.008413103032335667, 0.0061379439708312278, 0.0041644213839618915, 0.0021826906824502501, 0.0]
[-0.005002501667917672, -0.0050075116854477238, -0.0050125317481276698, -0.0050175618862004882, -0.0050226021300273233, -0.0050276525100936727, -0.005032713057007223, -0.0050377838014984411, -0.005042864774424019, -0.0050479560067618889, -0.0050530575296174884, -0.0050581693742215023, -0.0050632915719305976, -0.0050684241542308384, -0.0050735671527326748, -0.0050787205991772999, -0.0050838845254343595, -0.0050890589635027572, -0.0050942439455140265, -0.0050994395037274043, -0.0051046456705360899, -0.0051098624784652463, -0.005115089960172417, -0.0051203281484512586, -0.0051255770762265729, -0.0051308367765603713, -0.0051361072826501819, -0.0051413886278293963, -0.0051466808455707946, -0.0051519839694820213, -0.005157298033311386, -0.0051626230709460597, -0.0051679591164129068, -0.0051733062038816502, -0.0051786643676603461, -0.0051840336422015465, -0.0051894140621003004, -0.0051948056620947369, -0.0052002084770700063, -0.0052056225420528679, -0.00521104789221849, -0.0052164845628883683, -0.0052219325895308255, -0.005227392007764925, -0.0052328628533551691, -0.0041902369936175909, -0.0031449838546068476, -0.0020977554324910497, -0.0010492078519251935, 0.0]
[0.00065175611467416467, 0.0035903758920702677, 0.0048548278789535947, 0.0059815617254414134, 0.0069578541091047819, 0.0078288579265745548, 0.0087041721723155469, 0.0093015575849752716, 0.010532776641675463, 0.011209796356694827, 0.011711953328029809, 0.012696644834392923, 0.013160279399359043, 0.013229002078614022, 0.017115684602399164, 0.023926869041640875, 0.026956532161854868, 0.027827312375663299, 0.024271728327578235, 0.020162122061912258, 0.017862393413653699, 0.017361814132792086, 0.01779444605548075, 0.0201827124748169, 0.022973887354044431, 0.023016038911206738, 0.022733332687623342, 0.017867340151062505, 0.022555972461451246, 0.02620124305963456, 0.030051700254917435, 0.032306464726509221, 0.095269114208535566, 0.049835500252299769, 0.034261449824603885, 0.03714478573881741, 0.04016058396448241, 0.072082157435695016, nan, nan, nan, nan, nan, nan, nan, nan, nan, nan, nan, nan]
[-0.005002501667917672, -0.0050075116854477238, -0.0050125317481276698, -0.0050175618862004882, -0.0050226021300273233, -0.0050276525100936727, -0.005032713057007223, -0.0050377838014984411, -0.005042864774424019, -0.0050479560067618889, -0.0050530575296174884, -0.0050581693742215023, -0.0050632915719305976, -0.0050684241542308384, -0.0050735671527326748, -0.0050787205991772999, -0.0050838845254343595, -0.0050890589635027572, -0.0050942439455140265, -0.0050994395037274043, -0.0051046456705360899, -0.0051098624784652463, -0.005115089960172417, -0.0051203281484512586, -0.0051255770762265729, -0.0051308367765603713, -0.0051361072826501819, -0.0051413886278293963, -0.0051466808455707946, -0.0051519839694820213, -0.005157298033311386, -0.0051626230709460597, -0.0051679591164129068, -0.0051733062038816502, -0.0051786643676603461, -0.0051840336422015465, -0.0051894140621003004, -0.0051948056620947369, -0.0052002084770700063, -0.0052056225420528679, -0.00521104789221849, -0.0052164845628883683, -0.0052219325895308255, -0.005227392007764925, -0.0052328628533551691, -0.0041902369936175909, -0.0031449838546068476, -0.0020977554324910497, -0.0010492078519251935, 0.0]
[-0.0012608275983403533, 0.0025648752270312613, 0.0032816257378193259, 0.0039441465593680596, 0.0046117029142907946, 0.005179944592482404, 0.0056984439222483446, 0.0063262727361960078, 0.0067021071352805217, 0.0072095397882727258, 0.0076813325963193471, 0.008122454072474701, 0.0086043345388481171, 0.008793551259327001, 0.0091244274081186127, 0.0097203738404907924, 0.010223015140642264, 0.010009599746427872, 0.010104948721586002, 0.010996338617306756, 0.011906619764932347, 0.011878415693479971, 0.012543379208607486, 0.015657229135459944, 0.023395797224488729, 0.018321311095641696, 0.029548860010979422, 0.020256069725649195, 0.022840037223997078, 0.021878777187691267, 0.017610747430608753, 0.015710542157232055, 0.015687188403172125, 0.018830808042081371, 0.025403718345249404, 0.027876914466803571, 0.045508301632461223, 0.021603287226039658, 0.054796014952381289, 0.016353704438982875, 0.025440231905480615, 0.02179176187204257, 0.017732364761216868, 0.017350914848782262, 0.019541287450364098, nan, nan, nan, nan, nan]
[-0.005002501667917672, -0.0050075116854477238, -0.0050125317481276698, -0.0050175618862004882, -0.0050226021300273233, -0.0050276525100936727, -0.005032713057007223, -0.0050377838014984411, -0.005042864774424019, -0.0050479560067618889, -0.0050530575296174884, -0.0050581693742215023, -0.0050632915719305976, -0.0050684241542308384, -0.0050735671527326748, -0.0050787205991772999, -0.0050838845254343595, -0.0050890589635027572, -0.0050942439455140265, -0.0050994395037274043, -0.0051046456705360899, -0.0051098624784652463, -0.005115089960172417, -0.0051203281484512586, -0.0051255770762265729, -0.0051308367765603713, -0.0051361072826501819, -0.0051413886278293963, -0.0051466808455707946, -0.0051519839694820213, -0.005157298033311386, -0.0051626230709460597, -0.0051679591164129068, -0.0051733062038816502, -0.0051786643676603461, -0.0051840336422015465, -0.0051894140621003004, -0.0051948056620947369, -0.0052002084770700063, -0.0052056225420528679, -0.00521104789221849, -0.0052164845628883683, -0.0052219325895308255, -0.005227392007764925, -0.0052328628533551691, -0.0041902369936175909, -0.0031449838546068476, -0.0020977554324910497, -0.0010492078519251935, 0.0]
[-0.004885816498215385, 0.0023666004260890286, 0.002436536014912023, 0.0027030380181449704, 0.0031157304609470558, 0.0034369896493916911, 0.0037858386845823072, 0.0041271668094989174, 0.0044439595562183049, 0.0047578242081640978, 0.0049992871916838405, 0.0052766412922130787, 0.0055250940987217959, 0.0057856221855345016, 0.006159654861945911, 0.0064229067034883985, 0.0065729814162422684, 0.0066914954692900014, 0.0070077582691544932, 0.0073145062315337073, 0.0075925546974640323, 0.007788915366803234, 0.0078631630815112069, 0.007710546229305254, 0.0075805792681325063, 0.0079588930153752513, 0.0084149703052519564, 0.0087836174733053052, 0.0088195318982118576, 0.0090071095041819871, 0.0099532546636564301, 0.01113171865268231, 0.010812911999752539, 0.010423697456654613, 0.0098205418172476466, 0.013637840487120162, 0.011052094440452936, 0.0092583644640279739, 0.014681455466852789, 0.01760925132453206, 0.017706376770683818, 0.0092406262131614625, 0.047973095082256723, 0.041074700200368686, 0.031100280702888228, 0.0065279841644620418, 0.0041417302950526591, 0.0035697837871559446, 0.0018741787913728047, 0.0]
[-0.005002501667917672, -0.0050075116854477238, -0.0050125317481276698, -0.0050175618862004882, -0.0050226021300273233, -0.0050276525100936727, -0.005032713057007223, -0.0050377838014984411, -0.005042864774424019, -0.0050479560067618889, -0.0050530575296174884, -0.0050581693742215023, -0.0050632915719305976, -0.0050684241542308384, -0.0050735671527326748, -0.0050787205991772999, -0.0050838845254343595, -0.0050890589635027572, -0.0050942439455140265, -0.0050994395037274043, -0.0051046456705360899, -0.0051098624784652463, -0.005115089960172417, -0.0051203281484512586, -0.0051255770762265729, -0.0051308367765603713, -0.0051361072826501819, -0.0051413886278293963, -0.0051466808455707946, -0.0051519839694820213, -0.005157298033311386, -0.0051626230709460597, -0.0051679591164129068, -0.0051733062038816502, -0.0051786643676603461, -0.0051840336422015465, -0.0051894140621003004, -0.0051948056620947369, -0.0052002084770700063, -0.0052056225420528679, -0.00521104789221849, -0.0052164845628883683, -0.0052219325895308255, -0.005227392007764925, -0.0052328628533551691, -0.0041902369936175909, -0.0031449838546068476, -0.0020977554324910497, -0.0010492078519251935, 0.0]
[0.0021082252750876515, 0.0053158160844484718, 0.0072372323555420287, 0.0089331303130963102, 0.010556906863486995, 0.012251711793770867, 0.013596899884516671, 0.015920217359670259, 0.019389980523309661, 0.021445977002321454, 0.020927272637321942, 0.020620216627295074, 0.023974764212529531, 0.023684719123327813, 0.028643027912572838, 0.039043236907682688, 0.026232412490752199, 0.020472376785888702, 0.017488116619180372, 0.020057748696892863, 0.022984699548830867, 0.025459769653640496, 0.026977377301363348, 0.031263930370321324, 0.054948573852684146, 0.027312855087858412, 0.024513084201234658, 0.018683613648549868, 0.022530067846843194, 0.02427073393783663, 0.01955720657999338, 0.014056697912366634, 0.015098087049222997, 0.016614147718826855, 0.01334333324521475, 0.012846242367536176, 0.012455886668123917, 0.013768924080112432, 0.0098561873024136659, 0.0075688151528627845, 0.012389571545283307, 0.013579173025157765, 0.01354112656700257, 0.019101958289201582, 0.013508719103092925, 0.008413103032335667, 0.0061379439708312278, 0.0041644213839618915, 0.0021826906824502501, 0.0]
[-0.005002501667917672, -0.0050075116854477238, -0.0050125317481276698, -0.0050175618862004882, -0.0050226021300273233, -0.0050276525100936727, -0.005032713057007223, -0.0050377838014984411, -0.005042864774424019, -0.0050479560067618889, -0.0050530575296174884, -0.0050581693742215023, -0.0050632915719305976, -0.0050684241542308384, -0.0050735671527326748, -0.0050787205991772999, -0.0050838845254343595, -0.0050890589635027572, -0.0050942439455140265, -0.0050994395037274043, -0.0051046456705360899, -0.0051098624784652463, -0.005115089960172417, -0.0051203281484512586, -0.0051255770762265729, -0.0051308367765603713, -0.0051361072826501819, -0.0051413886278293963, -0.0051466808455707946, -0.0051519839694820213, -0.005157298033311386, -0.0051626230709460597, -0.0051679591164129068, -0.0051733062038816502, -0.0051786643676603461, -0.0051840336422015465, -0.0051894140621003004, -0.0051948056620947369, -0.0052002084770700063, -0.0052056225420528679, -0.00521104789221849, -0.0052164845628883683, -0.0052219325895308255, -0.005227392007764925, -0.0052328628533551691, -0.0041902369936175909, -0.0031449838546068476, -0.0020977554324910497, -0.0010492078519251935, 0.0]
[0.00065175611467416467, 0.0035903758920702677, 0.0048548278789535947, 0.0059815617254414134, 0.0069578541091047819, 0.0078288579265745548, 0.0087041721723155469, 0.0093015575849752716, 0.010532776641675463, 0.011209796356694827, 0.011711953328029809, 0.012696644834392923, 0.013160279399359043, 0.013229002078614022, 0.017115684602399164, 0.023926869041640875, 0.026956532161854868, 0.027827312375663299, 0.024271728327578235, 0.020162122061912258, 0.017862393413653699, 0.017361814132792086, 0.01779444605548075, 0.0201827124748169, 0.022973887354044431, 0.023016038911206738, 0.022733332687623342, 0.017867340151062505, 0.022555972461451246, 0.02620124305963456, 0.030051700254917435, 0.032306464726509221, 0.095269114208535566, 0.049835500252299769, 0.034261449824603885, 0.03714478573881741, 0.04016058396448241, 0.072082157435695016, nan, nan, nan, nan, nan, nan, nan, nan, nan, nan, nan, nan]
[-0.005002501667917672, -0.0050075116854477238, -0.0050125317481276698, -0.0050175618862004882, -0.0050226021300273233, -0.0050276525100936727, -0.005032713057007223, -0.0050377838014984411, -0.005042864774424019, -0.0050479560067618889, -0.0050530575296174884, -0.0050581693742215023, -0.0050632915719305976, -0.0050684241542308384, -0.0050735671527326748, -0.0050787205991772999, -0.0050838845254343595, -0.0050890589635027572, -0.0050942439455140265, -0.0050994395037274043, -0.0051046456705360899, -0.0051098624784652463, -0.005115089960172417, -0.0051203281484512586, -0.0051255770762265729, -0.0051308367765603713, -0.0051361072826501819, -0.0051413886278293963, -0.0051466808455707946, -0.0051519839694820213, -0.005157298033311386, -0.0051626230709460597, -0.0051679591164129068, -0.0051733062038816502, -0.0051786643676603461, -0.0051840336422015465, -0.0051894140621003004, -0.0051948056620947369, -0.0052002084770700063, -0.0052056225420528679, -0.00521104789221849, -0.0052164845628883683, -0.0052219325895308255, -0.005227392007764925, -0.0052328628533551691, -0.0041902369936175909, -0.0031449838546068476, -0.0020977554324910497, -0.0010492078519251935, 0.0]
[-0.0012608275983403533, 0.0025648752270312613, 0.0032816257378193259, 0.0039441465593680596, 0.0046117029142907946, 0.005179944592482404, 0.0056984439222483446, 0.0063262727361960078, 0.0067021071352805217, 0.0072095397882727258, 0.0076813325963193471, 0.008122454072474701, 0.0086043345388481171, 0.008793551259327001, 0.0091244274081186127, 0.0097203738404907924, 0.010223015140642264, 0.010009599746427872, 0.010104948721586002, 0.010996338617306756, 0.011906619764932347, 0.011878415693479971, 0.012543379208607486, 0.015657229135459944, 0.023395797224488729, 0.018321311095641696, 0.029548860010979422, 0.020256069725649195, 0.022840037223997078, 0.021878777187691267, 0.017610747430608753, 0.015710542157232055, 0.015687188403172125, 0.018830808042081371, 0.025403718345249404, 0.027876914466803571, 0.045508301632461223, 0.021603287226039658, 0.054796014952381289, 0.016353704438982875, 0.025440231905480615, 0.02179176187204257, 0.017732364761216868, 0.017350914848782262, 0.019541287450364098, nan, nan, nan, nan, nan]
[-0.005002501667917672, -0.0050075116854477238, -0.0050125317481276698, -0.0050175618862004882, -0.0050226021300273233, -0.0050276525100936727, -0.005032713057007223, -0.0050377838014984411, -0.005042864774424019, -0.0050479560067618889, -0.0050530575296174884, -0.0050581693742215023, -0.0050632915719305976, -0.0050684241542308384, -0.0050735671527326748, -0.0050787205991772999, -0.0050838845254343595, -0.0050890589635027572, -0.0050942439455140265, -0.0050994395037274043, -0.0051046456705360899, -0.0051098624784652463, -0.005115089960172417, -0.0051203281484512586, -0.0051255770762265729, -0.0051308367765603713, -0.0051361072826501819, -0.0051413886278293963, -0.0051466808455707946, -0.0051519839694820213, -0.005157298033311386, -0.0051626230709460597, -0.0051679591164129068, -0.0051733062038816502, -0.0051786643676603461, -0.0051840336422015465, -0.0051894140621003004, -0.0051948056620947369, -0.0052002084770700063, -0.0052056225420528679, -0.00521104789221849, -0.0052164845628883683, -0.0052219325895308255, -0.005227392007764925, -0.0052328628533551691, -0.0041902369936175909, -0.0031449838546068476, -0.0020977554324910497, -0.0010492078519251935, 0.0]
[-0.004885816498215385, 0.0023666004260890286, 0.002436536014912023, 0.0027030380181449704, 0.0031157304609470558, 0.0034369896493916911, 0.0037858386845823072, 0.0041271668094989174, 0.0044439595562183049, 0.0047578242081640978, 0.0049992871916838405, 0.0052766412922130787, 0.0055250940987217959, 0.0057856221855345016, 0.006159654861945911, 0.0064229067034883985, 0.0065729814162422684, 0.0066914954692900014, 0.0070077582691544932, 0.0073145062315337073, 0.0075925546974640323, 0.007788915366803234, 0.0078631630815112069, 0.007710546229305254, 0.0075805792681325063, 0.0079588930153752513, 0.0084149703052519564, 0.0087836174733053052, 0.0088195318982118576, 0.0090071095041819871, 0.0099532546636564301, 0.01113171865268231, 0.010812911999752539, 0.010423697456654613, 0.0098205418172476466, 0.013637840487120162, 0.011052094440452936, 0.0092583644640279739, 0.014681455466852789, 0.01760925132453206, 0.017706376770683818, 0.0092406262131614625, 0.047973095082256723, 0.041074700200368686, 0.031100280702888228, 0.0065279841644620418, 0.0041417302950526591, 0.0035697837871559446, 0.0018741787913728047, 0.0]
[-0.005002501667917672, -0.0050075116854477238, -0.0050125317481276698, -0.0050175618862004882, -0.0050226021300273233, -0.0050276525100936727, -0.005032713057007223, -0.0050377838014984411, -0.005042864774424019, -0.0050479560067618889, -0.0050530575296174884, -0.0050581693742215023, -0.0050632915719305976, -0.0050684241542308384, -0.0050735671527326748, -0.0050787205991772999, -0.0050838845254343595, -0.0050890589635027572, -0.0050942439455140265, -0.0050994395037274043, -0.0051046456705360899, -0.0051098624784652463, -0.005115089960172417, -0.0051203281484512586, -0.0051255770762265729, -0.0051308367765603713, -0.0051361072826501819, -0.0051413886278293963, -0.0051466808455707946, -0.0051519839694820213, -0.005157298033311386, -0.0051626230709460597, -0.0051679591164129068, -0.0051733062038816502, -0.0051786643676603461, -0.0051840336422015465, -0.0051894140621003004, -0.0051948056620947369, -0.0052002084770700063, -0.0052056225420528679, -0.00521104789221849, -0.0052164845628883683, -0.0052219325895308255, -0.005227392007764925, -0.0052328628533551691, -0.0041902369936175909, -0.0031449838546068476, -0.0020977554324910497, -0.0010492078519251935, 0.0]
[0.0020523034393962612, 0.0051730629107752182, 0.0069737336556851028, 0.0085010990854494338, 0.0098848368998894556, 0.011219671954704538, 0.012112813880187159, 0.013117780524454739, 0.01557564021608876, 0.017670905884375601, 0.018841758005914727, 0.017657012922051157, 0.018965685981628261, 0.022603668552276357, 0.023091790349696772, 0.028797065946766287, 0.036406753796416502, 0.029372060799581601, 0.024303771492741488, 0.02203114942409079, 0.024915684953968342, 0.02437217108829054, 0.023448259656815518, 0.024512974786714603, 0.024847410880936283, 0.027369631344752898, 0.019537198874291117, 0.0015526350541431588, 0.023400070717704446, 0.027562541497717752, 0.022146747947874523, 0.019796626213097968, 0.021839128338514868, 0.025450613666301303, 0.02394593655350219, 0.022683929197593766, 0.020047679462111612, 0.018539590000329453, 0.019348102726920002, 0.014364526158936575, 0.017577905792611648, 0.018372097020611822, 0.018336680220197299, 0.016773965133138891, 0.016614676939621487, 0.017152154667103625, 0.016769438920386515, 0.015932023923696192, 0.015412128324186702, 0.01022805692290274]
[-0.0049492998107846155, -0.0049214506376039028, -0.0048882967743730712, -0.0048467092160539588, -0.004801454516760513, -0.0046955195055405144, -0.0046041352583166828, -0.0045506356554202085, -0.0043059847426223374, -0.0043606511235669485, -0.0043316058469596713, -0.0043172798728443179, -0.0046725110562899422, -0.0047606854722069408, -0.0050291253697083704, -0.0052456275633591537, -0.0044171703923250594, -0.0055692695091372063, -0.0060414737114115602, -0.006536900981811547, -0.0058259527263890692, -0.0051328224514547854, -0.0044731016075981317, -0.0046290331618711461, -0.0038451096313549121, -0.00096003751196652165, -0.001851710304157983, -0.0011594789113985315, -0.0043807733413339656, -0.0052166676070552198, -0.0061952469873124694, -0.0047063518610666599, -0.0042305895981029074, -0.0065240864067496185, -0.0087946575559371687, -0.0070163270945615974, -0.0077806797879343137, -0.007754203923476255, -0.0072997449191959385, -0.0098795253508846825, -0.0064763502773833304, -0.0073847697996656803, -0.004732351629935988, -0.0064977188717012246, -0.0085130934679321646, -0.0082449499138183002, -0.0086186825470735973, -0.0083728881043067527, -0.0089703990637948205, -0.01044075842046599]
[0.00063337592513094422, 0.003514031282009872, 0.0047293502259986549, 0.0058147958037074194, 0.0067434839548075696, 0.0075526631563851074, 0.0083852655221925629, 0.0088560612250486656, 0.0099398269045658169, 0.01065266874559069, 0.010831493781926618, 0.011668206365972766, 0.011856699182949737, 0.012366043693654322, 0.012383658904495859, 0.016098111481121419, 0.01893244952627926, 0.020498681620726322, 0.021696124827579516, 0.022329750062293596, 0.021604804828907087, 0.018833268444080536, 0.040345588432797175, 0.018391273567355093, 0.01992369858023646, 0.02019689460091062, 0.019928073338418673, 0.020106570929856071, 0.016930671848011947, 0.020697134190462985, 0.021876892537295689, 0.024037624902715993, 0.02192318181614672, 0.022650962147241827, 0.022847349373367964, 0.016480894230788246, 0.020166506116914951, 0.020719105416204808, 0.023574437120920999, 0.024829478148217565, 0.021676686055272398, 0.020103350131379982, 0.020834354116753717, 0.02214952964088146, 0.019316952865835679, 0.02038213434396563, 0.023823789148453622, 0.020236815691760057, 0.021358061664221162, 0.017540390517775895]
[-0.0049766907368994587, -0.0049346835516858294, -0.0049247787829818992, -0.0049219778474960431, -0.0049138410804877575, -0.0049075615413411676, -0.0048812155060063145, -0.0049025414152630356, -0.0048282555554234538, -0.0048245810576321158, -0.0047932702099316993, -0.0047510026752461548, -0.0045463040813774197, -0.0047769171805174537, -0.0047082600493988241, -0.0041306119812388326, -0.0038301660036653279, -0.0038968760091731974, -0.0039976724464356045, -0.0040490102938072342, -0.00491406078732462, -0.0049956223398433669, -0.011874358688990103, -0.0051103628801230233, -0.0044815039862290268, -0.0044737697046070002, -0.004457296995103166, -0.0045549451667701024, -0.0050186429175874125, -0.0046502958626498947, -0.00442072315940506, -0.0041584003884629628, -0.0037092541633330645, -0.0035097421769094972, 0.002058384817782144, -0.0020129562993729533, -0.0020838598959046495, -0.0016553754595985959, -0.0021758388609057766, -0.0022695766615140889, -0.0028538613517227474, -0.0031935560417905018, -0.0030741970536152519, -0.0029152171890604872, -0.0034606412050935675, -0.0018474533511878832, -0.0021267492228512486, -0.0015192643279478557, -0.0011594635284494781, -0.0011609547942308396]
[-0.0012697957351469149, 0.0025381823372945282, 0.0032167503403123217, 0.0038744483241537515, 0.0045070827174301994, 0.0050514825701037588, 0.0055417678213496337, 0.0061935081452931355, 0.0065137036422147007, 0.0070429331159688607, 0.0075027978043415988, 0.0078297354881855658, 0.0084015261410937681, 0.0085897026514174663, 0.0087934746047472756, 0.0094100091410250497, 0.0098467239903534121, 0.0098002896734506462, 0.009466381127695489, 0.0097855285693543848, 0.010703564806430838, 0.011337879474490775, 0.011304639594604926, 0.01228079600488996, 0.014734930126120344, 0.01933038876535309, 0.013267054825603003, 0.029365533780770725, 0.020844660619023736, 0.019953988951372015, 0.019301040134708403, 0.01828076026910197, 0.035750315678890532, 0.013160204729973146, 0.016184520542392777, 0.018804895832861712, 0.018469463223166283, 0.021633252423628124, 0.034861122615725715, 0.016280540059418036, 0.02188522790565639, 0.029448954612749656, 0.016128657237843291, 0.016772963001082664, 0.016194026850696042, 0.017877838934001744, 0.015804496795158607, 0.015830479016267107, 0.016575136879678043, 0.017384500450217111]
[-0.0049849400671247513, -0.0049703239266595247, -0.004938585288638303, -0.0049596482591601279, -0.0049406167528323885, -0.004936431131241141, -0.0049440476136734732, -0.0049601956212611126, -0.0049464099517555621, -0.0049757072162650434, -0.0049750955811740244, -0.0049337855453977508, -0.004961860297402948, -0.004981475662455645, -0.0049568552752990991, -0.0050131437427012038, -0.0048630997349910915, -0.0049565138918219731, -0.0048677701627140857, -0.0047688931324554734, -0.0046609270889406834, -0.0047906768464945904, -0.0049287814980205902, -0.0048102309552736228, -0.0044583853973654136, -0.0038703459266773155, -0.0044969726359778694, -0.0044372166010637759, -0.0055094777325876698, -0.004479978027125131, -0.0043773512874668019, -0.0044674768943928633, -0.011747869848812598, -0.0043541750078882335, -0.0038609373273887637, -0.003679336429470631, -0.0036650910263203718, -0.0036253715767954608, -0.0033808670295113752, -0.0041011602262663038, -0.0045487912525731811, 0.00083918099762181342, -0.0047231007411262238, -0.0056633875983080617, -0.0022933459213006768, -0.0039737892886019532, -0.0045492358857903703, -0.0048016285142892523, -0.0049632322282802399, -0.0043168168472547952]
[-0.0049001465830291451, 0.0023642188319240587, 0.0024195515737600011, 0.0026602702392962523, 0.003057604717520891, 0.003373332927909858, 0.0037118319884009311, 0.0040693841299925763, 0.0043639702280505385, 0.0046473736095442794, 0.0048909085481910301, 0.0051742551362185217, 0.0054326350159005637, 0.005643104928291176, 0.0059803116914007026, 0.0063434989174207673, 0.0064604211684388957, 0.0065369441043799381, 0.0069013154175556202, 0.0072652739285682666, 0.0075138387985945881, 0.0079266074742631309, 0.0077714968095169562, 0.0077077756372650741, 0.0074791647909860648, 0.0077678681256505844, 0.0080912796301707002, 0.0085372336721498965, 0.0086233243038552343, 0.0086859415398521933, 0.0092735373803904675, 0.012500421645240511, 0.010959835788626499, 0.011129320880729154, 0.0093070275329504848, 0.014913241317591752, 0.011032550795502527, 0.0084000947094106104, 0.013893568071666695, 0.016832279952474827, 0.01740473391632319, 0.010501003586729896, 0.0058675349601879923, 0.053043874899999954, 0.024878701740792153, 0.033779812981467039, 0.0090333188394003949, 0.0069559166784495807, 0.0094518404554582713, 0.011827581479843696]
[-0.0049721748071461938, -0.0050034131884702264, -0.0049841747573538091, -0.0049565947854038755, -0.0049484384798551481, -0.0049604617669438203, -0.0049636265910189201, -0.0049951641975721148, -0.0049824520282130552, -0.0049556410222282299, -0.0049760639230409381, -0.0049905795122487176, -0.0050082758384231083, -0.0049952628140597921, -0.0049657521888828299, -0.0050397202210692577, -0.0050055791766908109, -0.0050213376571000695, -0.005065352388218175, -0.0051087175128810142, -0.0050833298781250147, -0.0052159463748716328, -0.00503816668787746, -0.0050771120210910264, -0.0051104426090771288, -0.0050719666208921266, -0.0050134145592682922, -0.0050006137286540131, -0.0050390412983682964, -0.0050534113871849862, -0.0051280014612430924, -0.0057548961593708314, -0.0052203547343853962, -0.0053889641073209815, -0.0052773796181194155, -0.0055991111852268238, -0.0050681683327572502, -0.0050691094002240367, -0.0050562329918824034, -0.0051349651118340334, -0.004405381900554256, -0.0048436100927181647, -0.0052019106506018264, -0.002403014185897473, -0.0041343348617314812, -0.0031484815585496595, -0.005214818633507784, -0.005281909754926789, -0.0052913549479167155, -0.0051511357546395464]
[0.0020523034393962612, 0.0051730629107752182, 0.0069737336556851028, 0.0085010990854494338, 0.0098848368998894556, 0.011219671954704538, 0.012112813880187159, 0.013117780524454739, 0.01557564021608876, 0.017670905884375601, 0.018841758005914727, 0.017657012922051157, 0.018965685981628261, 0.022603668552276357, 0.023091790349696772, 0.028797065946766287, 0.036406753796416502, 0.029372060799581601, 0.024303771492741488, 0.02203114942409079, 0.024915684953968342, 0.02437217108829054, 0.023448259656815518, 0.024512974786714603, 0.024847410880936283, 0.027369631344752898, 0.019537198874291117, 0.0015526350541431588, 0.023400070717704446, 0.027562541497717752, 0.022146747947874523, 0.019796626213097968, 0.021839128338514868, 0.025450613666301303, 0.02394593655350219, 0.022683929197593766, 0.020047679462111612, 0.018539590000329453, 0.019348102726920002, 0.014364526158936575, 0.017577905792611648, 0.018372097020611822, 0.018336680220197299, 0.016773965133138891, 0.016614676939621487, 0.017152154667103625, 0.016769438920386515, 0.015932023923696192, 0.015412128324186702, 0.01022805692290274]
[-0.0049492998107846155, -0.0049214506376039028, -0.0048882967743730712, -0.0048467092160539588, -0.004801454516760513, -0.0046955195055405144, -0.0046041352583166828, -0.0045506356554202085, -0.0043059847426223374, -0.0043606511235669485, -0.0043316058469596713, -0.0043172798728443179, -0.0046725110562899422, -0.0047606854722069408, -0.0050291253697083704, -0.0052456275633591537, -0.0044171703923250594, -0.0055692695091372063, -0.0060414737114115602, -0.006536900981811547, -0.0058259527263890692, -0.0051328224514547854, -0.0044731016075981317, -0.0046290331618711461, -0.0038451096313549121, -0.00096003751196652165, -0.001851710304157983, -0.0011594789113985315, -0.0043807733413339656, -0.0052166676070552198, -0.0061952469873124694, -0.0047063518610666599, -0.0042305895981029074, -0.0065240864067496185, -0.0087946575559371687, -0.0070163270945615974, -0.0077806797879343137, -0.007754203923476255, -0.0072997449191959385, -0.0098795253508846825, -0.0064763502773833304, -0.0073847697996656803, -0.004732351629935988, -0.0064977188717012246, -0.0085130934679321646, -0.0082449499138183002, -0.0086186825470735973, -0.0083728881043067527, -0.0089703990637948205, -0.01044075842046599]
[0.00063337592513094422, 0.003514031282009872, 0.0047293502259986549, 0.0058147958037074194, 0.0067434839548075696, 0.0075526631563851074, 0.0083852655221925629, 0.0088560612250486656, 0.0099398269045658169, 0.01065266874559069, 0.010831493781926618, 0.011668206365972766, 0.011856699182949737, 0.012366043693654322, 0.012383658904495859, 0.016098111481121419, 0.01893244952627926, 0.020498681620726322, 0.021696124827579516, 0.022329750062293596, 0.021604804828907087, 0.018833268444080536, 0.040345588432797175, 0.018391273567355093, 0.01992369858023646, 0.02019689460091062, 0.019928073338418673, 0.020106570929856071, 0.016930671848011947, 0.020697134190462985, 0.021876892537295689, 0.024037624902715993, 0.02192318181614672, 0.022650962147241827, 0.022847349373367964, 0.016480894230788246, 0.020166506116914951, 0.020719105416204808, 0.023574437120920999, 0.024829478148217565, 0.021676686055272398, 0.020103350131379982, 0.020834354116753717, 0.02214952964088146, 0.019316952865835679, 0.02038213434396563, 0.023823789148453622, 0.020236815691760057, 0.021358061664221162, 0.017540390517775895]
[-0.0049766907368994587, -0.0049346835516858294, -0.0049247787829818992, -0.0049219778474960431, -0.0049138410804877575, -0.0049075615413411676, -0.0048812155060063145, -0.0049025414152630356, -0.0048282555554234538, -0.0048245810576321158, -0.0047932702099316993, -0.0047510026752461548, -0.0045463040813774197, -0.0047769171805174537, -0.0047082600493988241, -0.0041306119812388326, -0.0038301660036653279, -0.0038968760091731974, -0.0039976724464356045, -0.0040490102938072342, -0.00491406078732462, -0.0049956223398433669, -0.011874358688990103, -0.0051103628801230233, -0.0044815039862290268, -0.0044737697046070002, -0.004457296995103166, -0.0045549451667701024, -0.0050186429175874125, -0.0046502958626498947, -0.00442072315940506, -0.0041584003884629628, -0.0037092541633330645, -0.0035097421769094972, 0.002058384817782144, -0.0020129562993729533, -0.0020838598959046495, -0.0016553754595985959, -0.0021758388609057766, -0.0022695766615140889, -0.0028538613517227474, -0.0031935560417905018, -0.0030741970536152519, -0.0029152171890604872, -0.0034606412050935675, -0.0018474533511878832, -0.0021267492228512486, -0.0015192643279478557, -0.0011594635284494781, -0.0011609547942308396]
[-0.0012697957351469149, 0.0025381823372945282, 0.0032167503403123217, 0.0038744483241537515, 0.0045070827174301994, 0.0050514825701037588, 0.0055417678213496337, 0.0061935081452931355, 0.0065137036422147007, 0.0070429331159688607, 0.0075027978043415988, 0.0078297354881855658, 0.0084015261410937681, 0.0085897026514174663, 0.0087934746047472756, 0.0094100091410250497, 0.0098467239903534121, 0.0098002896734506462, 0.009466381127695489, 0.0097855285693543848, 0.010703564806430838, 0.011337879474490775, 0.011304639594604926, 0.01228079600488996, 0.014734930126120344, 0.01933038876535309, 0.013267054825603003, 0.029365533780770725, 0.020844660619023736, 0.019953988951372015, 0.019301040134708403, 0.01828076026910197, 0.035750315678890532, 0.013160204729973146, 0.016184520542392777, 0.018804895832861712, 0.018469463223166283, 0.021633252423628124, 0.034861122615725715, 0.016280540059418036, 0.02188522790565639, 0.029448954612749656, 0.016128657237843291, 0.016772963001082664, 0.016194026850696042, 0.017877838934001744, 0.015804496795158607, 0.015830479016267107, 0.016575136879678043, 0.017384500450217111]
[-0.0049849400671247513, -0.0049703239266595247, -0.004938585288638303, -0.0049596482591601279, -0.0049406167528323885, -0.004936431131241141, -0.0049440476136734732, -0.0049601956212611126, -0.0049464099517555621, -0.0049757072162650434, -0.0049750955811740244, -0.0049337855453977508, -0.004961860297402948, -0.004981475662455645, -0.0049568552752990991, -0.0050131437427012038, -0.0048630997349910915, -0.0049565138918219731, -0.0048677701627140857, -0.0047688931324554734, -0.0046609270889406834, -0.0047906768464945904, -0.0049287814980205902, -0.0048102309552736228, -0.0044583853973654136, -0.0038703459266773155, -0.0044969726359778694, -0.0044372166010637759, -0.0055094777325876698, -0.004479978027125131, -0.0043773512874668019, -0.0044674768943928633, -0.011747869848812598, -0.0043541750078882335, -0.0038609373273887637, -0.003679336429470631, -0.0036650910263203718, -0.0036253715767954608, -0.0033808670295113752, -0.0041011602262663038, -0.0045487912525731811, 0.00083918099762181342, -0.0047231007411262238, -0.0056633875983080617, -0.0022933459213006768, -0.0039737892886019532, -0.0045492358857903703, -0.0048016285142892523, -0.0049632322282802399, -0.0043168168472547952]
[-0.0049001465830291451, 0.0023642188319240587, 0.0024195515737600011, 0.0026602702392962523, 0.003057604717520891, 0.003373332927909858, 0.0037118319884009311, 0.0040693841299925763, 0.0043639702280505385, 0.0046473736095442794, 0.0048909085481910301, 0.0051742551362185217, 0.0054326350159005637, 0.005643104928291176, 0.0059803116914007026, 0.0063434989174207673, 0.0064604211684388957, 0.0065369441043799381, 0.0069013154175556202, 0.0072652739285682666, 0.0075138387985945881, 0.0079266074742631309, 0.0077714968095169562, 0.0077077756372650741, 0.0074791647909860648, 0.0077678681256505844, 0.0080912796301707002, 0.0085372336721498965, 0.0086233243038552343, 0.0086859415398521933, 0.0092735373803904675, 0.012500421645240511, 0.010959835788626499, 0.011129320880729154, 0.0093070275329504848, 0.014913241317591752, 0.011032550795502527, 0.0084000947094106104, 0.013893568071666695, 0.016832279952474827, 0.01740473391632319, 0.010501003586729896, 0.0058675349601879923, 0.053043874899999954, 0.024878701740792153, 0.033779812981467039, 0.0090333188394003949, 0.0069559166784495807, 0.0094518404554582713, 0.011827581479843696]
[-0.0049721748071461938, -0.0050034131884702264, -0.0049841747573538091, -0.0049565947854038755, -0.0049484384798551481, -0.0049604617669438203, -0.0049636265910189201, -0.0049951641975721148, -0.0049824520282130552, -0.0049556410222282299, -0.0049760639230409381, -0.0049905795122487176, -0.0050082758384231083, -0.0049952628140597921, -0.0049657521888828299, -0.0050397202210692577, -0.0050055791766908109, -0.0050213376571000695, -0.005065352388218175, -0.0051087175128810142, -0.0050833298781250147, -0.0052159463748716328, -0.00503816668787746, -0.0050771120210910264, -0.0051104426090771288, -0.0050719666208921266, -0.0050134145592682922, -0.0050006137286540131, -0.0050390412983682964, -0.0050534113871849862, -0.0051280014612430924, -0.0057548961593708314, -0.0052203547343853962, -0.0053889641073209815, -0.0052773796181194155, -0.0055991111852268238, -0.0050681683327572502, -0.0050691094002240367, -0.0050562329918824034, -0.0051349651118340334, -0.004405381900554256, -0.0048436100927181647, -0.0052019106506018264, -0.002403014185897473, -0.0041343348617314812, -0.0031484815585496595, -0.005214818633507784, -0.005281909754926789, -0.0052913549479167155, -0.0051511357546395464]
[0.002217620357144132, 0.0054660948470217543, 0.0073106182603439734, 0.009034320581211893, 0.010158874446169339, 0.011596258621677541, 0.012350019609720916, 0.013240035756284102, 0.01447280260630425, 0.015701389835205179, 0.016461137990477867, 0.016060527231657032, 0.016536878955664858, 0.018683963117226671, 0.018527176742474338, 0.022585949797971266, 0.028745334949797363, 0.02313356283287385, 0.020171836675311861, 0.020158590252829123, 0.020957090503766096, 0.021531271803451379, 0.020574250474191424, 0.021457971758565952, 0.023249354921970888, 0.02458130760236138, 0.017786865311947675, 0.0044107179390464601, 0.017617914383261657, 0.022041533114248391, 0.016977866022999, 0.016027333116523046, 0.015968894988442228, 0.019371404921410762, 0.018145697594114663, 0.019196442995878304, 0.016217866841564788, 0.015061361253778216, 0.015236231795037858, 0.014411836723175586, 0.014106652007504272, 0.014305553008770455, 0.013185641275517135, 0.01248161475600762, 0.013646085723909573, 0.01472034979697967, 0.014838075178804533, 0.013622885369372062, 0.013879178346393961, 0.013234235671960692]
[-0.0048996568032149386, -0.0048671684958683367, -0.0048563920171803276, -0.0048374752495241209, -0.0048690435675171236, -0.0048528290371865623, -0.0048373242486698699, -0.0048154861872114138, -0.0047508381819326706, -0.0047786244534636368, -0.0048538328938828659, -0.0049828575521304944, -0.0047231780654797551, -0.004828814451470001, -0.005063007076406334, -0.0046905736291175532, -0.0050651124931356262, -0.005166380646967686, -0.0052767010144366688, -0.0053934825480575488, -0.0051684122813766553, -0.0052814449660496116, -0.0052892865233833408, -0.0054178998537327411, -0.0051597223915545165, -0.0043521737306179836, -0.0046561969847975782, -0.0057476217389725304, -0.0057924705168422852, -0.0071082704200267632, -0.0053725362301949575, -0.0052158171629566874, -0.0048012256972479739, -0.0046210992553522567, -0.0057579986192277111, -0.0032665873599559969, -0.0060985557181297279, -0.0060700396171675941, -0.0060552207460609908, -0.0060194489092376124, -0.0060233106367735545, -0.0061581399273965276, -0.0060615917803843455, -0.0059082105461015777, -0.0062327901747649961, -0.0062633988143001584, -0.0066094605888236402, -0.0067617770127870735, -0.0067770407728040549, -0.0072205307726377344]
[0.00068375864358110998, 0.0037892855235394105, 0.0050741575242231355, 0.0060595654265200253, 0.0070312981832281567, 0.0080676430889959211, 0.0088965142050006982, 0.0094259737912217659, 0.010166125394988942, 0.01078925431347983, 0.011337514524317138, 0.012013574695084003, 0.012189384974199996, 0.012657822340601685, 0.012601275050009561, 0.014262500326862521, 0.0158789557063925, 0.017239318739404291, 0.018019435140634699, 0.01850081864872985, 0.017700836101892076, 0.015729872279830887, 0.029022849729914341, 0.015705637752551904, 0.017215768644239626, 0.017512726210748231, 0.017220959347760301, 0.017359113832541073, 0.015269938409821826, 0.017441685166320609, 0.018815354664166173, 0.020718270774423952, 0.017628194437075251, 0.022420269233363599, 0.021079680546633561, 0.013568815106762555, 0.014624080489695213, 0.016122273231445994, 0.018872831159355452, 0.020234666220305786, 0.015895387735329392, 0.015552338942380506, 0.016000000814315407, 0.01660285305244158, 0.014390108058063511, 0.01427277605115651, 0.014465364901700029, 0.014080044717700191, 0.014213861777902292, 0.013056094009652908]
[-0.0049084606881431223, -0.0048975455949846133, -0.004883360222540354, -0.0048761080366974685, -0.0048737847823692483, -0.004881033071483673, -0.0048683078450571446, -0.0049070702331109189, -0.0049372609854384936, -0.004916358283025786, -0.0049146459967635836, -0.004952443695522897, -0.0049839504942872787, -0.0049636227349830614, -0.0050182469698308446, -0.0049090838460104369, -0.0047443371216919772, -0.0048991911492140688, -0.0049136768382142954, -0.0050266817703826516, -0.0050917570462392509, -0.0049329820619268133, -0.0056427386899514237, -0.0055024166496129845, -0.0052217167083576238, -0.0052081826385043384, -0.0052561390892887916, -0.005315127952972537, -0.0052175490272727276, -0.0051349113529912671, -0.0052880788421986458, -0.0053289801000066528, -0.0053744765660219684, -0.0053197221217732849, -0.0055836154334920618, -0.0059823533280725649, -0.0052072676058433076, -0.0049333593234743289, -0.0052659171821278772, -0.0060599092702417756, -0.0059345305209329291, -0.0056262118083024171, -0.0051349897367249653, -0.0052555747222999272, -0.0054160327580861645, -0.0052705221304439331, -0.0053452300939056119, -0.0055139342728539598, -0.0054985290916095553, -0.0042945226547387305]
[-0.001266225329775471, 0.0026387276934771459, 0.0034769129429025334, 0.0041552523304474055, 0.0048383692603576282, 0.0054170143965786375, 0.0058254817228241933, 0.0063884992802198531, 0.0068121368183565317, 0.0074775191477067099, 0.008025873900241523, 0.0083348593902063881, 0.0088796226698553068, 0.0091320887333545958, 0.0093958441464043196, 0.0098629989325880046, 0.010010021955481729, 0.010171761780455604, 0.0098964690853860504, 0.010086743396208964, 0.010815107071715124, 0.011744878812958687, 0.011697592335148749, 0.012130748479544179, 0.013225133917218274, 0.015401532519507544, 0.010911053471877374, 0.021802798517282757, 0.015979907181737391, 0.016053067206590832, 0.015891153731257157, 0.015264842619728158, 0.025216300251704848, 0.011896185177904639, 0.01475162160525878, 0.016870937253159413, 0.015759905712033728, 0.01778504754416782, 0.028196494907395953, 0.013326008421109647, 0.017251121804301717, 0.02295384460350286, 0.015308236333648195, 0.015165549026347924, 0.015300448682081247, 0.014358514603595829, 0.013025326833178363, 0.013431950418393956, 0.013834639554542894, 0.013549893409128821]
[-0.0049026396223639142, -0.004916121353224381, -0.0049063420775153129, -0.0049087366608259082, -0.0049055051350009836, -0.0048988414206096384, -0.0049018734855811666, -0.0049139486932413268, -0.0049115594169473822, -0.0049304577111349904, -0.0049408131233597899, -0.0049093321889859473, -0.0049474088876700489, -0.0049751602224873959, -0.0049949785431751131, -0.0050252289267784661, -0.0050779510922254606, -0.0051492507971861862, -0.0051522357047742301, -0.0051559442327203664, -0.0050433559444382631, -0.005074175886178478, -0.0051955701086573713, -0.005166262673671429, -0.0051756371356382336, -0.0051550184638145258, -0.0051553852381039378, -0.0053302487226328243, -0.0052746663074481892, -0.0051587398936808748, -0.0052296937990848891, -0.0052899299434140401, -0.0059655581159243631, -0.0054574636347638761, -0.0055718488560375368, -0.0055243339839884109, -0.0053796910441058776, -0.0051413015908875481, -0.0049979293965967675, -0.0052981758684932934, -0.0053281001638975645, -0.0067024627362351485, -0.003843858804207928, -0.0057780172203183711, -0.0042292914114407387, -0.0058783179987865752, -0.0059961463468959364, -0.0060506752539239428, -0.0062975309205266505, -0.0054171947949026578]
[-0.0050737573070664503, 0.0026052646722375165, 0.0026763510959119542, 0.0029683956598909492, 0.003476947234439364, 0.0039161835496095837, 0.0042262997823439476, 0.0045126970802162603, 0.0048692392605882047, 0.005209559578664251, 0.0054280411131784612, 0.0056552768145221866, 0.0058363999052484655, 0.0060564235636952485, 0.0063224417997798862, 0.0066240969922642182, 0.0067252638719315361, 0.0068970155636973174, 0.007503474696219356, 0.0079420939576289595, 0.0082596767939192017, 0.0081459388985300196, 0.0085879477803069149, 0.0086644589258753624, 0.0084295867326826257, 0.0086633483217315732, 0.0088274869611821571, 0.0090183440585533403, 0.0090256187550719902, 0.0089135835085060733, 0.0094496364765124796, 0.011344873653529958, 0.011791050489963067, 0.01160457578205612, 0.009934365120981753, 0.013684752371734499, 0.013667409730833829, 0.0093131894957186323, 0.015409026858974773, 0.017962933363113109, 0.016765101236576763, 0.010078006420236429, 0.0063541137404050096, 0.047915156218323818, 0.01677169854601479, 0.027656880537658302, 0.0085528070628751451, 0.0066264082493247556, 0.0086967569376509291, 0.010824189251777916]
[-0.0050222097898841795, -0.0050455537092437787, -0.0050465454845703885, -0.0050452480434184845, -0.0050387550953753246, -0.0050219043251476803, -0.0050153068819982563, -0.0049980609239248172, -0.0050056272034342264, -0.0049627048473645172, -0.0049565966829094657, -0.0049487344881289572, -0.0049531618119123891, -0.0049684328674256817, -0.0049978890678778476, -0.0049806452358214237, -0.0049683510481558085, -0.0049811728805984196, -0.0049815087452195761, -0.0050260611132141725, -0.0050214021594306296, -0.005057426073657445, -0.0049984325218617176, -0.00508339904058841, -0.0051940694258539033, -0.0052173201009484416, -0.0052062894835089024, -0.0052041173107847116, -0.0052266268022503615, -0.0052548192182267639, -0.0052454439327175584, -0.0051610159280841283, -0.0051557601328436065, -0.0053239862635654778, -0.0053213720132830322, -0.0053916304814212446, -0.005312191916976905, -0.0051644243689336067, -0.0048844142231662113, -0.0045677973657846926, -0.0051826005759530169, -0.0052009547835725756, -0.0053383148112649548, -0.0053465491533089826, -0.0052092157341257217, -0.0054048333066541443, -0.005138695635587609, -0.0053311144043711456, -0.0053566431293832484, -0.0054395990645199066]
[0.002217620357144132, 0.0054660948470217543, 0.0073106182603439734, 0.009034320581211893, 0.010158874446169339, 0.011596258621677541, 0.012350019609720916, 0.013240035756284102, 0.01447280260630425, 0.015701389835205179, 0.016461137990477867, 0.016060527231657032, 0.016536878955664858, 0.018683963117226671, 0.018527176742474338, 0.022585949797971266, 0.028745334949797363, 0.02313356283287385, 0.020171836675311861, 0.020158590252829123, 0.020957090503766096, 0.021531271803451379, 0.020574250474191424, 0.021457971758565952, 0.023249354921970888, 0.02458130760236138, 0.017786865311947675, 0.0044107179390464601, 0.017617914383261657, 0.022041533114248391, 0.016977866022999, 0.016027333116523046, 0.015968894988442228, 0.019371404921410762, 0.018145697594114663, 0.019196442995878304, 0.016217866841564788, 0.015061361253778216, 0.015236231795037858, 0.014411836723175586, 0.014106652007504272, 0.014305553008770455, 0.013185641275517135, 0.01248161475600762, 0.013646085723909573, 0.01472034979697967, 0.014838075178804533, 0.013622885369372062, 0.013879178346393961, 0.013234235671960692]
[-0.0048996568032149386, -0.0048671684958683367, -0.0048563920171803276, -0.0048374752495241209, -0.0048690435675171236, -0.0048528290371865623, -0.0048373242486698699, -0.0048154861872114138, -0.0047508381819326706, -0.0047786244534636368, -0.0048538328938828659, -0.0049828575521304944, -0.0047231780654797551, -0.004828814451470001, -0.005063007076406334, -0.0046905736291175532, -0.0050651124931356262, -0.005166380646967686, -0.0052767010144366688, -0.0053934825480575488, -0.0051684122813766553, -0.0052814449660496116, -0.0052892865233833408, -0.0054178998537327411, -0.0051597223915545165, -0.0043521737306179836, -0.0046561969847975782, -0.0057476217389725304, -0.0057924705168422852, -0.0071082704200267632, -0.0053725362301949575, -0.0052158171629566874, -0.0048012256972479739, -0.0046210992553522567, -0.0057579986192277111, -0.0032665873599559969, -0.0060985557181297279, -0.0060700396171675941, -0.0060552207460609908, -0.0060194489092376124, -0.0060233106367735545, -0.0061581399273965276, -0.0060615917803843455, -0.0059082105461015777, -0.0062327901747649961, -0.0062633988143001584, -0.0066094605888236402, -0.0067617770127870735, -0.0067770407728040549, -0.0072205307726377344]
[0.00068375864358110998, 0.0037892855235394105, 0.0050741575242231355, 0.0060595654265200253, 0.0070312981832281567, 0.0080676430889959211, 0.0088965142050006982, 0.0094259737912217659, 0.010166125394988942, 0.01078925431347983, 0.011337514524317138, 0.012013574695084003, 0.012189384974199996, 0.012657822340601685, 0.012601275050009561, 0.014262500326862521, 0.0158789557063925, 0.017239318739404291, 0.018019435140634699, 0.01850081864872985, 0.017700836101892076, 0.015729872279830887, 0.029022849729914341, 0.015705637752551904, 0.017215768644239626, 0.017512726210748231, 0.017220959347760301, 0.017359113832541073, 0.015269938409821826, 0.017441685166320609, 0.018815354664166173, 0.020718270774423952, 0.017628194437075251, 0.022420269233363599, 0.021079680546633561, 0.013568815106762555, 0.014624080489695213, 0.016122273231445994, 0.018872831159355452, 0.020234666220305786, 0.015895387735329392, 0.015552338942380506, 0.016000000814315407, 0.01660285305244158, 0.014390108058063511, 0.01427277605115651, 0.014465364901700029, 0.014080044717700191, 0.014213861777902292, 0.013056094009652908]
[-0.0049084606881431223, -0.0048975455949846133, -0.004883360222540354, -0.0048761080366974685, -0.0048737847823692483, -0.004881033071483673, -0.0048683078450571446, -0.0049070702331109189, -0.0049372609854384936, -0.004916358283025786, -0.0049146459967635836, -0.004952443695522897, -0.0049839504942872787, -0.0049636227349830614, -0.0050182469698308446, -0.0049090838460104369, -0.0047443371216919772, -0.0048991911492140688, -0.0049136768382142954, -0.0050266817703826516, -0.0050917570462392509, -0.0049329820619268133, -0.0056427386899514237, -0.0055024166496129845, -0.0052217167083576238, -0.0052081826385043384, -0.0052561390892887916, -0.005315127952972537, -0.0052175490272727276, -0.0051349113529912671, -0.0052880788421986458, -0.0053289801000066528, -0.0053744765660219684, -0.0053197221217732849, -0.0055836154334920618, -0.0059823533280725649, -0.0052072676058433076, -0.0049333593234743289, -0.0052659171821278772, -0.0060599092702417756, -0.0059345305209329291, -0.0056262118083024171, -0.0051349897367249653, -0.0052555747222999272, -0.0054160327580861645, -0.0052705221304439331, -0.0053452300939056119, -0.0055139342728539598, -0.0054985290916095553, -0.0042945226547387305]
[-0.001266225329775471, 0.0026387276934771459, 0.0034769129429025334, 0.0041552523304474055, 0.0048383692603576282, 0.0054170143965786375, 0.0058254817228241933, 0.0063884992802198531, 0.0068121368183565317, 0.0074775191477067099, 0.008025873900241523, 0.0083348593902063881, 0.0088796226698553068, 0.0091320887333545958, 0.0093958441464043196, 0.0098629989325880046, 0.010010021955481729, 0.010171761780455604, 0.0098964690853860504, 0.010086743396208964, 0.010815107071715124, 0.011744878812958687, 0.011697592335148749, 0.012130748479544179, 0.013225133917218274, 0.015401532519507544, 0.010911053471877374, 0.021802798517282757, 0.015979907181737391, 0.016053067206590832, 0.015891153731257157, 0.015264842619728158, 0.025216300251704848, 0.011896185177904639, 0.01475162160525878, 0.016870937253159413, 0.015759905712033728, 0.01778504754416782, 0.028196494907395953, 0.013326008421109647, 0.017251121804301717, 0.02295384460350286, 0.015308236333648195, 0.015165549026347924, 0.015300448682081247, 0.014358514603595829, 0.013025326833178363, 0.013431950418393956, 0.013834639554542894, 0.013549893409128821]
[-0.0049026396223639142, -0.004916121353224381, -0.0049063420775153129, -0.0049087366608259082, -0.0049055051350009836, -0.0048988414206096384, -0.0049018734855811666, -0.0049139486932413268, -0.0049115594169473822, -0.0049304577111349904, -0.0049408131233597899, -0.0049093321889859473, -0.0049474088876700489, -0.0049751602224873959, -0.0049949785431751131, -0.0050252289267784661, -0.0050779510922254606, -0.0051492507971861862, -0.0051522357047742301, -0.0051559442327203664, -0.0050433559444382631, -0.005074175886178478, -0.0051955701086573713, -0.005166262673671429, -0.0051756371356382336, -0.0051550184638145258, -0.0051553852381039378, -0.0053302487226328243, -0.0052746663074481892, -0.0051587398936808748, -0.0052296937990848891, -0.0052899299434140401, -0.0059655581159243631, -0.0054574636347638761, -0.0055718488560375368, -0.0055243339839884109, -0.0053796910441058776, -0.0051413015908875481, -0.0049979293965967675, -0.0052981758684932934, -0.0053281001638975645, -0.0067024627362351485, -0.003843858804207928, -0.0057780172203183711, -0.0042292914114407387, -0.0058783179987865752, -0.0059961463468959364, -0.0060506752539239428, -0.0062975309205266505, -0.0054171947949026578]
[-0.0050737573070664503, 0.0026052646722375165, 0.0026763510959119542, 0.0029683956598909492, 0.003476947234439364, 0.0039161835496095837, 0.0042262997823439476, 0.0045126970802162603, 0.0048692392605882047, 0.005209559578664251, 0.0054280411131784612, 0.0056552768145221866, 0.0058363999052484655, 0.0060564235636952485, 0.0063224417997798862, 0.0066240969922642182, 0.0067252638719315361, 0.0068970155636973174, 0.007503474696219356, 0.0079420939576289595, 0.0082596767939192017, 0.0081459388985300196, 0.0085879477803069149, 0.0086644589258753624, 0.0084295867326826257, 0.0086633483217315732, 0.0088274869611821571, 0.0090183440585533403, 0.0090256187550719902, 0.0089135835085060733, 0.0094496364765124796, 0.011344873653529958, 0.011791050489963067, 0.01160457578205612, 0.009934365120981753, 0.013684752371734499, 0.013667409730833829, 0.0093131894957186323, 0.015409026858974773, 0.017962933363113109, 0.016765101236576763, 0.010078006420236429, 0.0063541137404050096, 0.047915156218323818, 0.01677169854601479, 0.027656880537658302, 0.0085528070628751451, 0.0066264082493247556, 0.0086967569376509291, 0.010824189251777916]
[-0.0050222097898841795, -0.0050455537092437787, -0.0050465454845703885, -0.0050452480434184845, -0.0050387550953753246, -0.0050219043251476803, -0.0050153068819982563, -0.0049980609239248172, -0.0050056272034342264, -0.0049627048473645172, -0.0049565966829094657, -0.0049487344881289572, -0.0049531618119123891, -0.0049684328674256817, -0.0049978890678778476, -0.0049806452358214237, -0.0049683510481558085, -0.0049811728805984196, -0.0049815087452195761, -0.0050260611132141725, -0.0050214021594306296, -0.005057426073657445, -0.0049984325218617176, -0.00508339904058841, -0.0051940694258539033, -0.0052173201009484416, -0.0052062894835089024, -0.0052041173107847116, -0.0052266268022503615, -0.0052548192182267639, -0.0052454439327175584, -0.0051610159280841283, -0.0051557601328436065, -0.0053239862635654778, -0.0053213720132830322, -0.0053916304814212446, -0.005312191916976905, -0.0051644243689336067, -0.0048844142231662113, -0.0045677973657846926, -0.0051826005759530169, -0.0052009547835725756, -0.0053383148112649548, -0.0053465491533089826, -0.0052092157341257217, -0.0054048333066541443, -0.005138695635587609, -0.0053311144043711456, -0.0053566431293832484, -0.0054395990645199066]
[0.002217620357144132, 0.0054660948470217543, 0.0073106182603439734, 0.009034320581211893, 0.010158874446169339, 0.011596258621677541, 0.012350019609720916, 0.013240035756284102, 0.01447280260630425, 0.015701389835205179, 0.016461137990477867, 0.016060527231657032, 0.016536878955664858, 0.018683963117226671, 0.018527176742474338, 0.022585949797971266, 0.028745334949797363, 0.02313356283287385, 0.020171836675311861, 0.020158590252829123, 0.020957090503766096, 0.021531271803451379, 0.020574250474191424, 0.021457971758565952, 0.023249354921970888, 0.02458130760236138, 0.017786865311947675, 0.0044107179390464601, 0.017617914383261657, 0.022041533114248391, 0.016977866022999, 0.016027333116523046, 0.015968894988442228, 0.019371404921410762, 0.018145697594114663, 0.019196442995878304, 0.016217866841564788, 0.015061361253778216, 0.015236231795037858, 0.014411836723175586, 0.014106652007504272, 0.014305553008770455, 0.013185641275517135, 0.01248161475600762, 0.013646085723909573, 0.01472034979697967, 0.014838075178804533, 0.013622885369372062, 0.013879178346393961, 0.013234235671960692]
[-0.0048996568032149386, -0.0048671684958683367, -0.0048563920171803276, -0.0048374752495241209, -0.0048690435675171236, -0.0048528290371865623, -0.0048373242486698699, -0.0048154861872114138, -0.0047508381819326706, -0.0047786244534636368, -0.0048538328938828659, -0.0049828575521304944, -0.0047231780654797551, -0.004828814451470001, -0.005063007076406334, -0.0046905736291175532, -0.0050651124931356262, -0.005166380646967686, -0.0052767010144366688, -0.0053934825480575488, -0.0051684122813766553, -0.0052814449660496116, -0.0052892865233833408, -0.0054178998537327411, -0.0051597223915545165, -0.0043521737306179836, -0.0046561969847975782, -0.0057476217389725304, -0.0057924705168422852, -0.0071082704200267632, -0.0053725362301949575, -0.0052158171629566874, -0.0048012256972479739, -0.0046210992553522567, -0.0057579986192277111, -0.0032665873599559969, -0.0060985557181297279, -0.0060700396171675941, -0.0060552207460609908, -0.0060194489092376124, -0.0060233106367735545, -0.0061581399273965276, -0.0060615917803843455, -0.0059082105461015777, -0.0062327901747649961, -0.0062633988143001584, -0.0066094605888236402, -0.0067617770127870735, -0.0067770407728040549, -0.0072205307726377344]
[0.00068375864358110998, 0.0037892855235394105, 0.0050741575242231355, 0.0060595654265200253, 0.0070312981832281567, 0.0080676430889959211, 0.0088965142050006982, 0.0094259737912217659, 0.010166125394988942, 0.01078925431347983, 0.011337514524317138, 0.012013574695084003, 0.012189384974199996, 0.012657822340601685, 0.012601275050009561, 0.014262500326862521, 0.0158789557063925, 0.017239318739404291, 0.018019435140634699, 0.01850081864872985, 0.017700836101892076, 0.015729872279830887, 0.029022849729914341, 0.015705637752551904, 0.017215768644239626, 0.017512726210748231, 0.017220959347760301, 0.017359113832541073, 0.015269938409821826, 0.017441685166320609, 0.018815354664166173, 0.020718270774423952, 0.017628194437075251, 0.022420269233363599, 0.021079680546633561, 0.013568815106762555, 0.014624080489695213, 0.016122273231445994, 0.018872831159355452, 0.020234666220305786, 0.015895387735329392, 0.015552338942380506, 0.016000000814315407, 0.01660285305244158, 0.014390108058063511, 0.01427277605115651, 0.014465364901700029, 0.014080044717700191, 0.014213861777902292, 0.013056094009652908]
[-0.0049084606881431223, -0.0048975455949846133, -0.004883360222540354, -0.0048761080366974685, -0.0048737847823692483, -0.004881033071483673, -0.0048683078450571446, -0.0049070702331109189, -0.0049372609854384936, -0.004916358283025786, -0.0049146459967635836, -0.004952443695522897, -0.0049839504942872787, -0.0049636227349830614, -0.0050182469698308446, -0.0049090838460104369, -0.0047443371216919772, -0.0048991911492140688, -0.0049136768382142954, -0.0050266817703826516, -0.0050917570462392509, -0.0049329820619268133, -0.0056427386899514237, -0.0055024166496129845, -0.0052217167083576238, -0.0052081826385043384, -0.0052561390892887916, -0.005315127952972537, -0.0052175490272727276, -0.0051349113529912671, -0.0052880788421986458, -0.0053289801000066528, -0.0053744765660219684, -0.0053197221217732849, -0.0055836154334920618, -0.0059823533280725649, -0.0052072676058433076, -0.0049333593234743289, -0.0052659171821278772, -0.0060599092702417756, -0.0059345305209329291, -0.0056262118083024171, -0.0051349897367249653, -0.0052555747222999272, -0.0054160327580861645, -0.0052705221304439331, -0.0053452300939056119, -0.0055139342728539598, -0.0054985290916095553, -0.0042945226547387305]
[-0.001266225329775471, 0.0026387276934771459, 0.0034769129429025334, 0.0041552523304474055, 0.0048383692603576282, 0.0054170143965786375, 0.0058254817228241933, 0.0063884992802198531, 0.0068121368183565317, 0.0074775191477067099, 0.008025873900241523, 0.0083348593902063881, 0.0088796226698553068, 0.0091320887333545958, 0.0093958441464043196, 0.0098629989325880046, 0.010010021955481729, 0.010171761780455604, 0.0098964690853860504, 0.010086743396208964, 0.010815107071715124, 0.011744878812958687, 0.011697592335148749, 0.012130748479544179, 0.013225133917218274, 0.015401532519507544, 0.010911053471877374, 0.021802798517282757, 0.015979907181737391, 0.016053067206590832, 0.015891153731257157, 0.015264842619728158, 0.025216300251704848, 0.011896185177904639, 0.01475162160525878, 0.016870937253159413, 0.015759905712033728, 0.01778504754416782, 0.028196494907395953, 0.013326008421109647, 0.017251121804301717, 0.02295384460350286, 0.015308236333648195, 0.015165549026347924, 0.015300448682081247, 0.014358514603595829, 0.013025326833178363, 0.013431950418393956, 0.013834639554542894, 0.013549893409128821]
[-0.0049026396223639142, -0.004916121353224381, -0.0049063420775153129, -0.0049087366608259082, -0.0049055051350009836, -0.0048988414206096384, -0.0049018734855811666, -0.0049139486932413268, -0.0049115594169473822, -0.0049304577111349904, -0.0049408131233597899, -0.0049093321889859473, -0.0049474088876700489, -0.0049751602224873959, -0.0049949785431751131, -0.0050252289267784661, -0.0050779510922254606, -0.0051492507971861862, -0.0051522357047742301, -0.0051559442327203664, -0.0050433559444382631, -0.005074175886178478, -0.0051955701086573713, -0.005166262673671429, -0.0051756371356382336, -0.0051550184638145258, -0.0051553852381039378, -0.0053302487226328243, -0.0052746663074481892, -0.0051587398936808748, -0.0052296937990848891, -0.0052899299434140401, -0.0059655581159243631, -0.0054574636347638761, -0.0055718488560375368, -0.0055243339839884109, -0.0053796910441058776, -0.0051413015908875481, -0.0049979293965967675, -0.0052981758684932934, -0.0053281001638975645, -0.0067024627362351485, -0.003843858804207928, -0.0057780172203183711, -0.0042292914114407387, -0.0058783179987865752, -0.0059961463468959364, -0.0060506752539239428, -0.0062975309205266505, -0.0054171947949026578]
[-0.0050737573070664503, 0.0026052646722375165, 0.0026763510959119542, 0.0029683956598909492, 0.003476947234439364, 0.0039161835496095837, 0.0042262997823439476, 0.0045126970802162603, 0.0048692392605882047, 0.005209559578664251, 0.0054280411131784612, 0.0056552768145221866, 0.0058363999052484655, 0.0060564235636952485, 0.0063224417997798862, 0.0066240969922642182, 0.0067252638719315361, 0.0068970155636973174, 0.007503474696219356, 0.0079420939576289595, 0.0082596767939192017, 0.0081459388985300196, 0.0085879477803069149, 0.0086644589258753624, 0.0084295867326826257, 0.0086633483217315732, 0.0088274869611821571, 0.0090183440585533403, 0.0090256187550719902, 0.0089135835085060733, 0.0094496364765124796, 0.011344873653529958, 0.011791050489963067, 0.01160457578205612, 0.009934365120981753, 0.013684752371734499, 0.013667409730833829, 0.0093131894957186323, 0.015409026858974773, 0.017962933363113109, 0.016765101236576763, 0.010078006420236429, 0.0063541137404050096, 0.047915156218323818, 0.01677169854601479, 0.027656880537658302, 0.0085528070628751451, 0.0066264082493247556, 0.0086967569376509291, 0.010824189251777916]
[-0.0050222097898841795, -0.0050455537092437787, -0.0050465454845703885, -0.0050452480434184845, -0.0050387550953753246, -0.0050219043251476803, -0.0050153068819982563, -0.0049980609239248172, -0.0050056272034342264, -0.0049627048473645172, -0.0049565966829094657, -0.0049487344881289572, -0.0049531618119123891, -0.0049684328674256817, -0.0049978890678778476, -0.0049806452358214237, -0.0049683510481558085, -0.0049811728805984196, -0.0049815087452195761, -0.0050260611132141725, -0.0050214021594306296, -0.005057426073657445, -0.0049984325218617176, -0.00508339904058841, -0.0051940694258539033, -0.0052173201009484416, -0.0052062894835089024, -0.0052041173107847116, -0.0052266268022503615, -0.0052548192182267639, -0.0052454439327175584, -0.0051610159280841283, -0.0051557601328436065, -0.0053239862635654778, -0.0053213720132830322, -0.0053916304814212446, -0.005312191916976905, -0.0051644243689336067, -0.0048844142231662113, -0.0045677973657846926, -0.0051826005759530169, -0.0052009547835725756, -0.0053383148112649548, -0.0053465491533089826, -0.0052092157341257217, -0.0054048333066541443, -0.005138695635587609, -0.0053311144043711456, -0.0053566431293832484, -0.0054395990645199066]
[0.002217620357144132, 0.0054660948470217543, 0.0073106182603439734, 0.009034320581211893, 0.010158874446169339, 0.011596258621677541, 0.012350019609720916, 0.013240035756284102, 0.01447280260630425, 0.015701389835205179, 0.016461137990477867, 0.016060527231657032, 0.016536878955664858, 0.018683963117226671, 0.018527176742474338, 0.022585949797971266, 0.028745334949797363, 0.02313356283287385, 0.020171836675311861, 0.020158590252829123, 0.020957090503766096, 0.021531271803451379, 0.020574250474191424, 0.021457971758565952, 0.023249354921970888, 0.02458130760236138, 0.017786865311947675, 0.0044107179390464601, 0.017617914383261657, 0.022041533114248391, 0.016977866022999, 0.016027333116523046, 0.015968894988442228, 0.019371404921410762, 0.018145697594114663, 0.019196442995878304, 0.016217866841564788, 0.015061361253778216, 0.015236231795037858, 0.014411836723175586, 0.014106652007504272, 0.014305553008770455, 0.013185641275517135, 0.01248161475600762, 0.013646085723909573, 0.01472034979697967, 0.014838075178804533, 0.013622885369372062, 0.013879178346393961, 0.013234235671960692]
[-0.0048996568032149386, -0.0048671684958683367, -0.0048563920171803276, -0.0048374752495241209, -0.0048690435675171236, -0.0048528290371865623, -0.0048373242486698699, -0.0048154861872114138, -0.0047508381819326706, -0.0047786244534636368, -0.0048538328938828659, -0.0049828575521304944, -0.0047231780654797551, -0.004828814451470001, -0.005063007076406334, -0.0046905736291175532, -0.0050651124931356262, -0.005166380646967686, -0.0052767010144366688, -0.0053934825480575488, -0.0051684122813766553, -0.0052814449660496116, -0.0052892865233833408, -0.0054178998537327411, -0.0051597223915545165, -0.0043521737306179836, -0.0046561969847975782, -0.0057476217389725304, -0.0057924705168422852, -0.0071082704200267632, -0.0053725362301949575, -0.0052158171629566874, -0.0048012256972479739, -0.0046210992553522567, -0.0057579986192277111, -0.0032665873599559969, -0.0060985557181297279, -0.0060700396171675941, -0.0060552207460609908, -0.0060194489092376124, -0.0060233106367735545, -0.0061581399273965276, -0.0060615917803843455, -0.0059082105461015777, -0.0062327901747649961, -0.0062633988143001584, -0.0066094605888236402, -0.0067617770127870735, -0.0067770407728040549, -0.0072205307726377344]
[0.00068375864358110998, 0.0037892855235394105, 0.0050741575242231355, 0.0060595654265200253, 0.0070312981832281567, 0.0080676430889959211, 0.0088965142050006982, 0.0094259737912217659, 0.010166125394988942, 0.01078925431347983, 0.011337514524317138, 0.012013574695084003, 0.012189384974199996, 0.012657822340601685, 0.012601275050009561, 0.014262500326862521, 0.0158789557063925, 0.017239318739404291, 0.018019435140634699, 0.01850081864872985, 0.017700836101892076, 0.015729872279830887, 0.029022849729914341, 0.015705637752551904, 0.017215768644239626, 0.017512726210748231, 0.017220959347760301, 0.017359113832541073, 0.015269938409821826, 0.017441685166320609, 0.018815354664166173, 0.020718270774423952, 0.017628194437075251, 0.022420269233363599, 0.021079680546633561, 0.013568815106762555, 0.014624080489695213, 0.016122273231445994, 0.018872831159355452, 0.020234666220305786, 0.015895387735329392, 0.015552338942380506, 0.016000000814315407, 0.01660285305244158, 0.014390108058063511, 0.01427277605115651, 0.014465364901700029, 0.014080044717700191, 0.014213861777902292, 0.013056094009652908]
[-0.0049084606881431223, -0.0048975455949846133, -0.004883360222540354, -0.0048761080366974685, -0.0048737847823692483, -0.004881033071483673, -0.0048683078450571446, -0.0049070702331109189, -0.0049372609854384936, -0.004916358283025786, -0.0049146459967635836, -0.004952443695522897, -0.0049839504942872787, -0.0049636227349830614, -0.0050182469698308446, -0.0049090838460104369, -0.0047443371216919772, -0.0048991911492140688, -0.0049136768382142954, -0.0050266817703826516, -0.0050917570462392509, -0.0049329820619268133, -0.0056427386899514237, -0.0055024166496129845, -0.0052217167083576238, -0.0052081826385043384, -0.0052561390892887916, -0.005315127952972537, -0.0052175490272727276, -0.0051349113529912671, -0.0052880788421986458, -0.0053289801000066528, -0.0053744765660219684, -0.0053197221217732849, -0.0055836154334920618, -0.0059823533280725649, -0.0052072676058433076, -0.0049333593234743289, -0.0052659171821278772, -0.0060599092702417756, -0.0059345305209329291, -0.0056262118083024171, -0.0051349897367249653, -0.0052555747222999272, -0.0054160327580861645, -0.0052705221304439331, -0.0053452300939056119, -0.0055139342728539598, -0.0054985290916095553, -0.0042945226547387305]
[-0.001266225329775471, 0.0026387276934771459, 0.0034769129429025334, 0.0041552523304474055, 0.0048383692603576282, 0.0054170143965786375, 0.0058254817228241933, 0.0063884992802198531, 0.0068121368183565317, 0.0074775191477067099, 0.008025873900241523, 0.0083348593902063881, 0.0088796226698553068, 0.0091320887333545958, 0.0093958441464043196, 0.0098629989325880046, 0.010010021955481729, 0.010171761780455604, 0.0098964690853860504, 0.010086743396208964, 0.010815107071715124, 0.011744878812958687, 0.011697592335148749, 0.012130748479544179, 0.013225133917218274, 0.015401532519507544, 0.010911053471877374, 0.021802798517282757, 0.015979907181737391, 0.016053067206590832, 0.015891153731257157, 0.015264842619728158, 0.025216300251704848, 0.011896185177904639, 0.01475162160525878, 0.016870937253159413, 0.015759905712033728, 0.01778504754416782, 0.028196494907395953, 0.013326008421109647, 0.017251121804301717, 0.02295384460350286, 0.015308236333648195, 0.015165549026347924, 0.015300448682081247, 0.014358514603595829, 0.013025326833178363, 0.013431950418393956, 0.013834639554542894, 0.013549893409128821]
[-0.0049026396223639142, -0.004916121353224381, -0.0049063420775153129, -0.0049087366608259082, -0.0049055051350009836, -0.0048988414206096384, -0.0049018734855811666, -0.0049139486932413268, -0.0049115594169473822, -0.0049304577111349904, -0.0049408131233597899, -0.0049093321889859473, -0.0049474088876700489, -0.0049751602224873959, -0.0049949785431751131, -0.0050252289267784661, -0.0050779510922254606, -0.0051492507971861862, -0.0051522357047742301, -0.0051559442327203664, -0.0050433559444382631, -0.005074175886178478, -0.0051955701086573713, -0.005166262673671429, -0.0051756371356382336, -0.0051550184638145258, -0.0051553852381039378, -0.0053302487226328243, -0.0052746663074481892, -0.0051587398936808748, -0.0052296937990848891, -0.0052899299434140401, -0.0059655581159243631, -0.0054574636347638761, -0.0055718488560375368, -0.0055243339839884109, -0.0053796910441058776, -0.0051413015908875481, -0.0049979293965967675, -0.0052981758684932934, -0.0053281001638975645, -0.0067024627362351485, -0.003843858804207928, -0.0057780172203183711, -0.0042292914114407387, -0.0058783179987865752, -0.0059961463468959364, -0.0060506752539239428, -0.0062975309205266505, -0.0054171947949026578]
[-0.0050737573070664503, 0.0026052646722375165, 0.0026763510959119542, 0.0029683956598909492, 0.003476947234439364, 0.0039161835496095837, 0.0042262997823439476, 0.0045126970802162603, 0.0048692392605882047, 0.005209559578664251, 0.0054280411131784612, 0.0056552768145221866, 0.0058363999052484655, 0.0060564235636952485, 0.0063224417997798862, 0.0066240969922642182, 0.0067252638719315361, 0.0068970155636973174, 0.007503474696219356, 0.0079420939576289595, 0.0082596767939192017, 0.0081459388985300196, 0.0085879477803069149, 0.0086644589258753624, 0.0084295867326826257, 0.0086633483217315732, 0.0088274869611821571, 0.0090183440585533403, 0.0090256187550719902, 0.0089135835085060733, 0.0094496364765124796, 0.011344873653529958, 0.011791050489963067, 0.01160457578205612, 0.009934365120981753, 0.013684752371734499, 0.013667409730833829, 0.0093131894957186323, 0.015409026858974773, 0.017962933363113109, 0.016765101236576763, 0.010078006420236429, 0.0063541137404050096, 0.047915156218323818, 0.01677169854601479, 0.027656880537658302, 0.0085528070628751451, 0.0066264082493247556, 0.0086967569376509291, 0.010824189251777916]
[-0.0050222097898841795, -0.0050455537092437787, -0.0050465454845703885, -0.0050452480434184845, -0.0050387550953753246, -0.0050219043251476803, -0.0050153068819982563, -0.0049980609239248172, -0.0050056272034342264, -0.0049627048473645172, -0.0049565966829094657, -0.0049487344881289572, -0.0049531618119123891, -0.0049684328674256817, -0.0049978890678778476, -0.0049806452358214237, -0.0049683510481558085, -0.0049811728805984196, -0.0049815087452195761, -0.0050260611132141725, -0.0050214021594306296, -0.005057426073657445, -0.0049984325218617176, -0.00508339904058841, -0.0051940694258539033, -0.0052173201009484416, -0.0052062894835089024, -0.0052041173107847116, -0.0052266268022503615, -0.0052548192182267639, -0.0052454439327175584, -0.0051610159280841283, -0.0051557601328436065, -0.0053239862635654778, -0.0053213720132830322, -0.0053916304814212446, -0.005312191916976905, -0.0051644243689336067, -0.0048844142231662113, -0.0045677973657846926, -0.0051826005759530169, -0.0052009547835725756, -0.0053383148112649548, -0.0053465491533089826, -0.0052092157341257217, -0.0054048333066541443, -0.005138695635587609, -0.0053311144043711456, -0.0053566431293832484, -0.0054395990645199066]
[0.002217620357144132, 0.0054660948470217543, 0.0073106182603439734, 0.009034320581211893, 0.010158874446169339, 0.011596258621677541, 0.012350019609720916, 0.013240035756284102, 0.01447280260630425, 0.015701389835205179, 0.016461137990477867, 0.016060527231657032, 0.016536878955664858, 0.018683963117226671, 0.018527176742474338, 0.022585949797971266, 0.028745334949797363, 0.02313356283287385, 0.020171836675311861, 0.020158590252829123, 0.020957090503766096, 0.021531271803451379, 0.020574250474191424, 0.021457971758565952, 0.023249354921970888, 0.02458130760236138, 0.017786865311947675, 0.0044107179390464601, 0.017617914383261657, 0.022041533114248391, 0.016977866022999, 0.016027333116523046, 0.015968894988442228, 0.019371404921410762, 0.018145697594114663, 0.019196442995878304, 0.016217866841564788, 0.015061361253778216, 0.015236231795037858, 0.014411836723175586, 0.014106652007504272, 0.014305553008770455, 0.013185641275517135, 0.01248161475600762, 0.013646085723909573, 0.01472034979697967, 0.014838075178804533, 0.013622885369372062, 0.013879178346393961, 0.013234235671960692]
[-0.0048996568032149386, -0.0048671684958683367, -0.0048563920171803276, -0.0048374752495241209, -0.0048690435675171236, -0.0048528290371865623, -0.0048373242486698699, -0.0048154861872114138, -0.0047508381819326706, -0.0047786244534636368, -0.0048538328938828659, -0.0049828575521304944, -0.0047231780654797551, -0.004828814451470001, -0.005063007076406334, -0.0046905736291175532, -0.0050651124931356262, -0.005166380646967686, -0.0052767010144366688, -0.0053934825480575488, -0.0051684122813766553, -0.0052814449660496116, -0.0052892865233833408, -0.0054178998537327411, -0.0051597223915545165, -0.0043521737306179836, -0.0046561969847975782, -0.0057476217389725304, -0.0057924705168422852, -0.0071082704200267632, -0.0053725362301949575, -0.0052158171629566874, -0.0048012256972479739, -0.0046210992553522567, -0.0057579986192277111, -0.0032665873599559969, -0.0060985557181297279, -0.0060700396171675941, -0.0060552207460609908, -0.0060194489092376124, -0.0060233106367735545, -0.0061581399273965276, -0.0060615917803843455, -0.0059082105461015777, -0.0062327901747649961, -0.0062633988143001584, -0.0066094605888236402, -0.0067617770127870735, -0.0067770407728040549, -0.0072205307726377344]
[0.00068375864358110998, 0.0037892855235394105, 0.0050741575242231355, 0.0060595654265200253, 0.0070312981832281567, 0.0080676430889959211, 0.0088965142050006982, 0.0094259737912217659, 0.010166125394988942, 0.01078925431347983, 0.011337514524317138, 0.012013574695084003, 0.012189384974199996, 0.012657822340601685, 0.012601275050009561, 0.014262500326862521, 0.0158789557063925, 0.017239318739404291, 0.018019435140634699, 0.01850081864872985, 0.017700836101892076, 0.015729872279830887, 0.029022849729914341, 0.015705637752551904, 0.017215768644239626, 0.017512726210748231, 0.017220959347760301, 0.017359113832541073, 0.015269938409821826, 0.017441685166320609, 0.018815354664166173, 0.020718270774423952, 0.017628194437075251, 0.022420269233363599, 0.021079680546633561, 0.013568815106762555, 0.014624080489695213, 0.016122273231445994, 0.018872831159355452, 0.020234666220305786, 0.015895387735329392, 0.015552338942380506, 0.016000000814315407, 0.01660285305244158, 0.014390108058063511, 0.01427277605115651, 0.014465364901700029, 0.014080044717700191, 0.014213861777902292, 0.013056094009652908]
[-0.0049084606881431223, -0.0048975455949846133, -0.004883360222540354, -0.0048761080366974685, -0.0048737847823692483, -0.004881033071483673, -0.0048683078450571446, -0.0049070702331109189, -0.0049372609854384936, -0.004916358283025786, -0.0049146459967635836, -0.004952443695522897, -0.0049839504942872787, -0.0049636227349830614, -0.0050182469698308446, -0.0049090838460104369, -0.0047443371216919772, -0.0048991911492140688, -0.0049136768382142954, -0.0050266817703826516, -0.0050917570462392509, -0.0049329820619268133, -0.0056427386899514237, -0.0055024166496129845, -0.0052217167083576238, -0.0052081826385043384, -0.0052561390892887916, -0.005315127952972537, -0.0052175490272727276, -0.0051349113529912671, -0.0052880788421986458, -0.0053289801000066528, -0.0053744765660219684, -0.0053197221217732849, -0.0055836154334920618, -0.0059823533280725649, -0.0052072676058433076, -0.0049333593234743289, -0.0052659171821278772, -0.0060599092702417756, -0.0059345305209329291, -0.0056262118083024171, -0.0051349897367249653, -0.0052555747222999272, -0.0054160327580861645, -0.0052705221304439331, -0.0053452300939056119, -0.0055139342728539598, -0.0054985290916095553, -0.0042945226547387305]
[-0.001266225329775471, 0.0026387276934771459, 0.0034769129429025334, 0.0041552523304474055, 0.0048383692603576282, 0.0054170143965786375, 0.0058254817228241933, 0.0063884992802198531, 0.0068121368183565317, 0.0074775191477067099, 0.008025873900241523, 0.0083348593902063881, 0.0088796226698553068, 0.0091320887333545958, 0.0093958441464043196, 0.0098629989325880046, 0.010010021955481729, 0.010171761780455604, 0.0098964690853860504, 0.010086743396208964, 0.010815107071715124, 0.011744878812958687, 0.011697592335148749, 0.012130748479544179, 0.013225133917218274, 0.015401532519507544, 0.010911053471877374, 0.021802798517282757, 0.015979907181737391, 0.016053067206590832, 0.015891153731257157, 0.015264842619728158, 0.025216300251704848, 0.011896185177904639, 0.01475162160525878, 0.016870937253159413, 0.015759905712033728, 0.01778504754416782, 0.028196494907395953, 0.013326008421109647, 0.017251121804301717, 0.02295384460350286, 0.015308236333648195, 0.015165549026347924, 0.015300448682081247, 0.014358514603595829, 0.013025326833178363, 0.013431950418393956, 0.013834639554542894, 0.013549893409128821]
[-0.0049026396223639142, -0.004916121353224381, -0.0049063420775153129, -0.0049087366608259082, -0.0049055051350009836, -0.0048988414206096384, -0.0049018734855811666, -0.0049139486932413268, -0.0049115594169473822, -0.0049304577111349904, -0.0049408131233597899, -0.0049093321889859473, -0.0049474088876700489, -0.0049751602224873959, -0.0049949785431751131, -0.0050252289267784661, -0.0050779510922254606, -0.0051492507971861862, -0.0051522357047742301, -0.0051559442327203664, -0.0050433559444382631, -0.005074175886178478, -0.0051955701086573713, -0.005166262673671429, -0.0051756371356382336, -0.0051550184638145258, -0.0051553852381039378, -0.0053302487226328243, -0.0052746663074481892, -0.0051587398936808748, -0.0052296937990848891, -0.0052899299434140401, -0.0059655581159243631, -0.0054574636347638761, -0.0055718488560375368, -0.0055243339839884109, -0.0053796910441058776, -0.0051413015908875481, -0.0049979293965967675, -0.0052981758684932934, -0.0053281001638975645, -0.0067024627362351485, -0.003843858804207928, -0.0057780172203183711, -0.0042292914114407387, -0.0058783179987865752, -0.0059961463468959364, -0.0060506752539239428, -0.0062975309205266505, -0.0054171947949026578]
[-0.0050737573070664503, 0.0026052646722375165, 0.0026763510959119542, 0.0029683956598909492, 0.003476947234439364, 0.0039161835496095837, 0.0042262997823439476, 0.0045126970802162603, 0.0048692392605882047, 0.005209559578664251, 0.0054280411131784612, 0.0056552768145221866, 0.0058363999052484655, 0.0060564235636952485, 0.0063224417997798862, 0.0066240969922642182, 0.0067252638719315361, 0.0068970155636973174, 0.007503474696219356, 0.0079420939576289595, 0.0082596767939192017, 0.0081459388985300196, 0.0085879477803069149, 0.0086644589258753624, 0.0084295867326826257, 0.0086633483217315732, 0.0088274869611821571, 0.0090183440585533403, 0.0090256187550719902, 0.0089135835085060733, 0.0094496364765124796, 0.011344873653529958, 0.011791050489963067, 0.01160457578205612, 0.009934365120981753, 0.013684752371734499, 0.013667409730833829, 0.0093131894957186323, 0.015409026858974773, 0.017962933363113109, 0.016765101236576763, 0.010078006420236429, 0.0063541137404050096, 0.047915156218323818, 0.01677169854601479, 0.027656880537658302, 0.0085528070628751451, 0.0066264082493247556, 0.0086967569376509291, 0.010824189251777916]
[-0.0050222097898841795, -0.0050455537092437787, -0.0050465454845703885, -0.0050452480434184845, -0.0050387550953753246, -0.0050219043251476803, -0.0050153068819982563, -0.0049980609239248172, -0.0050056272034342264, -0.0049627048473645172, -0.0049565966829094657, -0.0049487344881289572, -0.0049531618119123891, -0.0049684328674256817, -0.0049978890678778476, -0.0049806452358214237, -0.0049683510481558085, -0.0049811728805984196, -0.0049815087452195761, -0.0050260611132141725, -0.0050214021594306296, -0.005057426073657445, -0.0049984325218617176, -0.00508339904058841, -0.0051940694258539033, -0.0052173201009484416, -0.0052062894835089024, -0.0052041173107847116, -0.0052266268022503615, -0.0052548192182267639, -0.0052454439327175584, -0.0051610159280841283, -0.0051557601328436065, -0.0053239862635654778, -0.0053213720132830322, -0.0053916304814212446, -0.005312191916976905, -0.0051644243689336067, -0.0048844142231662113, -0.0045677973657846926, -0.0051826005759530169, -0.0052009547835725756, -0.0053383148112649548, -0.0053465491533089826, -0.0052092157341257217, -0.0054048333066541443, -0.005138695635587609, -0.0053311144043711456, -0.0053566431293832484, -0.0054395990645199066]
[0.002217620357144132, 0.0054660948470217543, 0.0073106182603439734, 0.009034320581211893, 0.010158874446169339, 0.011596258621677541, 0.012350019609720916, 0.013240035756284102, 0.01447280260630425, 0.015701389835205179, 0.016461137990477867, 0.016060527231657032, 0.016536878955664858, 0.018683963117226671, 0.018527176742474338, 0.022585949797971266, 0.028745334949797363, 0.02313356283287385, 0.020171836675311861, 0.020158590252829123, 0.020957090503766096, 0.021531271803451379, 0.020574250474191424, 0.021457971758565952, 0.023249354921970888, 0.02458130760236138, 0.017786865311947675, 0.0044107179390464601, 0.017617914383261657, 0.022041533114248391, 0.016977866022999, 0.016027333116523046, 0.015968894988442228, 0.019371404921410762, 0.018145697594114663, 0.019196442995878304, 0.016217866841564788, 0.015061361253778216, 0.015236231795037858, 0.014411836723175586, 0.014106652007504272, 0.014305553008770455, 0.013185641275517135, 0.01248161475600762, 0.013646085723909573, 0.01472034979697967, 0.014838075178804533, 0.013622885369372062, 0.013879178346393961, 0.013234235671960692]
[-0.0048996568032149386, -0.0048671684958683367, -0.0048563920171803276, -0.0048374752495241209, -0.0048690435675171236, -0.0048528290371865623, -0.0048373242486698699, -0.0048154861872114138, -0.0047508381819326706, -0.0047786244534636368, -0.0048538328938828659, -0.0049828575521304944, -0.0047231780654797551, -0.004828814451470001, -0.005063007076406334, -0.0046905736291175532, -0.0050651124931356262, -0.005166380646967686, -0.0052767010144366688, -0.0053934825480575488, -0.0051684122813766553, -0.0052814449660496116, -0.0052892865233833408, -0.0054178998537327411, -0.0051597223915545165, -0.0043521737306179836, -0.0046561969847975782, -0.0057476217389725304, -0.0057924705168422852, -0.0071082704200267632, -0.0053725362301949575, -0.0052158171629566874, -0.0048012256972479739, -0.0046210992553522567, -0.0057579986192277111, -0.0032665873599559969, -0.0060985557181297279, -0.0060700396171675941, -0.0060552207460609908, -0.0060194489092376124, -0.0060233106367735545, -0.0061581399273965276, -0.0060615917803843455, -0.0059082105461015777, -0.0062327901747649961, -0.0062633988143001584, -0.0066094605888236402, -0.0067617770127870735, -0.0067770407728040549, -0.0072205307726377344]
[0.00068375864358110998, 0.0037892855235394105, 0.0050741575242231355, 0.0060595654265200253, 0.0070312981832281567, 0.0080676430889959211, 0.0088965142050006982, 0.0094259737912217659, 0.010166125394988942, 0.01078925431347983, 0.011337514524317138, 0.012013574695084003, 0.012189384974199996, 0.012657822340601685, 0.012601275050009561, 0.014262500326862521, 0.0158789557063925, 0.017239318739404291, 0.018019435140634699, 0.01850081864872985, 0.017700836101892076, 0.015729872279830887, 0.029022849729914341, 0.015705637752551904, 0.017215768644239626, 0.017512726210748231, 0.017220959347760301, 0.017359113832541073, 0.015269938409821826, 0.017441685166320609, 0.018815354664166173, 0.020718270774423952, 0.017628194437075251, 0.022420269233363599, 0.021079680546633561, 0.013568815106762555, 0.014624080489695213, 0.016122273231445994, 0.018872831159355452, 0.020234666220305786, 0.015895387735329392, 0.015552338942380506, 0.016000000814315407, 0.01660285305244158, 0.014390108058063511, 0.01427277605115651, 0.014465364901700029, 0.014080044717700191, 0.014213861777902292, 0.013056094009652908]
[-0.0049084606881431223, -0.0048975455949846133, -0.004883360222540354, -0.0048761080366974685, -0.0048737847823692483, -0.004881033071483673, -0.0048683078450571446, -0.0049070702331109189, -0.0049372609854384936, -0.004916358283025786, -0.0049146459967635836, -0.004952443695522897, -0.0049839504942872787, -0.0049636227349830614, -0.0050182469698308446, -0.0049090838460104369, -0.0047443371216919772, -0.0048991911492140688, -0.0049136768382142954, -0.0050266817703826516, -0.0050917570462392509, -0.0049329820619268133, -0.0056427386899514237, -0.0055024166496129845, -0.0052217167083576238, -0.0052081826385043384, -0.0052561390892887916, -0.005315127952972537, -0.0052175490272727276, -0.0051349113529912671, -0.0052880788421986458, -0.0053289801000066528, -0.0053744765660219684, -0.0053197221217732849, -0.0055836154334920618, -0.0059823533280725649, -0.0052072676058433076, -0.0049333593234743289, -0.0052659171821278772, -0.0060599092702417756, -0.0059345305209329291, -0.0056262118083024171, -0.0051349897367249653, -0.0052555747222999272, -0.0054160327580861645, -0.0052705221304439331, -0.0053452300939056119, -0.0055139342728539598, -0.0054985290916095553, -0.0042945226547387305]
[-0.001266225329775471, 0.0026387276934771459, 0.0034769129429025334, 0.0041552523304474055, 0.0048383692603576282, 0.0054170143965786375, 0.0058254817228241933, 0.0063884992802198531, 0.0068121368183565317, 0.0074775191477067099, 0.008025873900241523, 0.0083348593902063881, 0.0088796226698553068, 0.0091320887333545958, 0.0093958441464043196, 0.0098629989325880046, 0.010010021955481729, 0.010171761780455604, 0.0098964690853860504, 0.010086743396208964, 0.010815107071715124, 0.011744878812958687, 0.011697592335148749, 0.012130748479544179, 0.013225133917218274, 0.015401532519507544, 0.010911053471877374, 0.021802798517282757, 0.015979907181737391, 0.016053067206590832, 0.015891153731257157, 0.015264842619728158, 0.025216300251704848, 0.011896185177904639, 0.01475162160525878, 0.016870937253159413, 0.015759905712033728, 0.01778504754416782, 0.028196494907395953, 0.013326008421109647, 0.017251121804301717, 0.02295384460350286, 0.015308236333648195, 0.015165549026347924, 0.015300448682081247, 0.014358514603595829, 0.013025326833178363, 0.013431950418393956, 0.013834639554542894, 0.013549893409128821]
[-0.0049026396223639142, -0.004916121353224381, -0.0049063420775153129, -0.0049087366608259082, -0.0049055051350009836, -0.0048988414206096384, -0.0049018734855811666, -0.0049139486932413268, -0.0049115594169473822, -0.0049304577111349904, -0.0049408131233597899, -0.0049093321889859473, -0.0049474088876700489, -0.0049751602224873959, -0.0049949785431751131, -0.0050252289267784661, -0.0050779510922254606, -0.0051492507971861862, -0.0051522357047742301, -0.0051559442327203664, -0.0050433559444382631, -0.005074175886178478, -0.0051955701086573713, -0.005166262673671429, -0.0051756371356382336, -0.0051550184638145258, -0.0051553852381039378, -0.0053302487226328243, -0.0052746663074481892, -0.0051587398936808748, -0.0052296937990848891, -0.0052899299434140401, -0.0059655581159243631, -0.0054574636347638761, -0.0055718488560375368, -0.0055243339839884109, -0.0053796910441058776, -0.0051413015908875481, -0.0049979293965967675, -0.0052981758684932934, -0.0053281001638975645, -0.0067024627362351485, -0.003843858804207928, -0.0057780172203183711, -0.0042292914114407387, -0.0058783179987865752, -0.0059961463468959364, -0.0060506752539239428, -0.0062975309205266505, -0.0054171947949026578]
[-0.0050737573070664503, 0.0026052646722375165, 0.0026763510959119542, 0.0029683956598909492, 0.003476947234439364, 0.0039161835496095837, 0.0042262997823439476, 0.0045126970802162603, 0.0048692392605882047, 0.005209559578664251, 0.0054280411131784612, 0.0056552768145221866, 0.0058363999052484655, 0.0060564235636952485, 0.0063224417997798862, 0.0066240969922642182, 0.0067252638719315361, 0.0068970155636973174, 0.007503474696219356, 0.0079420939576289595, 0.0082596767939192017, 0.0081459388985300196, 0.0085879477803069149, 0.0086644589258753624, 0.0084295867326826257, 0.0086633483217315732, 0.0088274869611821571, 0.0090183440585533403, 0.0090256187550719902, 0.0089135835085060733, 0.0094496364765124796, 0.011344873653529958, 0.011791050489963067, 0.01160457578205612, 0.009934365120981753, 0.013684752371734499, 0.013667409730833829, 0.0093131894957186323, 0.015409026858974773, 0.017962933363113109, 0.016765101236576763, 0.010078006420236429, 0.0063541137404050096, 0.047915156218323818, 0.01677169854601479, 0.027656880537658302, 0.0085528070628751451, 0.0066264082493247556, 0.0086967569376509291, 0.010824189251777916]
[-0.0050222097898841795, -0.0050455537092437787, -0.0050465454845703885, -0.0050452480434184845, -0.0050387550953753246, -0.0050219043251476803, -0.0050153068819982563, -0.0049980609239248172, -0.0050056272034342264, -0.0049627048473645172, -0.0049565966829094657, -0.0049487344881289572, -0.0049531618119123891, -0.0049684328674256817, -0.0049978890678778476, -0.0049806452358214237, -0.0049683510481558085, -0.0049811728805984196, -0.0049815087452195761, -0.0050260611132141725, -0.0050214021594306296, -0.005057426073657445, -0.0049984325218617176, -0.00508339904058841, -0.0051940694258539033, -0.0052173201009484416, -0.0052062894835089024, -0.0052041173107847116, -0.0052266268022503615, -0.0052548192182267639, -0.0052454439327175584, -0.0051610159280841283, -0.0051557601328436065, -0.0053239862635654778, -0.0053213720132830322, -0.0053916304814212446, -0.005312191916976905, -0.0051644243689336067, -0.0048844142231662113, -0.0045677973657846926, -0.0051826005759530169, -0.0052009547835725756, -0.0053383148112649548, -0.0053465491533089826, -0.0052092157341257217, -0.0054048333066541443, -0.005138695635587609, -0.0053311144043711456, -0.0053566431293832484, -0.0054395990645199066]
[0.002217620357144132, 0.0054660948470217543, 0.0073106182603439734, 0.009034320581211893, 0.010158874446169339, 0.011596258621677541, 0.012350019609720916, 0.013240035756284102, 0.01447280260630425, 0.015701389835205179, 0.016461137990477867, 0.016060527231657032, 0.016536878955664858, 0.018683963117226671, 0.018527176742474338, 0.022585949797971266, 0.028745334949797363, 0.02313356283287385, 0.020171836675311861, 0.020158590252829123, 0.020957090503766096, 0.021531271803451379, 0.020574250474191424, 0.021457971758565952, 0.023249354921970888, 0.02458130760236138, 0.017786865311947675, 0.0044107179390464601, 0.017617914383261657, 0.022041533114248391, 0.016977866022999, 0.016027333116523046, 0.015968894988442228, 0.019371404921410762, 0.018145697594114663, 0.019196442995878304, 0.016217866841564788, 0.015061361253778216, 0.015236231795037858, 0.014411836723175586, 0.014106652007504272, 0.014305553008770455, 0.013185641275517135, 0.01248161475600762, 0.013646085723909573, 0.01472034979697967, 0.014838075178804533, 0.013622885369372062, 0.013879178346393961, 0.013234235671960692]
[-0.0048996568032149386, -0.0048671684958683367, -0.0048563920171803276, -0.0048374752495241209, -0.0048690435675171236, -0.0048528290371865623, -0.0048373242486698699, -0.0048154861872114138, -0.0047508381819326706, -0.0047786244534636368, -0.0048538328938828659, -0.0049828575521304944, -0.0047231780654797551, -0.004828814451470001, -0.005063007076406334, -0.0046905736291175532, -0.0050651124931356262, -0.005166380646967686, -0.0052767010144366688, -0.0053934825480575488, -0.0051684122813766553, -0.0052814449660496116, -0.0052892865233833408, -0.0054178998537327411, -0.0051597223915545165, -0.0043521737306179836, -0.0046561969847975782, -0.0057476217389725304, -0.0057924705168422852, -0.0071082704200267632, -0.0053725362301949575, -0.0052158171629566874, -0.0048012256972479739, -0.0046210992553522567, -0.0057579986192277111, -0.0032665873599559969, -0.0060985557181297279, -0.0060700396171675941, -0.0060552207460609908, -0.0060194489092376124, -0.0060233106367735545, -0.0061581399273965276, -0.0060615917803843455, -0.0059082105461015777, -0.0062327901747649961, -0.0062633988143001584, -0.0066094605888236402, -0.0067617770127870735, -0.0067770407728040549, -0.0072205307726377344]
[0.00068375864358110998, 0.0037892855235394105, 0.0050741575242231355, 0.0060595654265200253, 0.0070312981832281567, 0.0080676430889959211, 0.0088965142050006982, 0.0094259737912217659, 0.010166125394988942, 0.01078925431347983, 0.011337514524317138, 0.012013574695084003, 0.012189384974199996, 0.012657822340601685, 0.012601275050009561, 0.014262500326862521, 0.0158789557063925, 0.017239318739404291, 0.018019435140634699, 0.01850081864872985, 0.017700836101892076, 0.015729872279830887, 0.029022849729914341, 0.015705637752551904, 0.017215768644239626, 0.017512726210748231, 0.017220959347760301, 0.017359113832541073, 0.015269938409821826, 0.017441685166320609, 0.018815354664166173, 0.020718270774423952, 0.017628194437075251, 0.022420269233363599, 0.021079680546633561, 0.013568815106762555, 0.014624080489695213, 0.016122273231445994, 0.018872831159355452, 0.020234666220305786, 0.015895387735329392, 0.015552338942380506, 0.016000000814315407, 0.01660285305244158, 0.014390108058063511, 0.01427277605115651, 0.014465364901700029, 0.014080044717700191, 0.014213861777902292, 0.013056094009652908]
[-0.0049084606881431223, -0.0048975455949846133, -0.004883360222540354, -0.0048761080366974685, -0.0048737847823692483, -0.004881033071483673, -0.0048683078450571446, -0.0049070702331109189, -0.0049372609854384936, -0.004916358283025786, -0.0049146459967635836, -0.004952443695522897, -0.0049839504942872787, -0.0049636227349830614, -0.0050182469698308446, -0.0049090838460104369, -0.0047443371216919772, -0.0048991911492140688, -0.0049136768382142954, -0.0050266817703826516, -0.0050917570462392509, -0.0049329820619268133, -0.0056427386899514237, -0.0055024166496129845, -0.0052217167083576238, -0.0052081826385043384, -0.0052561390892887916, -0.005315127952972537, -0.0052175490272727276, -0.0051349113529912671, -0.0052880788421986458, -0.0053289801000066528, -0.0053744765660219684, -0.0053197221217732849, -0.0055836154334920618, -0.0059823533280725649, -0.0052072676058433076, -0.0049333593234743289, -0.0052659171821278772, -0.0060599092702417756, -0.0059345305209329291, -0.0056262118083024171, -0.0051349897367249653, -0.0052555747222999272, -0.0054160327580861645, -0.0052705221304439331, -0.0053452300939056119, -0.0055139342728539598, -0.0054985290916095553, -0.0042945226547387305]
[-0.001266225329775471, 0.0026387276934771459, 0.0034769129429025334, 0.0041552523304474055, 0.0048383692603576282, 0.0054170143965786375, 0.0058254817228241933, 0.0063884992802198531, 0.0068121368183565317, 0.0074775191477067099, 0.008025873900241523, 0.0083348593902063881, 0.0088796226698553068, 0.0091320887333545958, 0.0093958441464043196, 0.0098629989325880046, 0.010010021955481729, 0.010171761780455604, 0.0098964690853860504, 0.010086743396208964, 0.010815107071715124, 0.011744878812958687, 0.011697592335148749, 0.012130748479544179, 0.013225133917218274, 0.015401532519507544, 0.010911053471877374, 0.021802798517282757, 0.015979907181737391, 0.016053067206590832, 0.015891153731257157, 0.015264842619728158, 0.025216300251704848, 0.011896185177904639, 0.01475162160525878, 0.016870937253159413, 0.015759905712033728, 0.01778504754416782, 0.028196494907395953, 0.013326008421109647, 0.017251121804301717, 0.02295384460350286, 0.015308236333648195, 0.015165549026347924, 0.015300448682081247, 0.014358514603595829, 0.013025326833178363, 0.013431950418393956, 0.013834639554542894, 0.013549893409128821]
[-0.0049026396223639142, -0.004916121353224381, -0.0049063420775153129, -0.0049087366608259082, -0.0049055051350009836, -0.0048988414206096384, -0.0049018734855811666, -0.0049139486932413268, -0.0049115594169473822, -0.0049304577111349904, -0.0049408131233597899, -0.0049093321889859473, -0.0049474088876700489, -0.0049751602224873959, -0.0049949785431751131, -0.0050252289267784661, -0.0050779510922254606, -0.0051492507971861862, -0.0051522357047742301, -0.0051559442327203664, -0.0050433559444382631, -0.005074175886178478, -0.0051955701086573713, -0.005166262673671429, -0.0051756371356382336, -0.0051550184638145258, -0.0051553852381039378, -0.0053302487226328243, -0.0052746663074481892, -0.0051587398936808748, -0.0052296937990848891, -0.0052899299434140401, -0.0059655581159243631, -0.0054574636347638761, -0.0055718488560375368, -0.0055243339839884109, -0.0053796910441058776, -0.0051413015908875481, -0.0049979293965967675, -0.0052981758684932934, -0.0053281001638975645, -0.0067024627362351485, -0.003843858804207928, -0.0057780172203183711, -0.0042292914114407387, -0.0058783179987865752, -0.0059961463468959364, -0.0060506752539239428, -0.0062975309205266505, -0.0054171947949026578]
[-0.0050737573070664503, 0.0026052646722375165, 0.0026763510959119542, 0.0029683956598909492, 0.003476947234439364, 0.0039161835496095837, 0.0042262997823439476, 0.0045126970802162603, 0.0048692392605882047, 0.005209559578664251, 0.0054280411131784612, 0.0056552768145221866, 0.0058363999052484655, 0.0060564235636952485, 0.0063224417997798862, 0.0066240969922642182, 0.0067252638719315361, 0.0068970155636973174, 0.007503474696219356, 0.0079420939576289595, 0.0082596767939192017, 0.0081459388985300196, 0.0085879477803069149, 0.0086644589258753624, 0.0084295867326826257, 0.0086633483217315732, 0.0088274869611821571, 0.0090183440585533403, 0.0090256187550719902, 0.0089135835085060733, 0.0094496364765124796, 0.011344873653529958, 0.011791050489963067, 0.01160457578205612, 0.009934365120981753, 0.013684752371734499, 0.013667409730833829, 0.0093131894957186323, 0.015409026858974773, 0.017962933363113109, 0.016765101236576763, 0.010078006420236429, 0.0063541137404050096, 0.047915156218323818, 0.01677169854601479, 0.027656880537658302, 0.0085528070628751451, 0.0066264082493247556, 0.0086967569376509291, 0.010824189251777916]
[-0.0050222097898841795, -0.0050455537092437787, -0.0050465454845703885, -0.0050452480434184845, -0.0050387550953753246, -0.0050219043251476803, -0.0050153068819982563, -0.0049980609239248172, -0.0050056272034342264, -0.0049627048473645172, -0.0049565966829094657, -0.0049487344881289572, -0.0049531618119123891, -0.0049684328674256817, -0.0049978890678778476, -0.0049806452358214237, -0.0049683510481558085, -0.0049811728805984196, -0.0049815087452195761, -0.0050260611132141725, -0.0050214021594306296, -0.005057426073657445, -0.0049984325218617176, -0.00508339904058841, -0.0051940694258539033, -0.0052173201009484416, -0.0052062894835089024, -0.0052041173107847116, -0.0052266268022503615, -0.0052548192182267639, -0.0052454439327175584, -0.0051610159280841283, -0.0051557601328436065, -0.0053239862635654778, -0.0053213720132830322, -0.0053916304814212446, -0.005312191916976905, -0.0051644243689336067, -0.0048844142231662113, -0.0045677973657846926, -0.0051826005759530169, -0.0052009547835725756, -0.0053383148112649548, -0.0053465491533089826, -0.0052092157341257217, -0.0054048333066541443, -0.005138695635587609, -0.0053311144043711456, -0.0053566431293832484, -0.0054395990645199066]
[0.002217620357144132, 0.0054660948470217543, 0.0073106182603439734, 0.009034320581211893, 0.010158874446169339, 0.011596258621677541, 0.012350019609720916, 0.013240035756284102, 0.01447280260630425, 0.015701389835205179, 0.016461137990477867, 0.016060527231657032, 0.016536878955664858, 0.018683963117226671, 0.018527176742474338, 0.022585949797971266, 0.028745334949797363, 0.02313356283287385, 0.020171836675311861, 0.020158590252829123, 0.020957090503766096, 0.021531271803451379, 0.020574250474191424, 0.021457971758565952, 0.023249354921970888, 0.02458130760236138, 0.017786865311947675, 0.0044107179390464601, 0.017617914383261657, 0.022041533114248391, 0.016977866022999, 0.016027333116523046, 0.015968894988442228, 0.019371404921410762, 0.018145697594114663, 0.019196442995878304, 0.016217866841564788, 0.015061361253778216, 0.015236231795037858, 0.014411836723175586, 0.014106652007504272, 0.014305553008770455, 0.013185641275517135, 0.01248161475600762, 0.013646085723909573, 0.01472034979697967, 0.014838075178804533, 0.013622885369372062, 0.013879178346393961, 0.013234235671960692]
[-0.0048996568032149386, -0.0048671684958683367, -0.0048563920171803276, -0.0048374752495241209, -0.0048690435675171236, -0.0048528290371865623, -0.0048373242486698699, -0.0048154861872114138, -0.0047508381819326706, -0.0047786244534636368, -0.0048538328938828659, -0.0049828575521304944, -0.0047231780654797551, -0.004828814451470001, -0.005063007076406334, -0.0046905736291175532, -0.0050651124931356262, -0.005166380646967686, -0.0052767010144366688, -0.0053934825480575488, -0.0051684122813766553, -0.0052814449660496116, -0.0052892865233833408, -0.0054178998537327411, -0.0051597223915545165, -0.0043521737306179836, -0.0046561969847975782, -0.0057476217389725304, -0.0057924705168422852, -0.0071082704200267632, -0.0053725362301949575, -0.0052158171629566874, -0.0048012256972479739, -0.0046210992553522567, -0.0057579986192277111, -0.0032665873599559969, -0.0060985557181297279, -0.0060700396171675941, -0.0060552207460609908, -0.0060194489092376124, -0.0060233106367735545, -0.0061581399273965276, -0.0060615917803843455, -0.0059082105461015777, -0.0062327901747649961, -0.0062633988143001584, -0.0066094605888236402, -0.0067617770127870735, -0.0067770407728040549, -0.0072205307726377344]
[0.00068375864358110998, 0.0037892855235394105, 0.0050741575242231355, 0.0060595654265200253, 0.0070312981832281567, 0.0080676430889959211, 0.0088965142050006982, 0.0094259737912217659, 0.010166125394988942, 0.01078925431347983, 0.011337514524317138, 0.012013574695084003, 0.012189384974199996, 0.012657822340601685, 0.012601275050009561, 0.014262500326862521, 0.0158789557063925, 0.017239318739404291, 0.018019435140634699, 0.01850081864872985, 0.017700836101892076, 0.015729872279830887, 0.029022849729914341, 0.015705637752551904, 0.017215768644239626, 0.017512726210748231, 0.017220959347760301, 0.017359113832541073, 0.015269938409821826, 0.017441685166320609, 0.018815354664166173, 0.020718270774423952, 0.017628194437075251, 0.022420269233363599, 0.021079680546633561, 0.013568815106762555, 0.014624080489695213, 0.016122273231445994, 0.018872831159355452, 0.020234666220305786, 0.015895387735329392, 0.015552338942380506, 0.016000000814315407, 0.01660285305244158, 0.014390108058063511, 0.01427277605115651, 0.014465364901700029, 0.014080044717700191, 0.014213861777902292, 0.013056094009652908]
[-0.0049084606881431223, -0.0048975455949846133, -0.004883360222540354, -0.0048761080366974685, -0.0048737847823692483, -0.004881033071483673, -0.0048683078450571446, -0.0049070702331109189, -0.0049372609854384936, -0.004916358283025786, -0.0049146459967635836, -0.004952443695522897, -0.0049839504942872787, -0.0049636227349830614, -0.0050182469698308446, -0.0049090838460104369, -0.0047443371216919772, -0.0048991911492140688, -0.0049136768382142954, -0.0050266817703826516, -0.0050917570462392509, -0.0049329820619268133, -0.0056427386899514237, -0.0055024166496129845, -0.0052217167083576238, -0.0052081826385043384, -0.0052561390892887916, -0.005315127952972537, -0.0052175490272727276, -0.0051349113529912671, -0.0052880788421986458, -0.0053289801000066528, -0.0053744765660219684, -0.0053197221217732849, -0.0055836154334920618, -0.0059823533280725649, -0.0052072676058433076, -0.0049333593234743289, -0.0052659171821278772, -0.0060599092702417756, -0.0059345305209329291, -0.0056262118083024171, -0.0051349897367249653, -0.0052555747222999272, -0.0054160327580861645, -0.0052705221304439331, -0.0053452300939056119, -0.0055139342728539598, -0.0054985290916095553, -0.0042945226547387305]
[-0.001266225329775471, 0.0026387276934771459, 0.0034769129429025334, 0.0041552523304474055, 0.0048383692603576282, 0.0054170143965786375, 0.0058254817228241933, 0.0063884992802198531, 0.0068121368183565317, 0.0074775191477067099, 0.008025873900241523, 0.0083348593902063881, 0.0088796226698553068, 0.0091320887333545958, 0.0093958441464043196, 0.0098629989325880046, 0.010010021955481729, 0.010171761780455604, 0.0098964690853860504, 0.010086743396208964, 0.010815107071715124, 0.011744878812958687, 0.011697592335148749, 0.012130748479544179, 0.013225133917218274, 0.015401532519507544, 0.010911053471877374, 0.021802798517282757, 0.015979907181737391, 0.016053067206590832, 0.015891153731257157, 0.015264842619728158, 0.025216300251704848, 0.011896185177904639, 0.01475162160525878, 0.016870937253159413, 0.015759905712033728, 0.01778504754416782, 0.028196494907395953, 0.013326008421109647, 0.017251121804301717, 0.02295384460350286, 0.015308236333648195, 0.015165549026347924, 0.015300448682081247, 0.014358514603595829, 0.013025326833178363, 0.013431950418393956, 0.013834639554542894, 0.013549893409128821]
[-0.0049026396223639142, -0.004916121353224381, -0.0049063420775153129, -0.0049087366608259082, -0.0049055051350009836, -0.0048988414206096384, -0.0049018734855811666, -0.0049139486932413268, -0.0049115594169473822, -0.0049304577111349904, -0.0049408131233597899, -0.0049093321889859473, -0.0049474088876700489, -0.0049751602224873959, -0.0049949785431751131, -0.0050252289267784661, -0.0050779510922254606, -0.0051492507971861862, -0.0051522357047742301, -0.0051559442327203664, -0.0050433559444382631, -0.005074175886178478, -0.0051955701086573713, -0.005166262673671429, -0.0051756371356382336, -0.0051550184638145258, -0.0051553852381039378, -0.0053302487226328243, -0.0052746663074481892, -0.0051587398936808748, -0.0052296937990848891, -0.0052899299434140401, -0.0059655581159243631, -0.0054574636347638761, -0.0055718488560375368, -0.0055243339839884109, -0.0053796910441058776, -0.0051413015908875481, -0.0049979293965967675, -0.0052981758684932934, -0.0053281001638975645, -0.0067024627362351485, -0.003843858804207928, -0.0057780172203183711, -0.0042292914114407387, -0.0058783179987865752, -0.0059961463468959364, -0.0060506752539239428, -0.0062975309205266505, -0.0054171947949026578]
[-0.0050737573070664503, 0.0026052646722375165, 0.0026763510959119542, 0.0029683956598909492, 0.003476947234439364, 0.0039161835496095837, 0.0042262997823439476, 0.0045126970802162603, 0.0048692392605882047, 0.005209559578664251, 0.0054280411131784612, 0.0056552768145221866, 0.0058363999052484655, 0.0060564235636952485, 0.0063224417997798862, 0.0066240969922642182, 0.0067252638719315361, 0.0068970155636973174, 0.007503474696219356, 0.0079420939576289595, 0.0082596767939192017, 0.0081459388985300196, 0.0085879477803069149, 0.0086644589258753624, 0.0084295867326826257, 0.0086633483217315732, 0.0088274869611821571, 0.0090183440585533403, 0.0090256187550719902, 0.0089135835085060733, 0.0094496364765124796, 0.011344873653529958, 0.011791050489963067, 0.01160457578205612, 0.009934365120981753, 0.013684752371734499, 0.013667409730833829, 0.0093131894957186323, 0.015409026858974773, 0.017962933363113109, 0.016765101236576763, 0.010078006420236429, 0.0063541137404050096, 0.047915156218323818, 0.01677169854601479, 0.027656880537658302, 0.0085528070628751451, 0.0066264082493247556, 0.0086967569376509291, 0.010824189251777916]
[-0.0050222097898841795, -0.0050455537092437787, -0.0050465454845703885, -0.0050452480434184845, -0.0050387550953753246, -0.0050219043251476803, -0.0050153068819982563, -0.0049980609239248172, -0.0050056272034342264, -0.0049627048473645172, -0.0049565966829094657, -0.0049487344881289572, -0.0049531618119123891, -0.0049684328674256817, -0.0049978890678778476, -0.0049806452358214237, -0.0049683510481558085, -0.0049811728805984196, -0.0049815087452195761, -0.0050260611132141725, -0.0050214021594306296, -0.005057426073657445, -0.0049984325218617176, -0.00508339904058841, -0.0051940694258539033, -0.0052173201009484416, -0.0052062894835089024, -0.0052041173107847116, -0.0052266268022503615, -0.0052548192182267639, -0.0052454439327175584, -0.0051610159280841283, -0.0051557601328436065, -0.0053239862635654778, -0.0053213720132830322, -0.0053916304814212446, -0.005312191916976905, -0.0051644243689336067, -0.0048844142231662113, -0.0045677973657846926, -0.0051826005759530169, -0.0052009547835725756, -0.0053383148112649548, -0.0053465491533089826, -0.0052092157341257217, -0.0054048333066541443, -0.005138695635587609, -0.0053311144043711456, -0.0053566431293832484, -0.0054395990645199066]
[0.002217620357144132, 0.0054660948470217543, 0.0073106182603439734, 0.009034320581211893, 0.010158874446169339, 0.011596258621677541, 0.012350019609720916, 0.013240035756284102, 0.01447280260630425, 0.015701389835205179, 0.016461137990477867, 0.016060527231657032, 0.016536878955664858, 0.018683963117226671, 0.018527176742474338, 0.022585949797971266, 0.028745334949797363, 0.02313356283287385, 0.020171836675311861, 0.020158590252829123, 0.020957090503766096, 0.021531271803451379, 0.020574250474191424, 0.021457971758565952, 0.023249354921970888, 0.02458130760236138, 0.017786865311947675, 0.0044107179390464601, 0.017617914383261657, 0.022041533114248391, 0.016977866022999, 0.016027333116523046, 0.015968894988442228, 0.019371404921410762, 0.018145697594114663, 0.019196442995878304, 0.016217866841564788, 0.015061361253778216, 0.015236231795037858, 0.014411836723175586, 0.014106652007504272, 0.014305553008770455, 0.013185641275517135, 0.01248161475600762, 0.013646085723909573, 0.01472034979697967, 0.014838075178804533, 0.013622885369372062, 0.013879178346393961, 0.013234235671960692]
[-0.0048996568032149386, -0.0048671684958683367, -0.0048563920171803276, -0.0048374752495241209, -0.0048690435675171236, -0.0048528290371865623, -0.0048373242486698699, -0.0048154861872114138, -0.0047508381819326706, -0.0047786244534636368, -0.0048538328938828659, -0.0049828575521304944, -0.0047231780654797551, -0.004828814451470001, -0.005063007076406334, -0.0046905736291175532, -0.0050651124931356262, -0.005166380646967686, -0.0052767010144366688, -0.0053934825480575488, -0.0051684122813766553, -0.0052814449660496116, -0.0052892865233833408, -0.0054178998537327411, -0.0051597223915545165, -0.0043521737306179836, -0.0046561969847975782, -0.0057476217389725304, -0.0057924705168422852, -0.0071082704200267632, -0.0053725362301949575, -0.0052158171629566874, -0.0048012256972479739, -0.0046210992553522567, -0.0057579986192277111, -0.0032665873599559969, -0.0060985557181297279, -0.0060700396171675941, -0.0060552207460609908, -0.0060194489092376124, -0.0060233106367735545, -0.0061581399273965276, -0.0060615917803843455, -0.0059082105461015777, -0.0062327901747649961, -0.0062633988143001584, -0.0066094605888236402, -0.0067617770127870735, -0.0067770407728040549, -0.0072205307726377344]
[0.00068375864358110998, 0.0037892855235394105, 0.0050741575242231355, 0.0060595654265200253, 0.0070312981832281567, 0.0080676430889959211, 0.0088965142050006982, 0.0094259737912217659, 0.010166125394988942, 0.01078925431347983, 0.011337514524317138, 0.012013574695084003, 0.012189384974199996, 0.012657822340601685, 0.012601275050009561, 0.014262500326862521, 0.0158789557063925, 0.017239318739404291, 0.018019435140634699, 0.01850081864872985, 0.017700836101892076, 0.015729872279830887, 0.029022849729914341, 0.015705637752551904, 0.017215768644239626, 0.017512726210748231, 0.017220959347760301, 0.017359113832541073, 0.015269938409821826, 0.017441685166320609, 0.018815354664166173, 0.020718270774423952, 0.017628194437075251, 0.022420269233363599, 0.021079680546633561, 0.013568815106762555, 0.014624080489695213, 0.016122273231445994, 0.018872831159355452, 0.020234666220305786, 0.015895387735329392, 0.015552338942380506, 0.016000000814315407, 0.01660285305244158, 0.014390108058063511, 0.01427277605115651, 0.014465364901700029, 0.014080044717700191, 0.014213861777902292, 0.013056094009652908]
[-0.0049084606881431223, -0.0048975455949846133, -0.004883360222540354, -0.0048761080366974685, -0.0048737847823692483, -0.004881033071483673, -0.0048683078450571446, -0.0049070702331109189, -0.0049372609854384936, -0.004916358283025786, -0.0049146459967635836, -0.004952443695522897, -0.0049839504942872787, -0.0049636227349830614, -0.0050182469698308446, -0.0049090838460104369, -0.0047443371216919772, -0.0048991911492140688, -0.0049136768382142954, -0.0050266817703826516, -0.0050917570462392509, -0.0049329820619268133, -0.0056427386899514237, -0.0055024166496129845, -0.0052217167083576238, -0.0052081826385043384, -0.0052561390892887916, -0.005315127952972537, -0.0052175490272727276, -0.0051349113529912671, -0.0052880788421986458, -0.0053289801000066528, -0.0053744765660219684, -0.0053197221217732849, -0.0055836154334920618, -0.0059823533280725649, -0.0052072676058433076, -0.0049333593234743289, -0.0052659171821278772, -0.0060599092702417756, -0.0059345305209329291, -0.0056262118083024171, -0.0051349897367249653, -0.0052555747222999272, -0.0054160327580861645, -0.0052705221304439331, -0.0053452300939056119, -0.0055139342728539598, -0.0054985290916095553, -0.0042945226547387305]
[-0.001266225329775471, 0.0026387276934771459, 0.0034769129429025334, 0.0041552523304474055, 0.0048383692603576282, 0.0054170143965786375, 0.0058254817228241933, 0.0063884992802198531, 0.0068121368183565317, 0.0074775191477067099, 0.008025873900241523, 0.0083348593902063881, 0.0088796226698553068, 0.0091320887333545958, 0.0093958441464043196, 0.0098629989325880046, 0.010010021955481729, 0.010171761780455604, 0.0098964690853860504, 0.010086743396208964, 0.010815107071715124, 0.011744878812958687, 0.011697592335148749, 0.012130748479544179, 0.013225133917218274, 0.015401532519507544, 0.010911053471877374, 0.021802798517282757, 0.015979907181737391, 0.016053067206590832, 0.015891153731257157, 0.015264842619728158, 0.025216300251704848, 0.011896185177904639, 0.01475162160525878, 0.016870937253159413, 0.015759905712033728, 0.01778504754416782, 0.028196494907395953, 0.013326008421109647, 0.017251121804301717, 0.02295384460350286, 0.015308236333648195, 0.015165549026347924, 0.015300448682081247, 0.014358514603595829, 0.013025326833178363, 0.013431950418393956, 0.013834639554542894, 0.013549893409128821]
[-0.0049026396223639142, -0.004916121353224381, -0.0049063420775153129, -0.0049087366608259082, -0.0049055051350009836, -0.0048988414206096384, -0.0049018734855811666, -0.0049139486932413268, -0.0049115594169473822, -0.0049304577111349904, -0.0049408131233597899, -0.0049093321889859473, -0.0049474088876700489, -0.0049751602224873959, -0.0049949785431751131, -0.0050252289267784661, -0.0050779510922254606, -0.0051492507971861862, -0.0051522357047742301, -0.0051559442327203664, -0.0050433559444382631, -0.005074175886178478, -0.0051955701086573713, -0.005166262673671429, -0.0051756371356382336, -0.0051550184638145258, -0.0051553852381039378, -0.0053302487226328243, -0.0052746663074481892, -0.0051587398936808748, -0.0052296937990848891, -0.0052899299434140401, -0.0059655581159243631, -0.0054574636347638761, -0.0055718488560375368, -0.0055243339839884109, -0.0053796910441058776, -0.0051413015908875481, -0.0049979293965967675, -0.0052981758684932934, -0.0053281001638975645, -0.0067024627362351485, -0.003843858804207928, -0.0057780172203183711, -0.0042292914114407387, -0.0058783179987865752, -0.0059961463468959364, -0.0060506752539239428, -0.0062975309205266505, -0.0054171947949026578]
[-0.0050737573070664503, 0.0026052646722375165, 0.0026763510959119542, 0.0029683956598909492, 0.003476947234439364, 0.0039161835496095837, 0.0042262997823439476, 0.0045126970802162603, 0.0048692392605882047, 0.005209559578664251, 0.0054280411131784612, 0.0056552768145221866, 0.0058363999052484655, 0.0060564235636952485, 0.0063224417997798862, 0.0066240969922642182, 0.0067252638719315361, 0.0068970155636973174, 0.007503474696219356, 0.0079420939576289595, 0.0082596767939192017, 0.0081459388985300196, 0.0085879477803069149, 0.0086644589258753624, 0.0084295867326826257, 0.0086633483217315732, 0.0088274869611821571, 0.0090183440585533403, 0.0090256187550719902, 0.0089135835085060733, 0.0094496364765124796, 0.011344873653529958, 0.011791050489963067, 0.01160457578205612, 0.009934365120981753, 0.013684752371734499, 0.013667409730833829, 0.0093131894957186323, 0.015409026858974773, 0.017962933363113109, 0.016765101236576763, 0.010078006420236429, 0.0063541137404050096, 0.047915156218323818, 0.01677169854601479, 0.027656880537658302, 0.0085528070628751451, 0.0066264082493247556, 0.0086967569376509291, 0.010824189251777916]
[-0.0050222097898841795, -0.0050455537092437787, -0.0050465454845703885, -0.0050452480434184845, -0.0050387550953753246, -0.0050219043251476803, -0.0050153068819982563, -0.0049980609239248172, -0.0050056272034342264, -0.0049627048473645172, -0.0049565966829094657, -0.0049487344881289572, -0.0049531618119123891, -0.0049684328674256817, -0.0049978890678778476, -0.0049806452358214237, -0.0049683510481558085, -0.0049811728805984196, -0.0049815087452195761, -0.0050260611132141725, -0.0050214021594306296, -0.005057426073657445, -0.0049984325218617176, -0.00508339904058841, -0.0051940694258539033, -0.0052173201009484416, -0.0052062894835089024, -0.0052041173107847116, -0.0052266268022503615, -0.0052548192182267639, -0.0052454439327175584, -0.0051610159280841283, -0.0051557601328436065, -0.0053239862635654778, -0.0053213720132830322, -0.0053916304814212446, -0.005312191916976905, -0.0051644243689336067, -0.0048844142231662113, -0.0045677973657846926, -0.0051826005759530169, -0.0052009547835725756, -0.0053383148112649548, -0.0053465491533089826, -0.0052092157341257217, -0.0054048333066541443, -0.005138695635587609, -0.0053311144043711456, -0.0053566431293832484, -0.0054395990645199066]
[0.002217620357144132, 0.0054660948470217543, 0.0073106182603439734, 0.009034320581211893, 0.010158874446169339, 0.011596258621677541, 0.012350019609720916, 0.013240035756284102, 0.01447280260630425, 0.015701389835205179, 0.016461137990477867, 0.016060527231657032, 0.016536878955664858, 0.018683963117226671, 0.018527176742474338, 0.022585949797971266, 0.028745334949797363, 0.02313356283287385, 0.020171836675311861, 0.020158590252829123, 0.020957090503766096, 0.021531271803451379, 0.020574250474191424, 0.021457971758565952, 0.023249354921970888, 0.02458130760236138, 0.017786865311947675, 0.0044107179390464601, 0.017617914383261657, 0.022041533114248391, 0.016977866022999, 0.016027333116523046, 0.015968894988442228, 0.019371404921410762, 0.018145697594114663, 0.019196442995878304, 0.016217866841564788, 0.015061361253778216, 0.015236231795037858, 0.014411836723175586, 0.014106652007504272, 0.014305553008770455, 0.013185641275517135, 0.01248161475600762, 0.013646085723909573, 0.01472034979697967, 0.014838075178804533, 0.013622885369372062, 0.013879178346393961, 0.013234235671960692]
[-0.0048996568032149386, -0.0048671684958683367, -0.0048563920171803276, -0.0048374752495241209, -0.0048690435675171236, -0.0048528290371865623, -0.0048373242486698699, -0.0048154861872114138, -0.0047508381819326706, -0.0047786244534636368, -0.0048538328938828659, -0.0049828575521304944, -0.0047231780654797551, -0.004828814451470001, -0.005063007076406334, -0.0046905736291175532, -0.0050651124931356262, -0.005166380646967686, -0.0052767010144366688, -0.0053934825480575488, -0.0051684122813766553, -0.0052814449660496116, -0.0052892865233833408, -0.0054178998537327411, -0.0051597223915545165, -0.0043521737306179836, -0.0046561969847975782, -0.0057476217389725304, -0.0057924705168422852, -0.0071082704200267632, -0.0053725362301949575, -0.0052158171629566874, -0.0048012256972479739, -0.0046210992553522567, -0.0057579986192277111, -0.0032665873599559969, -0.0060985557181297279, -0.0060700396171675941, -0.0060552207460609908, -0.0060194489092376124, -0.0060233106367735545, -0.0061581399273965276, -0.0060615917803843455, -0.0059082105461015777, -0.0062327901747649961, -0.0062633988143001584, -0.0066094605888236402, -0.0067617770127870735, -0.0067770407728040549, -0.0072205307726377344]
[0.00068375864358110998, 0.0037892855235394105, 0.0050741575242231355, 0.0060595654265200253, 0.0070312981832281567, 0.0080676430889959211, 0.0088965142050006982, 0.0094259737912217659, 0.010166125394988942, 0.01078925431347983, 0.011337514524317138, 0.012013574695084003, 0.012189384974199996, 0.012657822340601685, 0.012601275050009561, 0.014262500326862521, 0.0158789557063925, 0.017239318739404291, 0.018019435140634699, 0.01850081864872985, 0.017700836101892076, 0.015729872279830887, 0.029022849729914341, 0.015705637752551904, 0.017215768644239626, 0.017512726210748231, 0.017220959347760301, 0.017359113832541073, 0.015269938409821826, 0.017441685166320609, 0.018815354664166173, 0.020718270774423952, 0.017628194437075251, 0.022420269233363599, 0.021079680546633561, 0.013568815106762555, 0.014624080489695213, 0.016122273231445994, 0.018872831159355452, 0.020234666220305786, 0.015895387735329392, 0.015552338942380506, 0.016000000814315407, 0.01660285305244158, 0.014390108058063511, 0.01427277605115651, 0.014465364901700029, 0.014080044717700191, 0.014213861777902292, 0.013056094009652908]
[-0.0049084606881431223, -0.0048975455949846133, -0.004883360222540354, -0.0048761080366974685, -0.0048737847823692483, -0.004881033071483673, -0.0048683078450571446, -0.0049070702331109189, -0.0049372609854384936, -0.004916358283025786, -0.0049146459967635836, -0.004952443695522897, -0.0049839504942872787, -0.0049636227349830614, -0.0050182469698308446, -0.0049090838460104369, -0.0047443371216919772, -0.0048991911492140688, -0.0049136768382142954, -0.0050266817703826516, -0.0050917570462392509, -0.0049329820619268133, -0.0056427386899514237, -0.0055024166496129845, -0.0052217167083576238, -0.0052081826385043384, -0.0052561390892887916, -0.005315127952972537, -0.0052175490272727276, -0.0051349113529912671, -0.0052880788421986458, -0.0053289801000066528, -0.0053744765660219684, -0.0053197221217732849, -0.0055836154334920618, -0.0059823533280725649, -0.0052072676058433076, -0.0049333593234743289, -0.0052659171821278772, -0.0060599092702417756, -0.0059345305209329291, -0.0056262118083024171, -0.0051349897367249653, -0.0052555747222999272, -0.0054160327580861645, -0.0052705221304439331, -0.0053452300939056119, -0.0055139342728539598, -0.0054985290916095553, -0.0042945226547387305]
[-0.001266225329775471, 0.0026387276934771459, 0.0034769129429025334, 0.0041552523304474055, 0.0048383692603576282, 0.0054170143965786375, 0.0058254817228241933, 0.0063884992802198531, 0.0068121368183565317, 0.0074775191477067099, 0.008025873900241523, 0.0083348593902063881, 0.0088796226698553068, 0.0091320887333545958, 0.0093958441464043196, 0.0098629989325880046, 0.010010021955481729, 0.010171761780455604, 0.0098964690853860504, 0.010086743396208964, 0.010815107071715124, 0.011744878812958687, 0.011697592335148749, 0.012130748479544179, 0.013225133917218274, 0.015401532519507544, 0.010911053471877374, 0.021802798517282757, 0.015979907181737391, 0.016053067206590832, 0.015891153731257157, 0.015264842619728158, 0.025216300251704848, 0.011896185177904639, 0.01475162160525878, 0.016870937253159413, 0.015759905712033728, 0.01778504754416782, 0.028196494907395953, 0.013326008421109647, 0.017251121804301717, 0.02295384460350286, 0.015308236333648195, 0.015165549026347924, 0.015300448682081247, 0.014358514603595829, 0.013025326833178363, 0.013431950418393956, 0.013834639554542894, 0.013549893409128821]
[-0.0049026396223639142, -0.004916121353224381, -0.0049063420775153129, -0.0049087366608259082, -0.0049055051350009836, -0.0048988414206096384, -0.0049018734855811666, -0.0049139486932413268, -0.0049115594169473822, -0.0049304577111349904, -0.0049408131233597899, -0.0049093321889859473, -0.0049474088876700489, -0.0049751602224873959, -0.0049949785431751131, -0.0050252289267784661, -0.0050779510922254606, -0.0051492507971861862, -0.0051522357047742301, -0.0051559442327203664, -0.0050433559444382631, -0.005074175886178478, -0.0051955701086573713, -0.005166262673671429, -0.0051756371356382336, -0.0051550184638145258, -0.0051553852381039378, -0.0053302487226328243, -0.0052746663074481892, -0.0051587398936808748, -0.0052296937990848891, -0.0052899299434140401, -0.0059655581159243631, -0.0054574636347638761, -0.0055718488560375368, -0.0055243339839884109, -0.0053796910441058776, -0.0051413015908875481, -0.0049979293965967675, -0.0052981758684932934, -0.0053281001638975645, -0.0067024627362351485, -0.003843858804207928, -0.0057780172203183711, -0.0042292914114407387, -0.0058783179987865752, -0.0059961463468959364, -0.0060506752539239428, -0.0062975309205266505, -0.0054171947949026578]
[-0.0050737573070664503, 0.0026052646722375165, 0.0026763510959119542, 0.0029683956598909492, 0.003476947234439364, 0.0039161835496095837, 0.0042262997823439476, 0.0045126970802162603, 0.0048692392605882047, 0.005209559578664251, 0.0054280411131784612, 0.0056552768145221866, 0.0058363999052484655, 0.0060564235636952485, 0.0063224417997798862, 0.0066240969922642182, 0.0067252638719315361, 0.0068970155636973174, 0.007503474696219356, 0.0079420939576289595, 0.0082596767939192017, 0.0081459388985300196, 0.0085879477803069149, 0.0086644589258753624, 0.0084295867326826257, 0.0086633483217315732, 0.0088274869611821571, 0.0090183440585533403, 0.0090256187550719902, 0.0089135835085060733, 0.0094496364765124796, 0.011344873653529958, 0.011791050489963067, 0.01160457578205612, 0.009934365120981753, 0.013684752371734499, 0.013667409730833829, 0.0093131894957186323, 0.015409026858974773, 0.017962933363113109, 0.016765101236576763, 0.010078006420236429, 0.0063541137404050096, 0.047915156218323818, 0.01677169854601479, 0.027656880537658302, 0.0085528070628751451, 0.0066264082493247556, 0.0086967569376509291, 0.010824189251777916]
[-0.0050222097898841795, -0.0050455537092437787, -0.0050465454845703885, -0.0050452480434184845, -0.0050387550953753246, -0.0050219043251476803, -0.0050153068819982563, -0.0049980609239248172, -0.0050056272034342264, -0.0049627048473645172, -0.0049565966829094657, -0.0049487344881289572, -0.0049531618119123891, -0.0049684328674256817, -0.0049978890678778476, -0.0049806452358214237, -0.0049683510481558085, -0.0049811728805984196, -0.0049815087452195761, -0.0050260611132141725, -0.0050214021594306296, -0.005057426073657445, -0.0049984325218617176, -0.00508339904058841, -0.0051940694258539033, -0.0052173201009484416, -0.0052062894835089024, -0.0052041173107847116, -0.0052266268022503615, -0.0052548192182267639, -0.0052454439327175584, -0.0051610159280841283, -0.0051557601328436065, -0.0053239862635654778, -0.0053213720132830322, -0.0053916304814212446, -0.005312191916976905, -0.0051644243689336067, -0.0048844142231662113, -0.0045677973657846926, -0.0051826005759530169, -0.0052009547835725756, -0.0053383148112649548, -0.0053465491533089826, -0.0052092157341257217, -0.0054048333066541443, -0.005138695635587609, -0.0053311144043711456, -0.0053566431293832484, -0.0054395990645199066]
[0.002217620357144132, 0.0054660948470217543, 0.0073106182603439734, 0.009034320581211893, 0.010158874446169339, 0.011596258621677541, 0.012350019609720916, 0.013240035756284102, 0.01447280260630425, 0.015701389835205179, 0.016461137990477867, 0.016060527231657032, 0.016536878955664858, 0.018683963117226671, 0.018527176742474338, 0.022585949797971266, 0.028745334949797363, 0.02313356283287385, 0.020171836675311861, 0.020158590252829123, 0.020957090503766096, 0.021531271803451379, 0.020574250474191424, 0.021457971758565952, 0.023249354921970888, 0.02458130760236138, 0.017786865311947675, 0.0044107179390464601, 0.017617914383261657, 0.022041533114248391, 0.016977866022999, 0.016027333116523046, 0.015968894988442228, 0.019371404921410762, 0.018145697594114663, 0.019196442995878304, 0.016217866841564788, 0.015061361253778216, 0.015236231795037858, 0.014411836723175586, 0.014106652007504272, 0.014305553008770455, 0.013185641275517135, 0.01248161475600762, 0.013646085723909573, 0.01472034979697967, 0.014838075178804533, 0.013622885369372062, 0.013879178346393961, 0.013234235671960692]
[-0.0048996568032149386, -0.0048671684958683367, -0.0048563920171803276, -0.0048374752495241209, -0.0048690435675171236, -0.0048528290371865623, -0.0048373242486698699, -0.0048154861872114138, -0.0047508381819326706, -0.0047786244534636368, -0.0048538328938828659, -0.0049828575521304944, -0.0047231780654797551, -0.004828814451470001, -0.005063007076406334, -0.0046905736291175532, -0.0050651124931356262, -0.005166380646967686, -0.0052767010144366688, -0.0053934825480575488, -0.0051684122813766553, -0.0052814449660496116, -0.0052892865233833408, -0.0054178998537327411, -0.0051597223915545165, -0.0043521737306179836, -0.0046561969847975782, -0.0057476217389725304, -0.0057924705168422852, -0.0071082704200267632, -0.0053725362301949575, -0.0052158171629566874, -0.0048012256972479739, -0.0046210992553522567, -0.0057579986192277111, -0.0032665873599559969, -0.0060985557181297279, -0.0060700396171675941, -0.0060552207460609908, -0.0060194489092376124, -0.0060233106367735545, -0.0061581399273965276, -0.0060615917803843455, -0.0059082105461015777, -0.0062327901747649961, -0.0062633988143001584, -0.0066094605888236402, -0.0067617770127870735, -0.0067770407728040549, -0.0072205307726377344]
[0.00068375864358110998, 0.0037892855235394105, 0.0050741575242231355, 0.0060595654265200253, 0.0070312981832281567, 0.0080676430889959211, 0.0088965142050006982, 0.0094259737912217659, 0.010166125394988942, 0.01078925431347983, 0.011337514524317138, 0.012013574695084003, 0.012189384974199996, 0.012657822340601685, 0.012601275050009561, 0.014262500326862521, 0.0158789557063925, 0.017239318739404291, 0.018019435140634699, 0.01850081864872985, 0.017700836101892076, 0.015729872279830887, 0.029022849729914341, 0.015705637752551904, 0.017215768644239626, 0.017512726210748231, 0.017220959347760301, 0.017359113832541073, 0.015269938409821826, 0.017441685166320609, 0.018815354664166173, 0.020718270774423952, 0.017628194437075251, 0.022420269233363599, 0.021079680546633561, 0.013568815106762555, 0.014624080489695213, 0.016122273231445994, 0.018872831159355452, 0.020234666220305786, 0.015895387735329392, 0.015552338942380506, 0.016000000814315407, 0.01660285305244158, 0.014390108058063511, 0.01427277605115651, 0.014465364901700029, 0.014080044717700191, 0.014213861777902292, 0.013056094009652908]
[-0.0049084606881431223, -0.0048975455949846133, -0.004883360222540354, -0.0048761080366974685, -0.0048737847823692483, -0.004881033071483673, -0.0048683078450571446, -0.0049070702331109189, -0.0049372609854384936, -0.004916358283025786, -0.0049146459967635836, -0.004952443695522897, -0.0049839504942872787, -0.0049636227349830614, -0.0050182469698308446, -0.0049090838460104369, -0.0047443371216919772, -0.0048991911492140688, -0.0049136768382142954, -0.0050266817703826516, -0.0050917570462392509, -0.0049329820619268133, -0.0056427386899514237, -0.0055024166496129845, -0.0052217167083576238, -0.0052081826385043384, -0.0052561390892887916, -0.005315127952972537, -0.0052175490272727276, -0.0051349113529912671, -0.0052880788421986458, -0.0053289801000066528, -0.0053744765660219684, -0.0053197221217732849, -0.0055836154334920618, -0.0059823533280725649, -0.0052072676058433076, -0.0049333593234743289, -0.0052659171821278772, -0.0060599092702417756, -0.0059345305209329291, -0.0056262118083024171, -0.0051349897367249653, -0.0052555747222999272, -0.0054160327580861645, -0.0052705221304439331, -0.0053452300939056119, -0.0055139342728539598, -0.0054985290916095553, -0.0042945226547387305]
[-0.001266225329775471, 0.0026387276934771459, 0.0034769129429025334, 0.0041552523304474055, 0.0048383692603576282, 0.0054170143965786375, 0.0058254817228241933, 0.0063884992802198531, 0.0068121368183565317, 0.0074775191477067099, 0.008025873900241523, 0.0083348593902063881, 0.0088796226698553068, 0.0091320887333545958, 0.0093958441464043196, 0.0098629989325880046, 0.010010021955481729, 0.010171761780455604, 0.0098964690853860504, 0.010086743396208964, 0.010815107071715124, 0.011744878812958687, 0.011697592335148749, 0.012130748479544179, 0.013225133917218274, 0.015401532519507544, 0.010911053471877374, 0.021802798517282757, 0.015979907181737391, 0.016053067206590832, 0.015891153731257157, 0.015264842619728158, 0.025216300251704848, 0.011896185177904639, 0.01475162160525878, 0.016870937253159413, 0.015759905712033728, 0.01778504754416782, 0.028196494907395953, 0.013326008421109647, 0.017251121804301717, 0.02295384460350286, 0.015308236333648195, 0.015165549026347924, 0.015300448682081247, 0.014358514603595829, 0.013025326833178363, 0.013431950418393956, 0.013834639554542894, 0.013549893409128821]
[-0.0049026396223639142, -0.004916121353224381, -0.0049063420775153129, -0.0049087366608259082, -0.0049055051350009836, -0.0048988414206096384, -0.0049018734855811666, -0.0049139486932413268, -0.0049115594169473822, -0.0049304577111349904, -0.0049408131233597899, -0.0049093321889859473, -0.0049474088876700489, -0.0049751602224873959, -0.0049949785431751131, -0.0050252289267784661, -0.0050779510922254606, -0.0051492507971861862, -0.0051522357047742301, -0.0051559442327203664, -0.0050433559444382631, -0.005074175886178478, -0.0051955701086573713, -0.005166262673671429, -0.0051756371356382336, -0.0051550184638145258, -0.0051553852381039378, -0.0053302487226328243, -0.0052746663074481892, -0.0051587398936808748, -0.0052296937990848891, -0.0052899299434140401, -0.0059655581159243631, -0.0054574636347638761, -0.0055718488560375368, -0.0055243339839884109, -0.0053796910441058776, -0.0051413015908875481, -0.0049979293965967675, -0.0052981758684932934, -0.0053281001638975645, -0.0067024627362351485, -0.003843858804207928, -0.0057780172203183711, -0.0042292914114407387, -0.0058783179987865752, -0.0059961463468959364, -0.0060506752539239428, -0.0062975309205266505, -0.0054171947949026578]
[-0.0050737573070664503, 0.0026052646722375165, 0.0026763510959119542, 0.0029683956598909492, 0.003476947234439364, 0.0039161835496095837, 0.0042262997823439476, 0.0045126970802162603, 0.0048692392605882047, 0.005209559578664251, 0.0054280411131784612, 0.0056552768145221866, 0.0058363999052484655, 0.0060564235636952485, 0.0063224417997798862, 0.0066240969922642182, 0.0067252638719315361, 0.0068970155636973174, 0.007503474696219356, 0.0079420939576289595, 0.0082596767939192017, 0.0081459388985300196, 0.0085879477803069149, 0.0086644589258753624, 0.0084295867326826257, 0.0086633483217315732, 0.0088274869611821571, 0.0090183440585533403, 0.0090256187550719902, 0.0089135835085060733, 0.0094496364765124796, 0.011344873653529958, 0.011791050489963067, 0.01160457578205612, 0.009934365120981753, 0.013684752371734499, 0.013667409730833829, 0.0093131894957186323, 0.015409026858974773, 0.017962933363113109, 0.016765101236576763, 0.010078006420236429, 0.0063541137404050096, 0.047915156218323818, 0.01677169854601479, 0.027656880537658302, 0.0085528070628751451, 0.0066264082493247556, 0.0086967569376509291, 0.010824189251777916]
[-0.0050222097898841795, -0.0050455537092437787, -0.0050465454845703885, -0.0050452480434184845, -0.0050387550953753246, -0.0050219043251476803, -0.0050153068819982563, -0.0049980609239248172, -0.0050056272034342264, -0.0049627048473645172, -0.0049565966829094657, -0.0049487344881289572, -0.0049531618119123891, -0.0049684328674256817, -0.0049978890678778476, -0.0049806452358214237, -0.0049683510481558085, -0.0049811728805984196, -0.0049815087452195761, -0.0050260611132141725, -0.0050214021594306296, -0.005057426073657445, -0.0049984325218617176, -0.00508339904058841, -0.0051940694258539033, -0.0052173201009484416, -0.0052062894835089024, -0.0052041173107847116, -0.0052266268022503615, -0.0052548192182267639, -0.0052454439327175584, -0.0051610159280841283, -0.0051557601328436065, -0.0053239862635654778, -0.0053213720132830322, -0.0053916304814212446, -0.005312191916976905, -0.0051644243689336067, -0.0048844142231662113, -0.0045677973657846926, -0.0051826005759530169, -0.0052009547835725756, -0.0053383148112649548, -0.0053465491533089826, -0.0052092157341257217, -0.0054048333066541443, -0.005138695635587609, -0.0053311144043711456, -0.0053566431293832484, -0.0054395990645199066]
[0.002217620357144132, 0.0054660948470217543, 0.0073106182603439734, 0.009034320581211893, 0.010158874446169339, 0.011596258621677541, 0.012350019609720916, 0.013240035756284102, 0.01447280260630425, 0.015701389835205179, 0.016461137990477867, 0.016060527231657032, 0.016536878955664858, 0.018683963117226671, 0.018527176742474338, 0.022585949797971266, 0.028745334949797363, 0.02313356283287385, 0.020171836675311861, 0.020158590252829123, 0.020957090503766096, 0.021531271803451379, 0.020574250474191424, 0.021457971758565952, 0.023249354921970888, 0.02458130760236138, 0.017786865311947675, 0.0044107179390464601, 0.017617914383261657, 0.022041533114248391, 0.016977866022999, 0.016027333116523046, 0.015968894988442228, 0.019371404921410762, 0.018145697594114663, 0.019196442995878304, 0.016217866841564788, 0.015061361253778216, 0.015236231795037858, 0.014411836723175586, 0.014106652007504272, 0.014305553008770455, 0.013185641275517135, 0.01248161475600762, 0.013646085723909573, 0.01472034979697967, 0.014838075178804533, 0.013622885369372062, 0.013879178346393961, 0.013234235671960692]
[-0.0048996568032149386, -0.0048671684958683367, -0.0048563920171803276, -0.0048374752495241209, -0.0048690435675171236, -0.0048528290371865623, -0.0048373242486698699, -0.0048154861872114138, -0.0047508381819326706, -0.0047786244534636368, -0.0048538328938828659, -0.0049828575521304944, -0.0047231780654797551, -0.004828814451470001, -0.005063007076406334, -0.0046905736291175532, -0.0050651124931356262, -0.005166380646967686, -0.0052767010144366688, -0.0053934825480575488, -0.0051684122813766553, -0.0052814449660496116, -0.0052892865233833408, -0.0054178998537327411, -0.0051597223915545165, -0.0043521737306179836, -0.0046561969847975782, -0.0057476217389725304, -0.0057924705168422852, -0.0071082704200267632, -0.0053725362301949575, -0.0052158171629566874, -0.0048012256972479739, -0.0046210992553522567, -0.0057579986192277111, -0.0032665873599559969, -0.0060985557181297279, -0.0060700396171675941, -0.0060552207460609908, -0.0060194489092376124, -0.0060233106367735545, -0.0061581399273965276, -0.0060615917803843455, -0.0059082105461015777, -0.0062327901747649961, -0.0062633988143001584, -0.0066094605888236402, -0.0067617770127870735, -0.0067770407728040549, -0.0072205307726377344]
[0.00068375864358110998, 0.0037892855235394105, 0.0050741575242231355, 0.0060595654265200253, 0.0070312981832281567, 0.0080676430889959211, 0.0088965142050006982, 0.0094259737912217659, 0.010166125394988942, 0.01078925431347983, 0.011337514524317138, 0.012013574695084003, 0.012189384974199996, 0.012657822340601685, 0.012601275050009561, 0.014262500326862521, 0.0158789557063925, 0.017239318739404291, 0.018019435140634699, 0.01850081864872985, 0.017700836101892076, 0.015729872279830887, 0.029022849729914341, 0.015705637752551904, 0.017215768644239626, 0.017512726210748231, 0.017220959347760301, 0.017359113832541073, 0.015269938409821826, 0.017441685166320609, 0.018815354664166173, 0.020718270774423952, 0.017628194437075251, 0.022420269233363599, 0.021079680546633561, 0.013568815106762555, 0.014624080489695213, 0.016122273231445994, 0.018872831159355452, 0.020234666220305786, 0.015895387735329392, 0.015552338942380506, 0.016000000814315407, 0.01660285305244158, 0.014390108058063511, 0.01427277605115651, 0.014465364901700029, 0.014080044717700191, 0.014213861777902292, 0.013056094009652908]
[-0.0049084606881431223, -0.0048975455949846133, -0.004883360222540354, -0.0048761080366974685, -0.0048737847823692483, -0.004881033071483673, -0.0048683078450571446, -0.0049070702331109189, -0.0049372609854384936, -0.004916358283025786, -0.0049146459967635836, -0.004952443695522897, -0.0049839504942872787, -0.0049636227349830614, -0.0050182469698308446, -0.0049090838460104369, -0.0047443371216919772, -0.0048991911492140688, -0.0049136768382142954, -0.0050266817703826516, -0.0050917570462392509, -0.0049329820619268133, -0.0056427386899514237, -0.0055024166496129845, -0.0052217167083576238, -0.0052081826385043384, -0.0052561390892887916, -0.005315127952972537, -0.0052175490272727276, -0.0051349113529912671, -0.0052880788421986458, -0.0053289801000066528, -0.0053744765660219684, -0.0053197221217732849, -0.0055836154334920618, -0.0059823533280725649, -0.0052072676058433076, -0.0049333593234743289, -0.0052659171821278772, -0.0060599092702417756, -0.0059345305209329291, -0.0056262118083024171, -0.0051349897367249653, -0.0052555747222999272, -0.0054160327580861645, -0.0052705221304439331, -0.0053452300939056119, -0.0055139342728539598, -0.0054985290916095553, -0.0042945226547387305]
[-0.001266225329775471, 0.0026387276934771459, 0.0034769129429025334, 0.0041552523304474055, 0.0048383692603576282, 0.0054170143965786375, 0.0058254817228241933, 0.0063884992802198531, 0.0068121368183565317, 0.0074775191477067099, 0.008025873900241523, 0.0083348593902063881, 0.0088796226698553068, 0.0091320887333545958, 0.0093958441464043196, 0.0098629989325880046, 0.010010021955481729, 0.010171761780455604, 0.0098964690853860504, 0.010086743396208964, 0.010815107071715124, 0.011744878812958687, 0.011697592335148749, 0.012130748479544179, 0.013225133917218274, 0.015401532519507544, 0.010911053471877374, 0.021802798517282757, 0.015979907181737391, 0.016053067206590832, 0.015891153731257157, 0.015264842619728158, 0.025216300251704848, 0.011896185177904639, 0.01475162160525878, 0.016870937253159413, 0.015759905712033728, 0.01778504754416782, 0.028196494907395953, 0.013326008421109647, 0.017251121804301717, 0.02295384460350286, 0.015308236333648195, 0.015165549026347924, 0.015300448682081247, 0.014358514603595829, 0.013025326833178363, 0.013431950418393956, 0.013834639554542894, 0.013549893409128821]
[-0.0049026396223639142, -0.004916121353224381, -0.0049063420775153129, -0.0049087366608259082, -0.0049055051350009836, -0.0048988414206096384, -0.0049018734855811666, -0.0049139486932413268, -0.0049115594169473822, -0.0049304577111349904, -0.0049408131233597899, -0.0049093321889859473, -0.0049474088876700489, -0.0049751602224873959, -0.0049949785431751131, -0.0050252289267784661, -0.0050779510922254606, -0.0051492507971861862, -0.0051522357047742301, -0.0051559442327203664, -0.0050433559444382631, -0.005074175886178478, -0.0051955701086573713, -0.005166262673671429, -0.0051756371356382336, -0.0051550184638145258, -0.0051553852381039378, -0.0053302487226328243, -0.0052746663074481892, -0.0051587398936808748, -0.0052296937990848891, -0.0052899299434140401, -0.0059655581159243631, -0.0054574636347638761, -0.0055718488560375368, -0.0055243339839884109, -0.0053796910441058776, -0.0051413015908875481, -0.0049979293965967675, -0.0052981758684932934, -0.0053281001638975645, -0.0067024627362351485, -0.003843858804207928, -0.0057780172203183711, -0.0042292914114407387, -0.0058783179987865752, -0.0059961463468959364, -0.0060506752539239428, -0.0062975309205266505, -0.0054171947949026578]
[-0.0050737573070664503, 0.0026052646722375165, 0.0026763510959119542, 0.0029683956598909492, 0.003476947234439364, 0.0039161835496095837, 0.0042262997823439476, 0.0045126970802162603, 0.0048692392605882047, 0.005209559578664251, 0.0054280411131784612, 0.0056552768145221866, 0.0058363999052484655, 0.0060564235636952485, 0.0063224417997798862, 0.0066240969922642182, 0.0067252638719315361, 0.0068970155636973174, 0.007503474696219356, 0.0079420939576289595, 0.0082596767939192017, 0.0081459388985300196, 0.0085879477803069149, 0.0086644589258753624, 0.0084295867326826257, 0.0086633483217315732, 0.0088274869611821571, 0.0090183440585533403, 0.0090256187550719902, 0.0089135835085060733, 0.0094496364765124796, 0.011344873653529958, 0.011791050489963067, 0.01160457578205612, 0.009934365120981753, 0.013684752371734499, 0.013667409730833829, 0.0093131894957186323, 0.015409026858974773, 0.017962933363113109, 0.016765101236576763, 0.010078006420236429, 0.0063541137404050096, 0.047915156218323818, 0.01677169854601479, 0.027656880537658302, 0.0085528070628751451, 0.0066264082493247556, 0.0086967569376509291, 0.010824189251777916]
[-0.0050222097898841795, -0.0050455537092437787, -0.0050465454845703885, -0.0050452480434184845, -0.0050387550953753246, -0.0050219043251476803, -0.0050153068819982563, -0.0049980609239248172, -0.0050056272034342264, -0.0049627048473645172, -0.0049565966829094657, -0.0049487344881289572, -0.0049531618119123891, -0.0049684328674256817, -0.0049978890678778476, -0.0049806452358214237, -0.0049683510481558085, -0.0049811728805984196, -0.0049815087452195761, -0.0050260611132141725, -0.0050214021594306296, -0.005057426073657445, -0.0049984325218617176, -0.00508339904058841, -0.0051940694258539033, -0.0052173201009484416, -0.0052062894835089024, -0.0052041173107847116, -0.0052266268022503615, -0.0052548192182267639, -0.0052454439327175584, -0.0051610159280841283, -0.0051557601328436065, -0.0053239862635654778, -0.0053213720132830322, -0.0053916304814212446, -0.005312191916976905, -0.0051644243689336067, -0.0048844142231662113, -0.0045677973657846926, -0.0051826005759530169, -0.0052009547835725756, -0.0053383148112649548, -0.0053465491533089826, -0.0052092157341257217, -0.0054048333066541443, -0.005138695635587609, -0.0053311144043711456, -0.0053566431293832484, -0.0054395990645199066]
[0.0020523034393962612, 0.0051730629107752182, 0.0069737336556851028, 0.0085010990854494338, 0.0098848368998894556, 0.011219671954704538, 0.012112813880187159, 0.013117780524454739, 0.01557564021608876, 0.017670905884375601, 0.018841758005914727, 0.017657012922051157, 0.018965685981628261, 0.022603668552276357, 0.023091790349696772, 0.028797065946766287, 0.036406753796416502, 0.029372060799581601, 0.024303771492741488, 0.02203114942409079, 0.024915684953968342, 0.02437217108829054, 0.023448259656815518, 0.024512974786714603, 0.024847410880936283, 0.027369631344752898, 0.019537198874291117, 0.0015526350541431588, 0.023400070717704446, 0.027562541497717752, 0.022146747947874523, 0.019796626213097968, 0.021839128338514868, 0.025450613666301303, 0.02394593655350219, 0.022683929197593766, 0.020047679462111612, 0.018539590000329453, 0.019348102726920002, 0.014364526158936575, 0.017577905792611648, 0.018372097020611822, 0.018336680220197299, 0.016773965133138891, 0.016614676939621487, 0.017152154667103625, 0.016769438920386515, 0.015932023923696192, 0.015412128324186702, 0.01022805692290274]
[-0.0049492998107846155, -0.0049214506376039028, -0.0048882967743730712, -0.0048467092160539588, -0.004801454516760513, -0.0046955195055405144, -0.0046041352583166828, -0.0045506356554202085, -0.0043059847426223374, -0.0043606511235669485, -0.0043316058469596713, -0.0043172798728443179, -0.0046725110562899422, -0.0047606854722069408, -0.0050291253697083704, -0.0052456275633591537, -0.0044171703923250594, -0.0055692695091372063, -0.0060414737114115602, -0.006536900981811547, -0.0058259527263890692, -0.0051328224514547854, -0.0044731016075981317, -0.0046290331618711461, -0.0038451096313549121, -0.00096003751196652165, -0.001851710304157983, -0.0011594789113985315, -0.0043807733413339656, -0.0052166676070552198, -0.0061952469873124694, -0.0047063518610666599, -0.0042305895981029074, -0.0065240864067496185, -0.0087946575559371687, -0.0070163270945615974, -0.0077806797879343137, -0.007754203923476255, -0.0072997449191959385, -0.0098795253508846825, -0.0064763502773833304, -0.0073847697996656803, -0.004732351629935988, -0.0064977188717012246, -0.0085130934679321646, -0.0082449499138183002, -0.0086186825470735973, -0.0083728881043067527, -0.0089703990637948205, -0.01044075842046599]
[0.00063337592513094422, 0.003514031282009872, 0.0047293502259986549, 0.0058147958037074194, 0.0067434839548075696, 0.0075526631563851074, 0.0083852655221925629, 0.0088560612250486656, 0.0099398269045658169, 0.01065266874559069, 0.010831493781926618, 0.011668206365972766, 0.011856699182949737, 0.012366043693654322, 0.012383658904495859, 0.016098111481121419, 0.01893244952627926, 0.020498681620726322, 0.021696124827579516, 0.022329750062293596, 0.021604804828907087, 0.018833268444080536, 0.040345588432797175, 0.018391273567355093, 0.01992369858023646, 0.02019689460091062, 0.019928073338418673, 0.020106570929856071, 0.016930671848011947, 0.020697134190462985, 0.021876892537295689, 0.024037624902715993, 0.02192318181614672, 0.022650962147241827, 0.022847349373367964, 0.016480894230788246, 0.020166506116914951, 0.020719105416204808, 0.023574437120920999, 0.024829478148217565, 0.021676686055272398, 0.020103350131379982, 0.020834354116753717, 0.02214952964088146, 0.019316952865835679, 0.02038213434396563, 0.023823789148453622, 0.020236815691760057, 0.021358061664221162, 0.017540390517775895]
[-0.0049766907368994587, -0.0049346835516858294, -0.0049247787829818992, -0.0049219778474960431, -0.0049138410804877575, -0.0049075615413411676, -0.0048812155060063145, -0.0049025414152630356, -0.0048282555554234538, -0.0048245810576321158, -0.0047932702099316993, -0.0047510026752461548, -0.0045463040813774197, -0.0047769171805174537, -0.0047082600493988241, -0.0041306119812388326, -0.0038301660036653279, -0.0038968760091731974, -0.0039976724464356045, -0.0040490102938072342, -0.00491406078732462, -0.0049956223398433669, -0.011874358688990103, -0.0051103628801230233, -0.0044815039862290268, -0.0044737697046070002, -0.004457296995103166, -0.0045549451667701024, -0.0050186429175874125, -0.0046502958626498947, -0.00442072315940506, -0.0041584003884629628, -0.0037092541633330645, -0.0035097421769094972, 0.002058384817782144, -0.0020129562993729533, -0.0020838598959046495, -0.0016553754595985959, -0.0021758388609057766, -0.0022695766615140889, -0.0028538613517227474, -0.0031935560417905018, -0.0030741970536152519, -0.0029152171890604872, -0.0034606412050935675, -0.0018474533511878832, -0.0021267492228512486, -0.0015192643279478557, -0.0011594635284494781, -0.0011609547942308396]
[-0.0012697957351469149, 0.0025381823372945282, 0.0032167503403123217, 0.0038744483241537515, 0.0045070827174301994, 0.0050514825701037588, 0.0055417678213496337, 0.0061935081452931355, 0.0065137036422147007, 0.0070429331159688607, 0.0075027978043415988, 0.0078297354881855658, 0.0084015261410937681, 0.0085897026514174663, 0.0087934746047472756, 0.0094100091410250497, 0.0098467239903534121, 0.0098002896734506462, 0.009466381127695489, 0.0097855285693543848, 0.010703564806430838, 0.011337879474490775, 0.011304639594604926, 0.01228079600488996, 0.014734930126120344, 0.01933038876535309, 0.013267054825603003, 0.029365533780770725, 0.020844660619023736, 0.019953988951372015, 0.019301040134708403, 0.01828076026910197, 0.035750315678890532, 0.013160204729973146, 0.016184520542392777, 0.018804895832861712, 0.018469463223166283, 0.021633252423628124, 0.034861122615725715, 0.016280540059418036, 0.02188522790565639, 0.029448954612749656, 0.016128657237843291, 0.016772963001082664, 0.016194026850696042, 0.017877838934001744, 0.015804496795158607, 0.015830479016267107, 0.016575136879678043, 0.017384500450217111]
[-0.0049849400671247513, -0.0049703239266595247, -0.004938585288638303, -0.0049596482591601279, -0.0049406167528323885, -0.004936431131241141, -0.0049440476136734732, -0.0049601956212611126, -0.0049464099517555621, -0.0049757072162650434, -0.0049750955811740244, -0.0049337855453977508, -0.004961860297402948, -0.004981475662455645, -0.0049568552752990991, -0.0050131437427012038, -0.0048630997349910915, -0.0049565138918219731, -0.0048677701627140857, -0.0047688931324554734, -0.0046609270889406834, -0.0047906768464945904, -0.0049287814980205902, -0.0048102309552736228, -0.0044583853973654136, -0.0038703459266773155, -0.0044969726359778694, -0.0044372166010637759, -0.0055094777325876698, -0.004479978027125131, -0.0043773512874668019, -0.0044674768943928633, -0.011747869848812598, -0.0043541750078882335, -0.0038609373273887637, -0.003679336429470631, -0.0036650910263203718, -0.0036253715767954608, -0.0033808670295113752, -0.0041011602262663038, -0.0045487912525731811, 0.00083918099762181342, -0.0047231007411262238, -0.0056633875983080617, -0.0022933459213006768, -0.0039737892886019532, -0.0045492358857903703, -0.0048016285142892523, -0.0049632322282802399, -0.0043168168472547952]
[-0.0049001465830291451, 0.0023642188319240587, 0.0024195515737600011, 0.0026602702392962523, 0.003057604717520891, 0.003373332927909858, 0.0037118319884009311, 0.0040693841299925763, 0.0043639702280505385, 0.0046473736095442794, 0.0048909085481910301, 0.0051742551362185217, 0.0054326350159005637, 0.005643104928291176, 0.0059803116914007026, 0.0063434989174207673, 0.0064604211684388957, 0.0065369441043799381, 0.0069013154175556202, 0.0072652739285682666, 0.0075138387985945881, 0.0079266074742631309, 0.0077714968095169562, 0.0077077756372650741, 0.0074791647909860648, 0.0077678681256505844, 0.0080912796301707002, 0.0085372336721498965, 0.0086233243038552343, 0.0086859415398521933, 0.0092735373803904675, 0.012500421645240511, 0.010959835788626499, 0.011129320880729154, 0.0093070275329504848, 0.014913241317591752, 0.011032550795502527, 0.0084000947094106104, 0.013893568071666695, 0.016832279952474827, 0.01740473391632319, 0.010501003586729896, 0.0058675349601879923, 0.053043874899999954, 0.024878701740792153, 0.033779812981467039, 0.0090333188394003949, 0.0069559166784495807, 0.0094518404554582713, 0.011827581479843696]
[-0.0049721748071461938, -0.0050034131884702264, -0.0049841747573538091, -0.0049565947854038755, -0.0049484384798551481, -0.0049604617669438203, -0.0049636265910189201, -0.0049951641975721148, -0.0049824520282130552, -0.0049556410222282299, -0.0049760639230409381, -0.0049905795122487176, -0.0050082758384231083, -0.0049952628140597921, -0.0049657521888828299, -0.0050397202210692577, -0.0050055791766908109, -0.0050213376571000695, -0.005065352388218175, -0.0051087175128810142, -0.0050833298781250147, -0.0052159463748716328, -0.00503816668787746, -0.0050771120210910264, -0.0051104426090771288, -0.0050719666208921266, -0.0050134145592682922, -0.0050006137286540131, -0.0050390412983682964, -0.0050534113871849862, -0.0051280014612430924, -0.0057548961593708314, -0.0052203547343853962, -0.0053889641073209815, -0.0052773796181194155, -0.0055991111852268238, -0.0050681683327572502, -0.0050691094002240367, -0.0050562329918824034, -0.0051349651118340334, -0.004405381900554256, -0.0048436100927181647, -0.0052019106506018264, -0.002403014185897473, -0.0041343348617314812, -0.0031484815585496595, -0.005214818633507784, -0.005281909754926789, -0.0052913549479167155, -0.0051511357546395464]
[0.0020523034393962612, 0.0051730629107752182, 0.0069737336556851028, 0.0085010990854494338, 0.0098848368998894556, 0.011219671954704538, 0.012112813880187159, 0.013117780524454739, 0.01557564021608876, 0.017670905884375601, 0.018841758005914727, 0.017657012922051157, 0.018965685981628261, 0.022603668552276357, 0.023091790349696772, 0.028797065946766287, 0.036406753796416502, 0.029372060799581601, 0.024303771492741488, 0.02203114942409079, 0.024915684953968342, 0.02437217108829054, 0.023448259656815518, 0.024512974786714603, 0.024847410880936283, 0.027369631344752898, 0.019537198874291117, 0.0015526350541431588, 0.023400070717704446, 0.027562541497717752, 0.022146747947874523, 0.019796626213097968, 0.021839128338514868, 0.025450613666301303, 0.02394593655350219, 0.022683929197593766, 0.020047679462111612, 0.018539590000329453, 0.019348102726920002, 0.014364526158936575, 0.017577905792611648, 0.018372097020611822, 0.018336680220197299, 0.016773965133138891, 0.016614676939621487, 0.017152154667103625, 0.016769438920386515, 0.015932023923696192, 0.015412128324186702, 0.01022805692290274]
[-0.0049492998107846155, -0.0049214506376039028, -0.0048882967743730712, -0.0048467092160539588, -0.004801454516760513, -0.0046955195055405144, -0.0046041352583166828, -0.0045506356554202085, -0.0043059847426223374, -0.0043606511235669485, -0.0043316058469596713, -0.0043172798728443179, -0.0046725110562899422, -0.0047606854722069408, -0.0050291253697083704, -0.0052456275633591537, -0.0044171703923250594, -0.0055692695091372063, -0.0060414737114115602, -0.006536900981811547, -0.0058259527263890692, -0.0051328224514547854, -0.0044731016075981317, -0.0046290331618711461, -0.0038451096313549121, -0.00096003751196652165, -0.001851710304157983, -0.0011594789113985315, -0.0043807733413339656, -0.0052166676070552198, -0.0061952469873124694, -0.0047063518610666599, -0.0042305895981029074, -0.0065240864067496185, -0.0087946575559371687, -0.0070163270945615974, -0.0077806797879343137, -0.007754203923476255, -0.0072997449191959385, -0.0098795253508846825, -0.0064763502773833304, -0.0073847697996656803, -0.004732351629935988, -0.0064977188717012246, -0.0085130934679321646, -0.0082449499138183002, -0.0086186825470735973, -0.0083728881043067527, -0.0089703990637948205, -0.01044075842046599]
[0.00063337592513094422, 0.003514031282009872, 0.0047293502259986549, 0.0058147958037074194, 0.0067434839548075696, 0.0075526631563851074, 0.0083852655221925629, 0.0088560612250486656, 0.0099398269045658169, 0.01065266874559069, 0.010831493781926618, 0.011668206365972766, 0.011856699182949737, 0.012366043693654322, 0.012383658904495859, 0.016098111481121419, 0.01893244952627926, 0.020498681620726322, 0.021696124827579516, 0.022329750062293596, 0.021604804828907087, 0.018833268444080536, 0.040345588432797175, 0.018391273567355093, 0.01992369858023646, 0.02019689460091062, 0.019928073338418673, 0.020106570929856071, 0.016930671848011947, 0.020697134190462985, 0.021876892537295689, 0.024037624902715993, 0.02192318181614672, 0.022650962147241827, 0.022847349373367964, 0.016480894230788246, 0.020166506116914951, 0.020719105416204808, 0.023574437120920999, 0.024829478148217565, 0.021676686055272398, 0.020103350131379982, 0.020834354116753717, 0.02214952964088146, 0.019316952865835679, 0.02038213434396563, 0.023823789148453622, 0.020236815691760057, 0.021358061664221162, 0.017540390517775895]
[-0.0049766907368994587, -0.0049346835516858294, -0.0049247787829818992, -0.0049219778474960431, -0.0049138410804877575, -0.0049075615413411676, -0.0048812155060063145, -0.0049025414152630356, -0.0048282555554234538, -0.0048245810576321158, -0.0047932702099316993, -0.0047510026752461548, -0.0045463040813774197, -0.0047769171805174537, -0.0047082600493988241, -0.0041306119812388326, -0.0038301660036653279, -0.0038968760091731974, -0.0039976724464356045, -0.0040490102938072342, -0.00491406078732462, -0.0049956223398433669, -0.011874358688990103, -0.0051103628801230233, -0.0044815039862290268, -0.0044737697046070002, -0.004457296995103166, -0.0045549451667701024, -0.0050186429175874125, -0.0046502958626498947, -0.00442072315940506, -0.0041584003884629628, -0.0037092541633330645, -0.0035097421769094972, 0.002058384817782144, -0.0020129562993729533, -0.0020838598959046495, -0.0016553754595985959, -0.0021758388609057766, -0.0022695766615140889, -0.0028538613517227474, -0.0031935560417905018, -0.0030741970536152519, -0.0029152171890604872, -0.0034606412050935675, -0.0018474533511878832, -0.0021267492228512486, -0.0015192643279478557, -0.0011594635284494781, -0.0011609547942308396]
[-0.0012697957351469149, 0.0025381823372945282, 0.0032167503403123217, 0.0038744483241537515, 0.0045070827174301994, 0.0050514825701037588, 0.0055417678213496337, 0.0061935081452931355, 0.0065137036422147007, 0.0070429331159688607, 0.0075027978043415988, 0.0078297354881855658, 0.0084015261410937681, 0.0085897026514174663, 0.0087934746047472756, 0.0094100091410250497, 0.0098467239903534121, 0.0098002896734506462, 0.009466381127695489, 0.0097855285693543848, 0.010703564806430838, 0.011337879474490775, 0.011304639594604926, 0.01228079600488996, 0.014734930126120344, 0.01933038876535309, 0.013267054825603003, 0.029365533780770725, 0.020844660619023736, 0.019953988951372015, 0.019301040134708403, 0.01828076026910197, 0.035750315678890532, 0.013160204729973146, 0.016184520542392777, 0.018804895832861712, 0.018469463223166283, 0.021633252423628124, 0.034861122615725715, 0.016280540059418036, 0.02188522790565639, 0.029448954612749656, 0.016128657237843291, 0.016772963001082664, 0.016194026850696042, 0.017877838934001744, 0.015804496795158607, 0.015830479016267107, 0.016575136879678043, 0.017384500450217111]
[-0.0049849400671247513, -0.0049703239266595247, -0.004938585288638303, -0.0049596482591601279, -0.0049406167528323885, -0.004936431131241141, -0.0049440476136734732, -0.0049601956212611126, -0.0049464099517555621, -0.0049757072162650434, -0.0049750955811740244, -0.0049337855453977508, -0.004961860297402948, -0.004981475662455645, -0.0049568552752990991, -0.0050131437427012038, -0.0048630997349910915, -0.0049565138918219731, -0.0048677701627140857, -0.0047688931324554734, -0.0046609270889406834, -0.0047906768464945904, -0.0049287814980205902, -0.0048102309552736228, -0.0044583853973654136, -0.0038703459266773155, -0.0044969726359778694, -0.0044372166010637759, -0.0055094777325876698, -0.004479978027125131, -0.0043773512874668019, -0.0044674768943928633, -0.011747869848812598, -0.0043541750078882335, -0.0038609373273887637, -0.003679336429470631, -0.0036650910263203718, -0.0036253715767954608, -0.0033808670295113752, -0.0041011602262663038, -0.0045487912525731811, 0.00083918099762181342, -0.0047231007411262238, -0.0056633875983080617, -0.0022933459213006768, -0.0039737892886019532, -0.0045492358857903703, -0.0048016285142892523, -0.0049632322282802399, -0.0043168168472547952]
[-0.0049001465830291451, 0.0023642188319240587, 0.0024195515737600011, 0.0026602702392962523, 0.003057604717520891, 0.003373332927909858, 0.0037118319884009311, 0.0040693841299925763, 0.0043639702280505385, 0.0046473736095442794, 0.0048909085481910301, 0.0051742551362185217, 0.0054326350159005637, 0.005643104928291176, 0.0059803116914007026, 0.0063434989174207673, 0.0064604211684388957, 0.0065369441043799381, 0.0069013154175556202, 0.0072652739285682666, 0.0075138387985945881, 0.0079266074742631309, 0.0077714968095169562, 0.0077077756372650741, 0.0074791647909860648, 0.0077678681256505844, 0.0080912796301707002, 0.0085372336721498965, 0.0086233243038552343, 0.0086859415398521933, 0.0092735373803904675, 0.012500421645240511, 0.010959835788626499, 0.011129320880729154, 0.0093070275329504848, 0.014913241317591752, 0.011032550795502527, 0.0084000947094106104, 0.013893568071666695, 0.016832279952474827, 0.01740473391632319, 0.010501003586729896, 0.0058675349601879923, 0.053043874899999954, 0.024878701740792153, 0.033779812981467039, 0.0090333188394003949, 0.0069559166784495807, 0.0094518404554582713, 0.011827581479843696]
[-0.0049721748071461938, -0.0050034131884702264, -0.0049841747573538091, -0.0049565947854038755, -0.0049484384798551481, -0.0049604617669438203, -0.0049636265910189201, -0.0049951641975721148, -0.0049824520282130552, -0.0049556410222282299, -0.0049760639230409381, -0.0049905795122487176, -0.0050082758384231083, -0.0049952628140597921, -0.0049657521888828299, -0.0050397202210692577, -0.0050055791766908109, -0.0050213376571000695, -0.005065352388218175, -0.0051087175128810142, -0.0050833298781250147, -0.0052159463748716328, -0.00503816668787746, -0.0050771120210910264, -0.0051104426090771288, -0.0050719666208921266, -0.0050134145592682922, -0.0050006137286540131, -0.0050390412983682964, -0.0050534113871849862, -0.0051280014612430924, -0.0057548961593708314, -0.0052203547343853962, -0.0053889641073209815, -0.0052773796181194155, -0.0055991111852268238, -0.0050681683327572502, -0.0050691094002240367, -0.0050562329918824034, -0.0051349651118340334, -0.004405381900554256, -0.0048436100927181647, -0.0052019106506018264, -0.002403014185897473, -0.0041343348617314812, -0.0031484815585496595, -0.005214818633507784, -0.005281909754926789, -0.0052913549479167155, -0.0051511357546395464]
[0.0020523034393962612, 0.0051730629107752182, 0.0069737336556851028, 0.0085010990854494338, 0.0098848368998894556, 0.011219671954704538, 0.012112813880187159, 0.013117780524454739, 0.01557564021608876, 0.017670905884375601, 0.018841758005914727, 0.017657012922051157, 0.018965685981628261, 0.022603668552276357, 0.023091790349696772, 0.028797065946766287, 0.036406753796416502, 0.029372060799581601, 0.024303771492741488, 0.02203114942409079, 0.024915684953968342, 0.02437217108829054, 0.023448259656815518, 0.024512974786714603, 0.024847410880936283, 0.027369631344752898, 0.019537198874291117, 0.0015526350541431588, 0.023400070717704446, 0.027562541497717752, 0.022146747947874523, 0.019796626213097968, 0.021839128338514868, 0.025450613666301303, 0.02394593655350219, 0.022683929197593766, 0.020047679462111612, 0.018539590000329453, 0.019348102726920002, 0.014364526158936575, 0.017577905792611648, 0.018372097020611822, 0.018336680220197299, 0.016773965133138891, 0.016614676939621487, 0.017152154667103625, 0.016769438920386515, 0.015932023923696192, 0.015412128324186702, 0.01022805692290274]
[-0.0049492998107846155, -0.0049214506376039028, -0.0048882967743730712, -0.0048467092160539588, -0.004801454516760513, -0.0046955195055405144, -0.0046041352583166828, -0.0045506356554202085, -0.0043059847426223374, -0.0043606511235669485, -0.0043316058469596713, -0.0043172798728443179, -0.0046725110562899422, -0.0047606854722069408, -0.0050291253697083704, -0.0052456275633591537, -0.0044171703923250594, -0.0055692695091372063, -0.0060414737114115602, -0.006536900981811547, -0.0058259527263890692, -0.0051328224514547854, -0.0044731016075981317, -0.0046290331618711461, -0.0038451096313549121, -0.00096003751196652165, -0.001851710304157983, -0.0011594789113985315, -0.0043807733413339656, -0.0052166676070552198, -0.0061952469873124694, -0.0047063518610666599, -0.0042305895981029074, -0.0065240864067496185, -0.0087946575559371687, -0.0070163270945615974, -0.0077806797879343137, -0.007754203923476255, -0.0072997449191959385, -0.0098795253508846825, -0.0064763502773833304, -0.0073847697996656803, -0.004732351629935988, -0.0064977188717012246, -0.0085130934679321646, -0.0082449499138183002, -0.0086186825470735973, -0.0083728881043067527, -0.0089703990637948205, -0.01044075842046599]
[0.00063337592513094422, 0.003514031282009872, 0.0047293502259986549, 0.0058147958037074194, 0.0067434839548075696, 0.0075526631563851074, 0.0083852655221925629, 0.0088560612250486656, 0.0099398269045658169, 0.01065266874559069, 0.010831493781926618, 0.011668206365972766, 0.011856699182949737, 0.012366043693654322, 0.012383658904495859, 0.016098111481121419, 0.01893244952627926, 0.020498681620726322, 0.021696124827579516, 0.022329750062293596, 0.021604804828907087, 0.018833268444080536, 0.040345588432797175, 0.018391273567355093, 0.01992369858023646, 0.02019689460091062, 0.019928073338418673, 0.020106570929856071, 0.016930671848011947, 0.020697134190462985, 0.021876892537295689, 0.024037624902715993, 0.02192318181614672, 0.022650962147241827, 0.022847349373367964, 0.016480894230788246, 0.020166506116914951, 0.020719105416204808, 0.023574437120920999, 0.024829478148217565, 0.021676686055272398, 0.020103350131379982, 0.020834354116753717, 0.02214952964088146, 0.019316952865835679, 0.02038213434396563, 0.023823789148453622, 0.020236815691760057, 0.021358061664221162, 0.017540390517775895]
[-0.0049766907368994587, -0.0049346835516858294, -0.0049247787829818992, -0.0049219778474960431, -0.0049138410804877575, -0.0049075615413411676, -0.0048812155060063145, -0.0049025414152630356, -0.0048282555554234538, -0.0048245810576321158, -0.0047932702099316993, -0.0047510026752461548, -0.0045463040813774197, -0.0047769171805174537, -0.0047082600493988241, -0.0041306119812388326, -0.0038301660036653279, -0.0038968760091731974, -0.0039976724464356045, -0.0040490102938072342, -0.00491406078732462, -0.0049956223398433669, -0.011874358688990103, -0.0051103628801230233, -0.0044815039862290268, -0.0044737697046070002, -0.004457296995103166, -0.0045549451667701024, -0.0050186429175874125, -0.0046502958626498947, -0.00442072315940506, -0.0041584003884629628, -0.0037092541633330645, -0.0035097421769094972, 0.002058384817782144, -0.0020129562993729533, -0.0020838598959046495, -0.0016553754595985959, -0.0021758388609057766, -0.0022695766615140889, -0.0028538613517227474, -0.0031935560417905018, -0.0030741970536152519, -0.0029152171890604872, -0.0034606412050935675, -0.0018474533511878832, -0.0021267492228512486, -0.0015192643279478557, -0.0011594635284494781, -0.0011609547942308396]
[-0.0012697957351469149, 0.0025381823372945282, 0.0032167503403123217, 0.0038744483241537515, 0.0045070827174301994, 0.0050514825701037588, 0.0055417678213496337, 0.0061935081452931355, 0.0065137036422147007, 0.0070429331159688607, 0.0075027978043415988, 0.0078297354881855658, 0.0084015261410937681, 0.0085897026514174663, 0.0087934746047472756, 0.0094100091410250497, 0.0098467239903534121, 0.0098002896734506462, 0.009466381127695489, 0.0097855285693543848, 0.010703564806430838, 0.011337879474490775, 0.011304639594604926, 0.01228079600488996, 0.014734930126120344, 0.01933038876535309, 0.013267054825603003, 0.029365533780770725, 0.020844660619023736, 0.019953988951372015, 0.019301040134708403, 0.01828076026910197, 0.035750315678890532, 0.013160204729973146, 0.016184520542392777, 0.018804895832861712, 0.018469463223166283, 0.021633252423628124, 0.034861122615725715, 0.016280540059418036, 0.02188522790565639, 0.029448954612749656, 0.016128657237843291, 0.016772963001082664, 0.016194026850696042, 0.017877838934001744, 0.015804496795158607, 0.015830479016267107, 0.016575136879678043, 0.017384500450217111]
[-0.0049849400671247513, -0.0049703239266595247, -0.004938585288638303, -0.0049596482591601279, -0.0049406167528323885, -0.004936431131241141, -0.0049440476136734732, -0.0049601956212611126, -0.0049464099517555621, -0.0049757072162650434, -0.0049750955811740244, -0.0049337855453977508, -0.004961860297402948, -0.004981475662455645, -0.0049568552752990991, -0.0050131437427012038, -0.0048630997349910915, -0.0049565138918219731, -0.0048677701627140857, -0.0047688931324554734, -0.0046609270889406834, -0.0047906768464945904, -0.0049287814980205902, -0.0048102309552736228, -0.0044583853973654136, -0.0038703459266773155, -0.0044969726359778694, -0.0044372166010637759, -0.0055094777325876698, -0.004479978027125131, -0.0043773512874668019, -0.0044674768943928633, -0.011747869848812598, -0.0043541750078882335, -0.0038609373273887637, -0.003679336429470631, -0.0036650910263203718, -0.0036253715767954608, -0.0033808670295113752, -0.0041011602262663038, -0.0045487912525731811, 0.00083918099762181342, -0.0047231007411262238, -0.0056633875983080617, -0.0022933459213006768, -0.0039737892886019532, -0.0045492358857903703, -0.0048016285142892523, -0.0049632322282802399, -0.0043168168472547952]
[-0.0049001465830291451, 0.0023642188319240587, 0.0024195515737600011, 0.0026602702392962523, 0.003057604717520891, 0.003373332927909858, 0.0037118319884009311, 0.0040693841299925763, 0.0043639702280505385, 0.0046473736095442794, 0.0048909085481910301, 0.0051742551362185217, 0.0054326350159005637, 0.005643104928291176, 0.0059803116914007026, 0.0063434989174207673, 0.0064604211684388957, 0.0065369441043799381, 0.0069013154175556202, 0.0072652739285682666, 0.0075138387985945881, 0.0079266074742631309, 0.0077714968095169562, 0.0077077756372650741, 0.0074791647909860648, 0.0077678681256505844, 0.0080912796301707002, 0.0085372336721498965, 0.0086233243038552343, 0.0086859415398521933, 0.0092735373803904675, 0.012500421645240511, 0.010959835788626499, 0.011129320880729154, 0.0093070275329504848, 0.014913241317591752, 0.011032550795502527, 0.0084000947094106104, 0.013893568071666695, 0.016832279952474827, 0.01740473391632319, 0.010501003586729896, 0.0058675349601879923, 0.053043874899999954, 0.024878701740792153, 0.033779812981467039, 0.0090333188394003949, 0.0069559166784495807, 0.0094518404554582713, 0.011827581479843696]
[-0.0049721748071461938, -0.0050034131884702264, -0.0049841747573538091, -0.0049565947854038755, -0.0049484384798551481, -0.0049604617669438203, -0.0049636265910189201, -0.0049951641975721148, -0.0049824520282130552, -0.0049556410222282299, -0.0049760639230409381, -0.0049905795122487176, -0.0050082758384231083, -0.0049952628140597921, -0.0049657521888828299, -0.0050397202210692577, -0.0050055791766908109, -0.0050213376571000695, -0.005065352388218175, -0.0051087175128810142, -0.0050833298781250147, -0.0052159463748716328, -0.00503816668787746, -0.0050771120210910264, -0.0051104426090771288, -0.0050719666208921266, -0.0050134145592682922, -0.0050006137286540131, -0.0050390412983682964, -0.0050534113871849862, -0.0051280014612430924, -0.0057548961593708314, -0.0052203547343853962, -0.0053889641073209815, -0.0052773796181194155, -0.0055991111852268238, -0.0050681683327572502, -0.0050691094002240367, -0.0050562329918824034, -0.0051349651118340334, -0.004405381900554256, -0.0048436100927181647, -0.0052019106506018264, -0.002403014185897473, -0.0041343348617314812, -0.0031484815585496595, -0.005214818633507784, -0.005281909754926789, -0.0052913549479167155, -0.0051511357546395464]
[0.0020523034393962612, 0.0051730629107752182, 0.0069737336556851028, 0.0085010990854494338, 0.0098848368998894556, 0.011219671954704538, 0.012112813880187159, 0.013117780524454739, 0.01557564021608876, 0.017670905884375601, 0.018841758005914727, 0.017657012922051157, 0.018965685981628261, 0.022603668552276357, 0.023091790349696772, 0.028797065946766287, 0.036406753796416502, 0.029372060799581601, 0.024303771492741488, 0.02203114942409079, 0.024915684953968342, 0.02437217108829054, 0.023448259656815518, 0.024512974786714603, 0.024847410880936283, 0.027369631344752898, 0.019537198874291117, 0.0015526350541431588, 0.023400070717704446, 0.027562541497717752, 0.022146747947874523, 0.019796626213097968, 0.021839128338514868, 0.025450613666301303, 0.02394593655350219, 0.022683929197593766, 0.020047679462111612, 0.018539590000329453, 0.019348102726920002, 0.014364526158936575, 0.017577905792611648, 0.018372097020611822, 0.018336680220197299, 0.016773965133138891, 0.016614676939621487, 0.017152154667103625, 0.016769438920386515, 0.015932023923696192, 0.015412128324186702, 0.01022805692290274]
[-0.0049492998107846155, -0.0049214506376039028, -0.0048882967743730712, -0.0048467092160539588, -0.004801454516760513, -0.0046955195055405144, -0.0046041352583166828, -0.0045506356554202085, -0.0043059847426223374, -0.0043606511235669485, -0.0043316058469596713, -0.0043172798728443179, -0.0046725110562899422, -0.0047606854722069408, -0.0050291253697083704, -0.0052456275633591537, -0.0044171703923250594, -0.0055692695091372063, -0.0060414737114115602, -0.006536900981811547, -0.0058259527263890692, -0.0051328224514547854, -0.0044731016075981317, -0.0046290331618711461, -0.0038451096313549121, -0.00096003751196652165, -0.001851710304157983, -0.0011594789113985315, -0.0043807733413339656, -0.0052166676070552198, -0.0061952469873124694, -0.0047063518610666599, -0.0042305895981029074, -0.0065240864067496185, -0.0087946575559371687, -0.0070163270945615974, -0.0077806797879343137, -0.007754203923476255, -0.0072997449191959385, -0.0098795253508846825, -0.0064763502773833304, -0.0073847697996656803, -0.004732351629935988, -0.0064977188717012246, -0.0085130934679321646, -0.0082449499138183002, -0.0086186825470735973, -0.0083728881043067527, -0.0089703990637948205, -0.01044075842046599]
[0.00063337592513094422, 0.003514031282009872, 0.0047293502259986549, 0.0058147958037074194, 0.0067434839548075696, 0.0075526631563851074, 0.0083852655221925629, 0.0088560612250486656, 0.0099398269045658169, 0.01065266874559069, 0.010831493781926618, 0.011668206365972766, 0.011856699182949737, 0.012366043693654322, 0.012383658904495859, 0.016098111481121419, 0.01893244952627926, 0.020498681620726322, 0.021696124827579516, 0.022329750062293596, 0.021604804828907087, 0.018833268444080536, 0.040345588432797175, 0.018391273567355093, 0.01992369858023646, 0.02019689460091062, 0.019928073338418673, 0.020106570929856071, 0.016930671848011947, 0.020697134190462985, 0.021876892537295689, 0.024037624902715993, 0.02192318181614672, 0.022650962147241827, 0.022847349373367964, 0.016480894230788246, 0.020166506116914951, 0.020719105416204808, 0.023574437120920999, 0.024829478148217565, 0.021676686055272398, 0.020103350131379982, 0.020834354116753717, 0.02214952964088146, 0.019316952865835679, 0.02038213434396563, 0.023823789148453622, 0.020236815691760057, 0.021358061664221162, 0.017540390517775895]
[-0.0049766907368994587, -0.0049346835516858294, -0.0049247787829818992, -0.0049219778474960431, -0.0049138410804877575, -0.0049075615413411676, -0.0048812155060063145, -0.0049025414152630356, -0.0048282555554234538, -0.0048245810576321158, -0.0047932702099316993, -0.0047510026752461548, -0.0045463040813774197, -0.0047769171805174537, -0.0047082600493988241, -0.0041306119812388326, -0.0038301660036653279, -0.0038968760091731974, -0.0039976724464356045, -0.0040490102938072342, -0.00491406078732462, -0.0049956223398433669, -0.011874358688990103, -0.0051103628801230233, -0.0044815039862290268, -0.0044737697046070002, -0.004457296995103166, -0.0045549451667701024, -0.0050186429175874125, -0.0046502958626498947, -0.00442072315940506, -0.0041584003884629628, -0.0037092541633330645, -0.0035097421769094972, 0.002058384817782144, -0.0020129562993729533, -0.0020838598959046495, -0.0016553754595985959, -0.0021758388609057766, -0.0022695766615140889, -0.0028538613517227474, -0.0031935560417905018, -0.0030741970536152519, -0.0029152171890604872, -0.0034606412050935675, -0.0018474533511878832, -0.0021267492228512486, -0.0015192643279478557, -0.0011594635284494781, -0.0011609547942308396]
[-0.0012697957351469149, 0.0025381823372945282, 0.0032167503403123217, 0.0038744483241537515, 0.0045070827174301994, 0.0050514825701037588, 0.0055417678213496337, 0.0061935081452931355, 0.0065137036422147007, 0.0070429331159688607, 0.0075027978043415988, 0.0078297354881855658, 0.0084015261410937681, 0.0085897026514174663, 0.0087934746047472756, 0.0094100091410250497, 0.0098467239903534121, 0.0098002896734506462, 0.009466381127695489, 0.0097855285693543848, 0.010703564806430838, 0.011337879474490775, 0.011304639594604926, 0.01228079600488996, 0.014734930126120344, 0.01933038876535309, 0.013267054825603003, 0.029365533780770725, 0.020844660619023736, 0.019953988951372015, 0.019301040134708403, 0.01828076026910197, 0.035750315678890532, 0.013160204729973146, 0.016184520542392777, 0.018804895832861712, 0.018469463223166283, 0.021633252423628124, 0.034861122615725715, 0.016280540059418036, 0.02188522790565639, 0.029448954612749656, 0.016128657237843291, 0.016772963001082664, 0.016194026850696042, 0.017877838934001744, 0.015804496795158607, 0.015830479016267107, 0.016575136879678043, 0.017384500450217111]
[-0.0049849400671247513, -0.0049703239266595247, -0.004938585288638303, -0.0049596482591601279, -0.0049406167528323885, -0.004936431131241141, -0.0049440476136734732, -0.0049601956212611126, -0.0049464099517555621, -0.0049757072162650434, -0.0049750955811740244, -0.0049337855453977508, -0.004961860297402948, -0.004981475662455645, -0.0049568552752990991, -0.0050131437427012038, -0.0048630997349910915, -0.0049565138918219731, -0.0048677701627140857, -0.0047688931324554734, -0.0046609270889406834, -0.0047906768464945904, -0.0049287814980205902, -0.0048102309552736228, -0.0044583853973654136, -0.0038703459266773155, -0.0044969726359778694, -0.0044372166010637759, -0.0055094777325876698, -0.004479978027125131, -0.0043773512874668019, -0.0044674768943928633, -0.011747869848812598, -0.0043541750078882335, -0.0038609373273887637, -0.003679336429470631, -0.0036650910263203718, -0.0036253715767954608, -0.0033808670295113752, -0.0041011602262663038, -0.0045487912525731811, 0.00083918099762181342, -0.0047231007411262238, -0.0056633875983080617, -0.0022933459213006768, -0.0039737892886019532, -0.0045492358857903703, -0.0048016285142892523, -0.0049632322282802399, -0.0043168168472547952]
[-0.0049001465830291451, 0.0023642188319240587, 0.0024195515737600011, 0.0026602702392962523, 0.003057604717520891, 0.003373332927909858, 0.0037118319884009311, 0.0040693841299925763, 0.0043639702280505385, 0.0046473736095442794, 0.0048909085481910301, 0.0051742551362185217, 0.0054326350159005637, 0.005643104928291176, 0.0059803116914007026, 0.0063434989174207673, 0.0064604211684388957, 0.0065369441043799381, 0.0069013154175556202, 0.0072652739285682666, 0.0075138387985945881, 0.0079266074742631309, 0.0077714968095169562, 0.0077077756372650741, 0.0074791647909860648, 0.0077678681256505844, 0.0080912796301707002, 0.0085372336721498965, 0.0086233243038552343, 0.0086859415398521933, 0.0092735373803904675, 0.012500421645240511, 0.010959835788626499, 0.011129320880729154, 0.0093070275329504848, 0.014913241317591752, 0.011032550795502527, 0.0084000947094106104, 0.013893568071666695, 0.016832279952474827, 0.01740473391632319, 0.010501003586729896, 0.0058675349601879923, 0.053043874899999954, 0.024878701740792153, 0.033779812981467039, 0.0090333188394003949, 0.0069559166784495807, 0.0094518404554582713, 0.011827581479843696]
[-0.0049721748071461938, -0.0050034131884702264, -0.0049841747573538091, -0.0049565947854038755, -0.0049484384798551481, -0.0049604617669438203, -0.0049636265910189201, -0.0049951641975721148, -0.0049824520282130552, -0.0049556410222282299, -0.0049760639230409381, -0.0049905795122487176, -0.0050082758384231083, -0.0049952628140597921, -0.0049657521888828299, -0.0050397202210692577, -0.0050055791766908109, -0.0050213376571000695, -0.005065352388218175, -0.0051087175128810142, -0.0050833298781250147, -0.0052159463748716328, -0.00503816668787746, -0.0050771120210910264, -0.0051104426090771288, -0.0050719666208921266, -0.0050134145592682922, -0.0050006137286540131, -0.0050390412983682964, -0.0050534113871849862, -0.0051280014612430924, -0.0057548961593708314, -0.0052203547343853962, -0.0053889641073209815, -0.0052773796181194155, -0.0055991111852268238, -0.0050681683327572502, -0.0050691094002240367, -0.0050562329918824034, -0.0051349651118340334, -0.004405381900554256, -0.0048436100927181647, -0.0052019106506018264, -0.002403014185897473, -0.0041343348617314812, -0.0031484815585496595, -0.005214818633507784, -0.005281909754926789, -0.0052913549479167155, -0.0051511357546395464]
[0.0020523034393962612, 0.0051730629107752182, 0.0069737336556851028, 0.0085010990854494338, 0.0098848368998894556, 0.011219671954704538, 0.012112813880187159, 0.013117780524454739, 0.01557564021608876, 0.017670905884375601, 0.018841758005914727, 0.017657012922051157, 0.018965685981628261, 0.022603668552276357, 0.023091790349696772, 0.028797065946766287, 0.036406753796416502, 0.029372060799581601, 0.024303771492741488, 0.02203114942409079, 0.024915684953968342, 0.02437217108829054, 0.023448259656815518, 0.024512974786714603, 0.024847410880936283, 0.027369631344752898, 0.019537198874291117, 0.0015526350541431588, 0.023400070717704446, 0.027562541497717752, 0.022146747947874523, 0.019796626213097968, 0.021839128338514868, 0.025450613666301303, 0.02394593655350219, 0.022683929197593766, 0.020047679462111612, 0.018539590000329453, 0.019348102726920002, 0.014364526158936575, 0.017577905792611648, 0.018372097020611822, 0.018336680220197299, 0.016773965133138891, 0.016614676939621487, 0.017152154667103625, 0.016769438920386515, 0.015932023923696192, 0.015412128324186702, 0.01022805692290274]
[-0.0049492998107846155, -0.0049214506376039028, -0.0048882967743730712, -0.0048467092160539588, -0.004801454516760513, -0.0046955195055405144, -0.0046041352583166828, -0.0045506356554202085, -0.0043059847426223374, -0.0043606511235669485, -0.0043316058469596713, -0.0043172798728443179, -0.0046725110562899422, -0.0047606854722069408, -0.0050291253697083704, -0.0052456275633591537, -0.0044171703923250594, -0.0055692695091372063, -0.0060414737114115602, -0.006536900981811547, -0.0058259527263890692, -0.0051328224514547854, -0.0044731016075981317, -0.0046290331618711461, -0.0038451096313549121, -0.00096003751196652165, -0.001851710304157983, -0.0011594789113985315, -0.0043807733413339656, -0.0052166676070552198, -0.0061952469873124694, -0.0047063518610666599, -0.0042305895981029074, -0.0065240864067496185, -0.0087946575559371687, -0.0070163270945615974, -0.0077806797879343137, -0.007754203923476255, -0.0072997449191959385, -0.0098795253508846825, -0.0064763502773833304, -0.0073847697996656803, -0.004732351629935988, -0.0064977188717012246, -0.0085130934679321646, -0.0082449499138183002, -0.0086186825470735973, -0.0083728881043067527, -0.0089703990637948205, -0.01044075842046599]
[0.00063337592513094422, 0.003514031282009872, 0.0047293502259986549, 0.0058147958037074194, 0.0067434839548075696, 0.0075526631563851074, 0.0083852655221925629, 0.0088560612250486656, 0.0099398269045658169, 0.01065266874559069, 0.010831493781926618, 0.011668206365972766, 0.011856699182949737, 0.012366043693654322, 0.012383658904495859, 0.016098111481121419, 0.01893244952627926, 0.020498681620726322, 0.021696124827579516, 0.022329750062293596, 0.021604804828907087, 0.018833268444080536, 0.040345588432797175, 0.018391273567355093, 0.01992369858023646, 0.02019689460091062, 0.019928073338418673, 0.020106570929856071, 0.016930671848011947, 0.020697134190462985, 0.021876892537295689, 0.024037624902715993, 0.02192318181614672, 0.022650962147241827, 0.022847349373367964, 0.016480894230788246, 0.020166506116914951, 0.020719105416204808, 0.023574437120920999, 0.024829478148217565, 0.021676686055272398, 0.020103350131379982, 0.020834354116753717, 0.02214952964088146, 0.019316952865835679, 0.02038213434396563, 0.023823789148453622, 0.020236815691760057, 0.021358061664221162, 0.017540390517775895]
[-0.0049766907368994587, -0.0049346835516858294, -0.0049247787829818992, -0.0049219778474960431, -0.0049138410804877575, -0.0049075615413411676, -0.0048812155060063145, -0.0049025414152630356, -0.0048282555554234538, -0.0048245810576321158, -0.0047932702099316993, -0.0047510026752461548, -0.0045463040813774197, -0.0047769171805174537, -0.0047082600493988241, -0.0041306119812388326, -0.0038301660036653279, -0.0038968760091731974, -0.0039976724464356045, -0.0040490102938072342, -0.00491406078732462, -0.0049956223398433669, -0.011874358688990103, -0.0051103628801230233, -0.0044815039862290268, -0.0044737697046070002, -0.004457296995103166, -0.0045549451667701024, -0.0050186429175874125, -0.0046502958626498947, -0.00442072315940506, -0.0041584003884629628, -0.0037092541633330645, -0.0035097421769094972, 0.002058384817782144, -0.0020129562993729533, -0.0020838598959046495, -0.0016553754595985959, -0.0021758388609057766, -0.0022695766615140889, -0.0028538613517227474, -0.0031935560417905018, -0.0030741970536152519, -0.0029152171890604872, -0.0034606412050935675, -0.0018474533511878832, -0.0021267492228512486, -0.0015192643279478557, -0.0011594635284494781, -0.0011609547942308396]
[-0.0012697957351469149, 0.0025381823372945282, 0.0032167503403123217, 0.0038744483241537515, 0.0045070827174301994, 0.0050514825701037588, 0.0055417678213496337, 0.0061935081452931355, 0.0065137036422147007, 0.0070429331159688607, 0.0075027978043415988, 0.0078297354881855658, 0.0084015261410937681, 0.0085897026514174663, 0.0087934746047472756, 0.0094100091410250497, 0.0098467239903534121, 0.0098002896734506462, 0.009466381127695489, 0.0097855285693543848, 0.010703564806430838, 0.011337879474490775, 0.011304639594604926, 0.01228079600488996, 0.014734930126120344, 0.01933038876535309, 0.013267054825603003, 0.029365533780770725, 0.020844660619023736, 0.019953988951372015, 0.019301040134708403, 0.01828076026910197, 0.035750315678890532, 0.013160204729973146, 0.016184520542392777, 0.018804895832861712, 0.018469463223166283, 0.021633252423628124, 0.034861122615725715, 0.016280540059418036, 0.02188522790565639, 0.029448954612749656, 0.016128657237843291, 0.016772963001082664, 0.016194026850696042, 0.017877838934001744, 0.015804496795158607, 0.015830479016267107, 0.016575136879678043, 0.017384500450217111]
[-0.0049849400671247513, -0.0049703239266595247, -0.004938585288638303, -0.0049596482591601279, -0.0049406167528323885, -0.004936431131241141, -0.0049440476136734732, -0.0049601956212611126, -0.0049464099517555621, -0.0049757072162650434, -0.0049750955811740244, -0.0049337855453977508, -0.004961860297402948, -0.004981475662455645, -0.0049568552752990991, -0.0050131437427012038, -0.0048630997349910915, -0.0049565138918219731, -0.0048677701627140857, -0.0047688931324554734, -0.0046609270889406834, -0.0047906768464945904, -0.0049287814980205902, -0.0048102309552736228, -0.0044583853973654136, -0.0038703459266773155, -0.0044969726359778694, -0.0044372166010637759, -0.0055094777325876698, -0.004479978027125131, -0.0043773512874668019, -0.0044674768943928633, -0.011747869848812598, -0.0043541750078882335, -0.0038609373273887637, -0.003679336429470631, -0.0036650910263203718, -0.0036253715767954608, -0.0033808670295113752, -0.0041011602262663038, -0.0045487912525731811, 0.00083918099762181342, -0.0047231007411262238, -0.0056633875983080617, -0.0022933459213006768, -0.0039737892886019532, -0.0045492358857903703, -0.0048016285142892523, -0.0049632322282802399, -0.0043168168472547952]
[-0.0049001465830291451, 0.0023642188319240587, 0.0024195515737600011, 0.0026602702392962523, 0.003057604717520891, 0.003373332927909858, 0.0037118319884009311, 0.0040693841299925763, 0.0043639702280505385, 0.0046473736095442794, 0.0048909085481910301, 0.0051742551362185217, 0.0054326350159005637, 0.005643104928291176, 0.0059803116914007026, 0.0063434989174207673, 0.0064604211684388957, 0.0065369441043799381, 0.0069013154175556202, 0.0072652739285682666, 0.0075138387985945881, 0.0079266074742631309, 0.0077714968095169562, 0.0077077756372650741, 0.0074791647909860648, 0.0077678681256505844, 0.0080912796301707002, 0.0085372336721498965, 0.0086233243038552343, 0.0086859415398521933, 0.0092735373803904675, 0.012500421645240511, 0.010959835788626499, 0.011129320880729154, 0.0093070275329504848, 0.014913241317591752, 0.011032550795502527, 0.0084000947094106104, 0.013893568071666695, 0.016832279952474827, 0.01740473391632319, 0.010501003586729896, 0.0058675349601879923, 0.053043874899999954, 0.024878701740792153, 0.033779812981467039, 0.0090333188394003949, 0.0069559166784495807, 0.0094518404554582713, 0.011827581479843696]
[-0.0049721748071461938, -0.0050034131884702264, -0.0049841747573538091, -0.0049565947854038755, -0.0049484384798551481, -0.0049604617669438203, -0.0049636265910189201, -0.0049951641975721148, -0.0049824520282130552, -0.0049556410222282299, -0.0049760639230409381, -0.0049905795122487176, -0.0050082758384231083, -0.0049952628140597921, -0.0049657521888828299, -0.0050397202210692577, -0.0050055791766908109, -0.0050213376571000695, -0.005065352388218175, -0.0051087175128810142, -0.0050833298781250147, -0.0052159463748716328, -0.00503816668787746, -0.0050771120210910264, -0.0051104426090771288, -0.0050719666208921266, -0.0050134145592682922, -0.0050006137286540131, -0.0050390412983682964, -0.0050534113871849862, -0.0051280014612430924, -0.0057548961593708314, -0.0052203547343853962, -0.0053889641073209815, -0.0052773796181194155, -0.0055991111852268238, -0.0050681683327572502, -0.0050691094002240367, -0.0050562329918824034, -0.0051349651118340334, -0.004405381900554256, -0.0048436100927181647, -0.0052019106506018264, -0.002403014185897473, -0.0041343348617314812, -0.0031484815585496595, -0.005214818633507784, -0.005281909754926789, -0.0052913549479167155, -0.0051511357546395464]
[0.0020523034393962612, 0.0051730629107752182, 0.0069737336556851028, 0.0085010990854494338, 0.0098848368998894556, 0.011219671954704538, 0.012112813880187159, 0.013117780524454739, 0.01557564021608876, 0.017670905884375601, 0.018841758005914727, 0.017657012922051157, 0.018965685981628261, 0.022603668552276357, 0.023091790349696772, 0.028797065946766287, 0.036406753796416502, 0.029372060799581601, 0.024303771492741488, 0.02203114942409079, 0.024915684953968342, 0.02437217108829054, 0.023448259656815518, 0.024512974786714603, 0.024847410880936283, 0.027369631344752898, 0.019537198874291117, 0.0015526350541431588, 0.023400070717704446, 0.027562541497717752, 0.022146747947874523, 0.019796626213097968, 0.021839128338514868, 0.025450613666301303, 0.02394593655350219, 0.022683929197593766, 0.020047679462111612, 0.018539590000329453, 0.019348102726920002, 0.014364526158936575, 0.017577905792611648, 0.018372097020611822, 0.018336680220197299, 0.016773965133138891, 0.016614676939621487, 0.017152154667103625, 0.016769438920386515, 0.015932023923696192, 0.015412128324186702, 0.01022805692290274]
[-0.0049492998107846155, -0.0049214506376039028, -0.0048882967743730712, -0.0048467092160539588, -0.004801454516760513, -0.0046955195055405144, -0.0046041352583166828, -0.0045506356554202085, -0.0043059847426223374, -0.0043606511235669485, -0.0043316058469596713, -0.0043172798728443179, -0.0046725110562899422, -0.0047606854722069408, -0.0050291253697083704, -0.0052456275633591537, -0.0044171703923250594, -0.0055692695091372063, -0.0060414737114115602, -0.006536900981811547, -0.0058259527263890692, -0.0051328224514547854, -0.0044731016075981317, -0.0046290331618711461, -0.0038451096313549121, -0.00096003751196652165, -0.001851710304157983, -0.0011594789113985315, -0.0043807733413339656, -0.0052166676070552198, -0.0061952469873124694, -0.0047063518610666599, -0.0042305895981029074, -0.0065240864067496185, -0.0087946575559371687, -0.0070163270945615974, -0.0077806797879343137, -0.007754203923476255, -0.0072997449191959385, -0.0098795253508846825, -0.0064763502773833304, -0.0073847697996656803, -0.004732351629935988, -0.0064977188717012246, -0.0085130934679321646, -0.0082449499138183002, -0.0086186825470735973, -0.0083728881043067527, -0.0089703990637948205, -0.01044075842046599]
[0.00063337592513094422, 0.003514031282009872, 0.0047293502259986549, 0.0058147958037074194, 0.0067434839548075696, 0.0075526631563851074, 0.0083852655221925629, 0.0088560612250486656, 0.0099398269045658169, 0.01065266874559069, 0.010831493781926618, 0.011668206365972766, 0.011856699182949737, 0.012366043693654322, 0.012383658904495859, 0.016098111481121419, 0.01893244952627926, 0.020498681620726322, 0.021696124827579516, 0.022329750062293596, 0.021604804828907087, 0.018833268444080536, 0.040345588432797175, 0.018391273567355093, 0.01992369858023646, 0.02019689460091062, 0.019928073338418673, 0.020106570929856071, 0.016930671848011947, 0.020697134190462985, 0.021876892537295689, 0.024037624902715993, 0.02192318181614672, 0.022650962147241827, 0.022847349373367964, 0.016480894230788246, 0.020166506116914951, 0.020719105416204808, 0.023574437120920999, 0.024829478148217565, 0.021676686055272398, 0.020103350131379982, 0.020834354116753717, 0.02214952964088146, 0.019316952865835679, 0.02038213434396563, 0.023823789148453622, 0.020236815691760057, 0.021358061664221162, 0.017540390517775895]
[-0.0049766907368994587, -0.0049346835516858294, -0.0049247787829818992, -0.0049219778474960431, -0.0049138410804877575, -0.0049075615413411676, -0.0048812155060063145, -0.0049025414152630356, -0.0048282555554234538, -0.0048245810576321158, -0.0047932702099316993, -0.0047510026752461548, -0.0045463040813774197, -0.0047769171805174537, -0.0047082600493988241, -0.0041306119812388326, -0.0038301660036653279, -0.0038968760091731974, -0.0039976724464356045, -0.0040490102938072342, -0.00491406078732462, -0.0049956223398433669, -0.011874358688990103, -0.0051103628801230233, -0.0044815039862290268, -0.0044737697046070002, -0.004457296995103166, -0.0045549451667701024, -0.0050186429175874125, -0.0046502958626498947, -0.00442072315940506, -0.0041584003884629628, -0.0037092541633330645, -0.0035097421769094972, 0.002058384817782144, -0.0020129562993729533, -0.0020838598959046495, -0.0016553754595985959, -0.0021758388609057766, -0.0022695766615140889, -0.0028538613517227474, -0.0031935560417905018, -0.0030741970536152519, -0.0029152171890604872, -0.0034606412050935675, -0.0018474533511878832, -0.0021267492228512486, -0.0015192643279478557, -0.0011594635284494781, -0.0011609547942308396]
[-0.0012697957351469149, 0.0025381823372945282, 0.0032167503403123217, 0.0038744483241537515, 0.0045070827174301994, 0.0050514825701037588, 0.0055417678213496337, 0.0061935081452931355, 0.0065137036422147007, 0.0070429331159688607, 0.0075027978043415988, 0.0078297354881855658, 0.0084015261410937681, 0.0085897026514174663, 0.0087934746047472756, 0.0094100091410250497, 0.0098467239903534121, 0.0098002896734506462, 0.009466381127695489, 0.0097855285693543848, 0.010703564806430838, 0.011337879474490775, 0.011304639594604926, 0.01228079600488996, 0.014734930126120344, 0.01933038876535309, 0.013267054825603003, 0.029365533780770725, 0.020844660619023736, 0.019953988951372015, 0.019301040134708403, 0.01828076026910197, 0.035750315678890532, 0.013160204729973146, 0.016184520542392777, 0.018804895832861712, 0.018469463223166283, 0.021633252423628124, 0.034861122615725715, 0.016280540059418036, 0.02188522790565639, 0.029448954612749656, 0.016128657237843291, 0.016772963001082664, 0.016194026850696042, 0.017877838934001744, 0.015804496795158607, 0.015830479016267107, 0.016575136879678043, 0.017384500450217111]
[-0.0049849400671247513, -0.0049703239266595247, -0.004938585288638303, -0.0049596482591601279, -0.0049406167528323885, -0.004936431131241141, -0.0049440476136734732, -0.0049601956212611126, -0.0049464099517555621, -0.0049757072162650434, -0.0049750955811740244, -0.0049337855453977508, -0.004961860297402948, -0.004981475662455645, -0.0049568552752990991, -0.0050131437427012038, -0.0048630997349910915, -0.0049565138918219731, -0.0048677701627140857, -0.0047688931324554734, -0.0046609270889406834, -0.0047906768464945904, -0.0049287814980205902, -0.0048102309552736228, -0.0044583853973654136, -0.0038703459266773155, -0.0044969726359778694, -0.0044372166010637759, -0.0055094777325876698, -0.004479978027125131, -0.0043773512874668019, -0.0044674768943928633, -0.011747869848812598, -0.0043541750078882335, -0.0038609373273887637, -0.003679336429470631, -0.0036650910263203718, -0.0036253715767954608, -0.0033808670295113752, -0.0041011602262663038, -0.0045487912525731811, 0.00083918099762181342, -0.0047231007411262238, -0.0056633875983080617, -0.0022933459213006768, -0.0039737892886019532, -0.0045492358857903703, -0.0048016285142892523, -0.0049632322282802399, -0.0043168168472547952]
[-0.0049001465830291451, 0.0023642188319240587, 0.0024195515737600011, 0.0026602702392962523, 0.003057604717520891, 0.003373332927909858, 0.0037118319884009311, 0.0040693841299925763, 0.0043639702280505385, 0.0046473736095442794, 0.0048909085481910301, 0.0051742551362185217, 0.0054326350159005637, 0.005643104928291176, 0.0059803116914007026, 0.0063434989174207673, 0.0064604211684388957, 0.0065369441043799381, 0.0069013154175556202, 0.0072652739285682666, 0.0075138387985945881, 0.0079266074742631309, 0.0077714968095169562, 0.0077077756372650741, 0.0074791647909860648, 0.0077678681256505844, 0.0080912796301707002, 0.0085372336721498965, 0.0086233243038552343, 0.0086859415398521933, 0.0092735373803904675, 0.012500421645240511, 0.010959835788626499, 0.011129320880729154, 0.0093070275329504848, 0.014913241317591752, 0.011032550795502527, 0.0084000947094106104, 0.013893568071666695, 0.016832279952474827, 0.01740473391632319, 0.010501003586729896, 0.0058675349601879923, 0.053043874899999954, 0.024878701740792153, 0.033779812981467039, 0.0090333188394003949, 0.0069559166784495807, 0.0094518404554582713, 0.011827581479843696]
[-0.0049721748071461938, -0.0050034131884702264, -0.0049841747573538091, -0.0049565947854038755, -0.0049484384798551481, -0.0049604617669438203, -0.0049636265910189201, -0.0049951641975721148, -0.0049824520282130552, -0.0049556410222282299, -0.0049760639230409381, -0.0049905795122487176, -0.0050082758384231083, -0.0049952628140597921, -0.0049657521888828299, -0.0050397202210692577, -0.0050055791766908109, -0.0050213376571000695, -0.005065352388218175, -0.0051087175128810142, -0.0050833298781250147, -0.0052159463748716328, -0.00503816668787746, -0.0050771120210910264, -0.0051104426090771288, -0.0050719666208921266, -0.0050134145592682922, -0.0050006137286540131, -0.0050390412983682964, -0.0050534113871849862, -0.0051280014612430924, -0.0057548961593708314, -0.0052203547343853962, -0.0053889641073209815, -0.0052773796181194155, -0.0055991111852268238, -0.0050681683327572502, -0.0050691094002240367, -0.0050562329918824034, -0.0051349651118340334, -0.004405381900554256, -0.0048436100927181647, -0.0052019106506018264, -0.002403014185897473, -0.0041343348617314812, -0.0031484815585496595, -0.005214818633507784, -0.005281909754926789, -0.0052913549479167155, -0.0051511357546395464]
[0.0020523034393962612, 0.0051730629107752182, 0.0069737336556851028, 0.0085010990854494338, 0.0098848368998894556, 0.011219671954704538, 0.012112813880187159, 0.013117780524454739, 0.01557564021608876, 0.017670905884375601, 0.018841758005914727, 0.017657012922051157, 0.018965685981628261, 0.022603668552276357, 0.023091790349696772, 0.028797065946766287, 0.036406753796416502, 0.029372060799581601, 0.024303771492741488, 0.02203114942409079, 0.024915684953968342, 0.02437217108829054, 0.023448259656815518, 0.024512974786714603, 0.024847410880936283, 0.027369631344752898, 0.019537198874291117, 0.0015526350541431588, 0.023400070717704446, 0.027562541497717752, 0.022146747947874523, 0.019796626213097968, 0.021839128338514868, 0.025450613666301303, 0.02394593655350219, 0.022683929197593766, 0.020047679462111612, 0.018539590000329453, 0.019348102726920002, 0.014364526158936575, 0.017577905792611648, 0.018372097020611822, 0.018336680220197299, 0.016773965133138891, 0.016614676939621487, 0.017152154667103625, 0.016769438920386515, 0.015932023923696192, 0.015412128324186702, 0.01022805692290274]
[-0.0049492998107846155, -0.0049214506376039028, -0.0048882967743730712, -0.0048467092160539588, -0.004801454516760513, -0.0046955195055405144, -0.0046041352583166828, -0.0045506356554202085, -0.0043059847426223374, -0.0043606511235669485, -0.0043316058469596713, -0.0043172798728443179, -0.0046725110562899422, -0.0047606854722069408, -0.0050291253697083704, -0.0052456275633591537, -0.0044171703923250594, -0.0055692695091372063, -0.0060414737114115602, -0.006536900981811547, -0.0058259527263890692, -0.0051328224514547854, -0.0044731016075981317, -0.0046290331618711461, -0.0038451096313549121, -0.00096003751196652165, -0.001851710304157983, -0.0011594789113985315, -0.0043807733413339656, -0.0052166676070552198, -0.0061952469873124694, -0.0047063518610666599, -0.0042305895981029074, -0.0065240864067496185, -0.0087946575559371687, -0.0070163270945615974, -0.0077806797879343137, -0.007754203923476255, -0.0072997449191959385, -0.0098795253508846825, -0.0064763502773833304, -0.0073847697996656803, -0.004732351629935988, -0.0064977188717012246, -0.0085130934679321646, -0.0082449499138183002, -0.0086186825470735973, -0.0083728881043067527, -0.0089703990637948205, -0.01044075842046599]
[0.00063337592513094422, 0.003514031282009872, 0.0047293502259986549, 0.0058147958037074194, 0.0067434839548075696, 0.0075526631563851074, 0.0083852655221925629, 0.0088560612250486656, 0.0099398269045658169, 0.01065266874559069, 0.010831493781926618, 0.011668206365972766, 0.011856699182949737, 0.012366043693654322, 0.012383658904495859, 0.016098111481121419, 0.01893244952627926, 0.020498681620726322, 0.021696124827579516, 0.022329750062293596, 0.021604804828907087, 0.018833268444080536, 0.040345588432797175, 0.018391273567355093, 0.01992369858023646, 0.02019689460091062, 0.019928073338418673, 0.020106570929856071, 0.016930671848011947, 0.020697134190462985, 0.021876892537295689, 0.024037624902715993, 0.02192318181614672, 0.022650962147241827, 0.022847349373367964, 0.016480894230788246, 0.020166506116914951, 0.020719105416204808, 0.023574437120920999, 0.024829478148217565, 0.021676686055272398, 0.020103350131379982, 0.020834354116753717, 0.02214952964088146, 0.019316952865835679, 0.02038213434396563, 0.023823789148453622, 0.020236815691760057, 0.021358061664221162, 0.017540390517775895]
[-0.0049766907368994587, -0.0049346835516858294, -0.0049247787829818992, -0.0049219778474960431, -0.0049138410804877575, -0.0049075615413411676, -0.0048812155060063145, -0.0049025414152630356, -0.0048282555554234538, -0.0048245810576321158, -0.0047932702099316993, -0.0047510026752461548, -0.0045463040813774197, -0.0047769171805174537, -0.0047082600493988241, -0.0041306119812388326, -0.0038301660036653279, -0.0038968760091731974, -0.0039976724464356045, -0.0040490102938072342, -0.00491406078732462, -0.0049956223398433669, -0.011874358688990103, -0.0051103628801230233, -0.0044815039862290268, -0.0044737697046070002, -0.004457296995103166, -0.0045549451667701024, -0.0050186429175874125, -0.0046502958626498947, -0.00442072315940506, -0.0041584003884629628, -0.0037092541633330645, -0.0035097421769094972, 0.002058384817782144, -0.0020129562993729533, -0.0020838598959046495, -0.0016553754595985959, -0.0021758388609057766, -0.0022695766615140889, -0.0028538613517227474, -0.0031935560417905018, -0.0030741970536152519, -0.0029152171890604872, -0.0034606412050935675, -0.0018474533511878832, -0.0021267492228512486, -0.0015192643279478557, -0.0011594635284494781, -0.0011609547942308396]
[-0.0012697957351469149, 0.0025381823372945282, 0.0032167503403123217, 0.0038744483241537515, 0.0045070827174301994, 0.0050514825701037588, 0.0055417678213496337, 0.0061935081452931355, 0.0065137036422147007, 0.0070429331159688607, 0.0075027978043415988, 0.0078297354881855658, 0.0084015261410937681, 0.0085897026514174663, 0.0087934746047472756, 0.0094100091410250497, 0.0098467239903534121, 0.0098002896734506462, 0.009466381127695489, 0.0097855285693543848, 0.010703564806430838, 0.011337879474490775, 0.011304639594604926, 0.01228079600488996, 0.014734930126120344, 0.01933038876535309, 0.013267054825603003, 0.029365533780770725, 0.020844660619023736, 0.019953988951372015, 0.019301040134708403, 0.01828076026910197, 0.035750315678890532, 0.013160204729973146, 0.016184520542392777, 0.018804895832861712, 0.018469463223166283, 0.021633252423628124, 0.034861122615725715, 0.016280540059418036, 0.02188522790565639, 0.029448954612749656, 0.016128657237843291, 0.016772963001082664, 0.016194026850696042, 0.017877838934001744, 0.015804496795158607, 0.015830479016267107, 0.016575136879678043, 0.017384500450217111]
[-0.0049849400671247513, -0.0049703239266595247, -0.004938585288638303, -0.0049596482591601279, -0.0049406167528323885, -0.004936431131241141, -0.0049440476136734732, -0.0049601956212611126, -0.0049464099517555621, -0.0049757072162650434, -0.0049750955811740244, -0.0049337855453977508, -0.004961860297402948, -0.004981475662455645, -0.0049568552752990991, -0.0050131437427012038, -0.0048630997349910915, -0.0049565138918219731, -0.0048677701627140857, -0.0047688931324554734, -0.0046609270889406834, -0.0047906768464945904, -0.0049287814980205902, -0.0048102309552736228, -0.0044583853973654136, -0.0038703459266773155, -0.0044969726359778694, -0.0044372166010637759, -0.0055094777325876698, -0.004479978027125131, -0.0043773512874668019, -0.0044674768943928633, -0.011747869848812598, -0.0043541750078882335, -0.0038609373273887637, -0.003679336429470631, -0.0036650910263203718, -0.0036253715767954608, -0.0033808670295113752, -0.0041011602262663038, -0.0045487912525731811, 0.00083918099762181342, -0.0047231007411262238, -0.0056633875983080617, -0.0022933459213006768, -0.0039737892886019532, -0.0045492358857903703, -0.0048016285142892523, -0.0049632322282802399, -0.0043168168472547952]
[-0.0049001465830291451, 0.0023642188319240587, 0.0024195515737600011, 0.0026602702392962523, 0.003057604717520891, 0.003373332927909858, 0.0037118319884009311, 0.0040693841299925763, 0.0043639702280505385, 0.0046473736095442794, 0.0048909085481910301, 0.0051742551362185217, 0.0054326350159005637, 0.005643104928291176, 0.0059803116914007026, 0.0063434989174207673, 0.0064604211684388957, 0.0065369441043799381, 0.0069013154175556202, 0.0072652739285682666, 0.0075138387985945881, 0.0079266074742631309, 0.0077714968095169562, 0.0077077756372650741, 0.0074791647909860648, 0.0077678681256505844, 0.0080912796301707002, 0.0085372336721498965, 0.0086233243038552343, 0.0086859415398521933, 0.0092735373803904675, 0.012500421645240511, 0.010959835788626499, 0.011129320880729154, 0.0093070275329504848, 0.014913241317591752, 0.011032550795502527, 0.0084000947094106104, 0.013893568071666695, 0.016832279952474827, 0.01740473391632319, 0.010501003586729896, 0.0058675349601879923, 0.053043874899999954, 0.024878701740792153, 0.033779812981467039, 0.0090333188394003949, 0.0069559166784495807, 0.0094518404554582713, 0.011827581479843696]
[-0.0049721748071461938, -0.0050034131884702264, -0.0049841747573538091, -0.0049565947854038755, -0.0049484384798551481, -0.0049604617669438203, -0.0049636265910189201, -0.0049951641975721148, -0.0049824520282130552, -0.0049556410222282299, -0.0049760639230409381, -0.0049905795122487176, -0.0050082758384231083, -0.0049952628140597921, -0.0049657521888828299, -0.0050397202210692577, -0.0050055791766908109, -0.0050213376571000695, -0.005065352388218175, -0.0051087175128810142, -0.0050833298781250147, -0.0052159463748716328, -0.00503816668787746, -0.0050771120210910264, -0.0051104426090771288, -0.0050719666208921266, -0.0050134145592682922, -0.0050006137286540131, -0.0050390412983682964, -0.0050534113871849862, -0.0051280014612430924, -0.0057548961593708314, -0.0052203547343853962, -0.0053889641073209815, -0.0052773796181194155, -0.0055991111852268238, -0.0050681683327572502, -0.0050691094002240367, -0.0050562329918824034, -0.0051349651118340334, -0.004405381900554256, -0.0048436100927181647, -0.0052019106506018264, -0.002403014185897473, -0.0041343348617314812, -0.0031484815585496595, -0.005214818633507784, -0.005281909754926789, -0.0052913549479167155, -0.0051511357546395464]
[0.0020523034393962612, 0.0051730629107752182, 0.0069737336556851028, 0.0085010990854494338, 0.0098848368998894556, 0.011219671954704538, 0.012112813880187159, 0.013117780524454739, 0.01557564021608876, 0.017670905884375601, 0.018841758005914727, 0.017657012922051157, 0.018965685981628261, 0.022603668552276357, 0.023091790349696772, 0.028797065946766287, 0.036406753796416502, 0.029372060799581601, 0.024303771492741488, 0.02203114942409079, 0.024915684953968342, 0.02437217108829054, 0.023448259656815518, 0.024512974786714603, 0.024847410880936283, 0.027369631344752898, 0.019537198874291117, 0.0015526350541431588, 0.023400070717704446, 0.027562541497717752, 0.022146747947874523, 0.019796626213097968, 0.021839128338514868, 0.025450613666301303, 0.02394593655350219, 0.022683929197593766, 0.020047679462111612, 0.018539590000329453, 0.019348102726920002, 0.014364526158936575, 0.017577905792611648, 0.018372097020611822, 0.018336680220197299, 0.016773965133138891, 0.016614676939621487, 0.017152154667103625, 0.016769438920386515, 0.015932023923696192, 0.015412128324186702, 0.01022805692290274]
[-0.0049492998107846155, -0.0049214506376039028, -0.0048882967743730712, -0.0048467092160539588, -0.004801454516760513, -0.0046955195055405144, -0.0046041352583166828, -0.0045506356554202085, -0.0043059847426223374, -0.0043606511235669485, -0.0043316058469596713, -0.0043172798728443179, -0.0046725110562899422, -0.0047606854722069408, -0.0050291253697083704, -0.0052456275633591537, -0.0044171703923250594, -0.0055692695091372063, -0.0060414737114115602, -0.006536900981811547, -0.0058259527263890692, -0.0051328224514547854, -0.0044731016075981317, -0.0046290331618711461, -0.0038451096313549121, -0.00096003751196652165, -0.001851710304157983, -0.0011594789113985315, -0.0043807733413339656, -0.0052166676070552198, -0.0061952469873124694, -0.0047063518610666599, -0.0042305895981029074, -0.0065240864067496185, -0.0087946575559371687, -0.0070163270945615974, -0.0077806797879343137, -0.007754203923476255, -0.0072997449191959385, -0.0098795253508846825, -0.0064763502773833304, -0.0073847697996656803, -0.004732351629935988, -0.0064977188717012246, -0.0085130934679321646, -0.0082449499138183002, -0.0086186825470735973, -0.0083728881043067527, -0.0089703990637948205, -0.01044075842046599]
[0.00063337592513094422, 0.003514031282009872, 0.0047293502259986549, 0.0058147958037074194, 0.0067434839548075696, 0.0075526631563851074, 0.0083852655221925629, 0.0088560612250486656, 0.0099398269045658169, 0.01065266874559069, 0.010831493781926618, 0.011668206365972766, 0.011856699182949737, 0.012366043693654322, 0.012383658904495859, 0.016098111481121419, 0.01893244952627926, 0.020498681620726322, 0.021696124827579516, 0.022329750062293596, 0.021604804828907087, 0.018833268444080536, 0.040345588432797175, 0.018391273567355093, 0.01992369858023646, 0.02019689460091062, 0.019928073338418673, 0.020106570929856071, 0.016930671848011947, 0.020697134190462985, 0.021876892537295689, 0.024037624902715993, 0.02192318181614672, 0.022650962147241827, 0.022847349373367964, 0.016480894230788246, 0.020166506116914951, 0.020719105416204808, 0.023574437120920999, 0.024829478148217565, 0.021676686055272398, 0.020103350131379982, 0.020834354116753717, 0.02214952964088146, 0.019316952865835679, 0.02038213434396563, 0.023823789148453622, 0.020236815691760057, 0.021358061664221162, 0.017540390517775895]
[-0.0049766907368994587, -0.0049346835516858294, -0.0049247787829818992, -0.0049219778474960431, -0.0049138410804877575, -0.0049075615413411676, -0.0048812155060063145, -0.0049025414152630356, -0.0048282555554234538, -0.0048245810576321158, -0.0047932702099316993, -0.0047510026752461548, -0.0045463040813774197, -0.0047769171805174537, -0.0047082600493988241, -0.0041306119812388326, -0.0038301660036653279, -0.0038968760091731974, -0.0039976724464356045, -0.0040490102938072342, -0.00491406078732462, -0.0049956223398433669, -0.011874358688990103, -0.0051103628801230233, -0.0044815039862290268, -0.0044737697046070002, -0.004457296995103166, -0.0045549451667701024, -0.0050186429175874125, -0.0046502958626498947, -0.00442072315940506, -0.0041584003884629628, -0.0037092541633330645, -0.0035097421769094972, 0.002058384817782144, -0.0020129562993729533, -0.0020838598959046495, -0.0016553754595985959, -0.0021758388609057766, -0.0022695766615140889, -0.0028538613517227474, -0.0031935560417905018, -0.0030741970536152519, -0.0029152171890604872, -0.0034606412050935675, -0.0018474533511878832, -0.0021267492228512486, -0.0015192643279478557, -0.0011594635284494781, -0.0011609547942308396]
[-0.0012697957351469149, 0.0025381823372945282, 0.0032167503403123217, 0.0038744483241537515, 0.0045070827174301994, 0.0050514825701037588, 0.0055417678213496337, 0.0061935081452931355, 0.0065137036422147007, 0.0070429331159688607, 0.0075027978043415988, 0.0078297354881855658, 0.0084015261410937681, 0.0085897026514174663, 0.0087934746047472756, 0.0094100091410250497, 0.0098467239903534121, 0.0098002896734506462, 0.009466381127695489, 0.0097855285693543848, 0.010703564806430838, 0.011337879474490775, 0.011304639594604926, 0.01228079600488996, 0.014734930126120344, 0.01933038876535309, 0.013267054825603003, 0.029365533780770725, 0.020844660619023736, 0.019953988951372015, 0.019301040134708403, 0.01828076026910197, 0.035750315678890532, 0.013160204729973146, 0.016184520542392777, 0.018804895832861712, 0.018469463223166283, 0.021633252423628124, 0.034861122615725715, 0.016280540059418036, 0.02188522790565639, 0.029448954612749656, 0.016128657237843291, 0.016772963001082664, 0.016194026850696042, 0.017877838934001744, 0.015804496795158607, 0.015830479016267107, 0.016575136879678043, 0.017384500450217111]
[-0.0049849400671247513, -0.0049703239266595247, -0.004938585288638303, -0.0049596482591601279, -0.0049406167528323885, -0.004936431131241141, -0.0049440476136734732, -0.0049601956212611126, -0.0049464099517555621, -0.0049757072162650434, -0.0049750955811740244, -0.0049337855453977508, -0.004961860297402948, -0.004981475662455645, -0.0049568552752990991, -0.0050131437427012038, -0.0048630997349910915, -0.0049565138918219731, -0.0048677701627140857, -0.0047688931324554734, -0.0046609270889406834, -0.0047906768464945904, -0.0049287814980205902, -0.0048102309552736228, -0.0044583853973654136, -0.0038703459266773155, -0.0044969726359778694, -0.0044372166010637759, -0.0055094777325876698, -0.004479978027125131, -0.0043773512874668019, -0.0044674768943928633, -0.011747869848812598, -0.0043541750078882335, -0.0038609373273887637, -0.003679336429470631, -0.0036650910263203718, -0.0036253715767954608, -0.0033808670295113752, -0.0041011602262663038, -0.0045487912525731811, 0.00083918099762181342, -0.0047231007411262238, -0.0056633875983080617, -0.0022933459213006768, -0.0039737892886019532, -0.0045492358857903703, -0.0048016285142892523, -0.0049632322282802399, -0.0043168168472547952]
[-0.0049001465830291451, 0.0023642188319240587, 0.0024195515737600011, 0.0026602702392962523, 0.003057604717520891, 0.003373332927909858, 0.0037118319884009311, 0.0040693841299925763, 0.0043639702280505385, 0.0046473736095442794, 0.0048909085481910301, 0.0051742551362185217, 0.0054326350159005637, 0.005643104928291176, 0.0059803116914007026, 0.0063434989174207673, 0.0064604211684388957, 0.0065369441043799381, 0.0069013154175556202, 0.0072652739285682666, 0.0075138387985945881, 0.0079266074742631309, 0.0077714968095169562, 0.0077077756372650741, 0.0074791647909860648, 0.0077678681256505844, 0.0080912796301707002, 0.0085372336721498965, 0.0086233243038552343, 0.0086859415398521933, 0.0092735373803904675, 0.012500421645240511, 0.010959835788626499, 0.011129320880729154, 0.0093070275329504848, 0.014913241317591752, 0.011032550795502527, 0.0084000947094106104, 0.013893568071666695, 0.016832279952474827, 0.01740473391632319, 0.010501003586729896, 0.0058675349601879923, 0.053043874899999954, 0.024878701740792153, 0.033779812981467039, 0.0090333188394003949, 0.0069559166784495807, 0.0094518404554582713, 0.011827581479843696]
[-0.0049721748071461938, -0.0050034131884702264, -0.0049841747573538091, -0.0049565947854038755, -0.0049484384798551481, -0.0049604617669438203, -0.0049636265910189201, -0.0049951641975721148, -0.0049824520282130552, -0.0049556410222282299, -0.0049760639230409381, -0.0049905795122487176, -0.0050082758384231083, -0.0049952628140597921, -0.0049657521888828299, -0.0050397202210692577, -0.0050055791766908109, -0.0050213376571000695, -0.005065352388218175, -0.0051087175128810142, -0.0050833298781250147, -0.0052159463748716328, -0.00503816668787746, -0.0050771120210910264, -0.0051104426090771288, -0.0050719666208921266, -0.0050134145592682922, -0.0050006137286540131, -0.0050390412983682964, -0.0050534113871849862, -0.0051280014612430924, -0.0057548961593708314, -0.0052203547343853962, -0.0053889641073209815, -0.0052773796181194155, -0.0055991111852268238, -0.0050681683327572502, -0.0050691094002240367, -0.0050562329918824034, -0.0051349651118340334, -0.004405381900554256, -0.0048436100927181647, -0.0052019106506018264, -0.002403014185897473, -0.0041343348617314812, -0.0031484815585496595, -0.005214818633507784, -0.005281909754926789, -0.0052913549479167155, -0.0051511357546395464]
[0.0020523034393962612, 0.0051730629107752182, 0.0069737336556851028, 0.0085010990854494338, 0.0098848368998894556, 0.011219671954704538, 0.012112813880187159, 0.013117780524454739, 0.01557564021608876, 0.017670905884375601, 0.018841758005914727, 0.017657012922051157, 0.018965685981628261, 0.022603668552276357, 0.023091790349696772, 0.028797065946766287, 0.036406753796416502, 0.029372060799581601, 0.024303771492741488, 0.02203114942409079, 0.024915684953968342, 0.02437217108829054, 0.023448259656815518, 0.024512974786714603, 0.024847410880936283, 0.027369631344752898, 0.019537198874291117, 0.0015526350541431588, 0.023400070717704446, 0.027562541497717752, 0.022146747947874523, 0.019796626213097968, 0.021839128338514868, 0.025450613666301303, 0.02394593655350219, 0.022683929197593766, 0.020047679462111612, 0.018539590000329453, 0.019348102726920002, 0.014364526158936575, 0.017577905792611648, 0.018372097020611822, 0.018336680220197299, 0.016773965133138891, 0.016614676939621487, 0.017152154667103625, 0.016769438920386515, 0.015932023923696192, 0.015412128324186702, 0.01022805692290274]
[-0.0049492998107846155, -0.0049214506376039028, -0.0048882967743730712, -0.0048467092160539588, -0.004801454516760513, -0.0046955195055405144, -0.0046041352583166828, -0.0045506356554202085, -0.0043059847426223374, -0.0043606511235669485, -0.0043316058469596713, -0.0043172798728443179, -0.0046725110562899422, -0.0047606854722069408, -0.0050291253697083704, -0.0052456275633591537, -0.0044171703923250594, -0.0055692695091372063, -0.0060414737114115602, -0.006536900981811547, -0.0058259527263890692, -0.0051328224514547854, -0.0044731016075981317, -0.0046290331618711461, -0.0038451096313549121, -0.00096003751196652165, -0.001851710304157983, -0.0011594789113985315, -0.0043807733413339656, -0.0052166676070552198, -0.0061952469873124694, -0.0047063518610666599, -0.0042305895981029074, -0.0065240864067496185, -0.0087946575559371687, -0.0070163270945615974, -0.0077806797879343137, -0.007754203923476255, -0.0072997449191959385, -0.0098795253508846825, -0.0064763502773833304, -0.0073847697996656803, -0.004732351629935988, -0.0064977188717012246, -0.0085130934679321646, -0.0082449499138183002, -0.0086186825470735973, -0.0083728881043067527, -0.0089703990637948205, -0.01044075842046599]
[0.00063337592513094422, 0.003514031282009872, 0.0047293502259986549, 0.0058147958037074194, 0.0067434839548075696, 0.0075526631563851074, 0.0083852655221925629, 0.0088560612250486656, 0.0099398269045658169, 0.01065266874559069, 0.010831493781926618, 0.011668206365972766, 0.011856699182949737, 0.012366043693654322, 0.012383658904495859, 0.016098111481121419, 0.01893244952627926, 0.020498681620726322, 0.021696124827579516, 0.022329750062293596, 0.021604804828907087, 0.018833268444080536, 0.040345588432797175, 0.018391273567355093, 0.01992369858023646, 0.02019689460091062, 0.019928073338418673, 0.020106570929856071, 0.016930671848011947, 0.020697134190462985, 0.021876892537295689, 0.024037624902715993, 0.02192318181614672, 0.022650962147241827, 0.022847349373367964, 0.016480894230788246, 0.020166506116914951, 0.020719105416204808, 0.023574437120920999, 0.024829478148217565, 0.021676686055272398, 0.020103350131379982, 0.020834354116753717, 0.02214952964088146, 0.019316952865835679, 0.02038213434396563, 0.023823789148453622, 0.020236815691760057, 0.021358061664221162, 0.017540390517775895]
[-0.0049766907368994587, -0.0049346835516858294, -0.0049247787829818992, -0.0049219778474960431, -0.0049138410804877575, -0.0049075615413411676, -0.0048812155060063145, -0.0049025414152630356, -0.0048282555554234538, -0.0048245810576321158, -0.0047932702099316993, -0.0047510026752461548, -0.0045463040813774197, -0.0047769171805174537, -0.0047082600493988241, -0.0041306119812388326, -0.0038301660036653279, -0.0038968760091731974, -0.0039976724464356045, -0.0040490102938072342, -0.00491406078732462, -0.0049956223398433669, -0.011874358688990103, -0.0051103628801230233, -0.0044815039862290268, -0.0044737697046070002, -0.004457296995103166, -0.0045549451667701024, -0.0050186429175874125, -0.0046502958626498947, -0.00442072315940506, -0.0041584003884629628, -0.0037092541633330645, -0.0035097421769094972, 0.002058384817782144, -0.0020129562993729533, -0.0020838598959046495, -0.0016553754595985959, -0.0021758388609057766, -0.0022695766615140889, -0.0028538613517227474, -0.0031935560417905018, -0.0030741970536152519, -0.0029152171890604872, -0.0034606412050935675, -0.0018474533511878832, -0.0021267492228512486, -0.0015192643279478557, -0.0011594635284494781, -0.0011609547942308396]
[-0.0012697957351469149, 0.0025381823372945282, 0.0032167503403123217, 0.0038744483241537515, 0.0045070827174301994, 0.0050514825701037588, 0.0055417678213496337, 0.0061935081452931355, 0.0065137036422147007, 0.0070429331159688607, 0.0075027978043415988, 0.0078297354881855658, 0.0084015261410937681, 0.0085897026514174663, 0.0087934746047472756, 0.0094100091410250497, 0.0098467239903534121, 0.0098002896734506462, 0.009466381127695489, 0.0097855285693543848, 0.010703564806430838, 0.011337879474490775, 0.011304639594604926, 0.01228079600488996, 0.014734930126120344, 0.01933038876535309, 0.013267054825603003, 0.029365533780770725, 0.020844660619023736, 0.019953988951372015, 0.019301040134708403, 0.01828076026910197, 0.035750315678890532, 0.013160204729973146, 0.016184520542392777, 0.018804895832861712, 0.018469463223166283, 0.021633252423628124, 0.034861122615725715, 0.016280540059418036, 0.02188522790565639, 0.029448954612749656, 0.016128657237843291, 0.016772963001082664, 0.016194026850696042, 0.017877838934001744, 0.015804496795158607, 0.015830479016267107, 0.016575136879678043, 0.017384500450217111]
[-0.0049849400671247513, -0.0049703239266595247, -0.004938585288638303, -0.0049596482591601279, -0.0049406167528323885, -0.004936431131241141, -0.0049440476136734732, -0.0049601956212611126, -0.0049464099517555621, -0.0049757072162650434, -0.0049750955811740244, -0.0049337855453977508, -0.004961860297402948, -0.004981475662455645, -0.0049568552752990991, -0.0050131437427012038, -0.0048630997349910915, -0.0049565138918219731, -0.0048677701627140857, -0.0047688931324554734, -0.0046609270889406834, -0.0047906768464945904, -0.0049287814980205902, -0.0048102309552736228, -0.0044583853973654136, -0.0038703459266773155, -0.0044969726359778694, -0.0044372166010637759, -0.0055094777325876698, -0.004479978027125131, -0.0043773512874668019, -0.0044674768943928633, -0.011747869848812598, -0.0043541750078882335, -0.0038609373273887637, -0.003679336429470631, -0.0036650910263203718, -0.0036253715767954608, -0.0033808670295113752, -0.0041011602262663038, -0.0045487912525731811, 0.00083918099762181342, -0.0047231007411262238, -0.0056633875983080617, -0.0022933459213006768, -0.0039737892886019532, -0.0045492358857903703, -0.0048016285142892523, -0.0049632322282802399, -0.0043168168472547952]
[-0.0049001465830291451, 0.0023642188319240587, 0.0024195515737600011, 0.0026602702392962523, 0.003057604717520891, 0.003373332927909858, 0.0037118319884009311, 0.0040693841299925763, 0.0043639702280505385, 0.0046473736095442794, 0.0048909085481910301, 0.0051742551362185217, 0.0054326350159005637, 0.005643104928291176, 0.0059803116914007026, 0.0063434989174207673, 0.0064604211684388957, 0.0065369441043799381, 0.0069013154175556202, 0.0072652739285682666, 0.0075138387985945881, 0.0079266074742631309, 0.0077714968095169562, 0.0077077756372650741, 0.0074791647909860648, 0.0077678681256505844, 0.0080912796301707002, 0.0085372336721498965, 0.0086233243038552343, 0.0086859415398521933, 0.0092735373803904675, 0.012500421645240511, 0.010959835788626499, 0.011129320880729154, 0.0093070275329504848, 0.014913241317591752, 0.011032550795502527, 0.0084000947094106104, 0.013893568071666695, 0.016832279952474827, 0.01740473391632319, 0.010501003586729896, 0.0058675349601879923, 0.053043874899999954, 0.024878701740792153, 0.033779812981467039, 0.0090333188394003949, 0.0069559166784495807, 0.0094518404554582713, 0.011827581479843696]
[-0.0049721748071461938, -0.0050034131884702264, -0.0049841747573538091, -0.0049565947854038755, -0.0049484384798551481, -0.0049604617669438203, -0.0049636265910189201, -0.0049951641975721148, -0.0049824520282130552, -0.0049556410222282299, -0.0049760639230409381, -0.0049905795122487176, -0.0050082758384231083, -0.0049952628140597921, -0.0049657521888828299, -0.0050397202210692577, -0.0050055791766908109, -0.0050213376571000695, -0.005065352388218175, -0.0051087175128810142, -0.0050833298781250147, -0.0052159463748716328, -0.00503816668787746, -0.0050771120210910264, -0.0051104426090771288, -0.0050719666208921266, -0.0050134145592682922, -0.0050006137286540131, -0.0050390412983682964, -0.0050534113871849862, -0.0051280014612430924, -0.0057548961593708314, -0.0052203547343853962, -0.0053889641073209815, -0.0052773796181194155, -0.0055991111852268238, -0.0050681683327572502, -0.0050691094002240367, -0.0050562329918824034, -0.0051349651118340334, -0.004405381900554256, -0.0048436100927181647, -0.0052019106506018264, -0.002403014185897473, -0.0041343348617314812, -0.0031484815585496595, -0.005214818633507784, -0.005281909754926789, -0.0052913549479167155, -0.0051511357546395464]
[0.0020523034393962612, 0.0051730629107752182, 0.0069737336556851028, 0.0085010990854494338, 0.0098848368998894556, 0.011219671954704538, 0.012112813880187159, 0.013117780524454739, 0.01557564021608876, 0.017670905884375601, 0.018841758005914727, 0.017657012922051157, 0.018965685981628261, 0.022603668552276357, 0.023091790349696772, 0.028797065946766287, 0.036406753796416502, 0.029372060799581601, 0.024303771492741488, 0.02203114942409079, 0.024915684953968342, 0.02437217108829054, 0.023448259656815518, 0.024512974786714603, 0.024847410880936283, 0.027369631344752898, 0.019537198874291117, 0.0015526350541431588, 0.023400070717704446, 0.027562541497717752, 0.022146747947874523, 0.019796626213097968, 0.021839128338514868, 0.025450613666301303, 0.02394593655350219, 0.022683929197593766, 0.020047679462111612, 0.018539590000329453, 0.019348102726920002, 0.014364526158936575, 0.017577905792611648, 0.018372097020611822, 0.018336680220197299, 0.016773965133138891, 0.016614676939621487, 0.017152154667103625, 0.016769438920386515, 0.015932023923696192, 0.015412128324186702, 0.01022805692290274]
[-0.0049492998107846155, -0.0049214506376039028, -0.0048882967743730712, -0.0048467092160539588, -0.004801454516760513, -0.0046955195055405144, -0.0046041352583166828, -0.0045506356554202085, -0.0043059847426223374, -0.0043606511235669485, -0.0043316058469596713, -0.0043172798728443179, -0.0046725110562899422, -0.0047606854722069408, -0.0050291253697083704, -0.0052456275633591537, -0.0044171703923250594, -0.0055692695091372063, -0.0060414737114115602, -0.006536900981811547, -0.0058259527263890692, -0.0051328224514547854, -0.0044731016075981317, -0.0046290331618711461, -0.0038451096313549121, -0.00096003751196652165, -0.001851710304157983, -0.0011594789113985315, -0.0043807733413339656, -0.0052166676070552198, -0.0061952469873124694, -0.0047063518610666599, -0.0042305895981029074, -0.0065240864067496185, -0.0087946575559371687, -0.0070163270945615974, -0.0077806797879343137, -0.007754203923476255, -0.0072997449191959385, -0.0098795253508846825, -0.0064763502773833304, -0.0073847697996656803, -0.004732351629935988, -0.0064977188717012246, -0.0085130934679321646, -0.0082449499138183002, -0.0086186825470735973, -0.0083728881043067527, -0.0089703990637948205, -0.01044075842046599]
[0.00063337592513094422, 0.003514031282009872, 0.0047293502259986549, 0.0058147958037074194, 0.0067434839548075696, 0.0075526631563851074, 0.0083852655221925629, 0.0088560612250486656, 0.0099398269045658169, 0.01065266874559069, 0.010831493781926618, 0.011668206365972766, 0.011856699182949737, 0.012366043693654322, 0.012383658904495859, 0.016098111481121419, 0.01893244952627926, 0.020498681620726322, 0.021696124827579516, 0.022329750062293596, 0.021604804828907087, 0.018833268444080536, 0.040345588432797175, 0.018391273567355093, 0.01992369858023646, 0.02019689460091062, 0.019928073338418673, 0.020106570929856071, 0.016930671848011947, 0.020697134190462985, 0.021876892537295689, 0.024037624902715993, 0.02192318181614672, 0.022650962147241827, 0.022847349373367964, 0.016480894230788246, 0.020166506116914951, 0.020719105416204808, 0.023574437120920999, 0.024829478148217565, 0.021676686055272398, 0.020103350131379982, 0.020834354116753717, 0.02214952964088146, 0.019316952865835679, 0.02038213434396563, 0.023823789148453622, 0.020236815691760057, 0.021358061664221162, 0.017540390517775895]
[-0.0049766907368994587, -0.0049346835516858294, -0.0049247787829818992, -0.0049219778474960431, -0.0049138410804877575, -0.0049075615413411676, -0.0048812155060063145, -0.0049025414152630356, -0.0048282555554234538, -0.0048245810576321158, -0.0047932702099316993, -0.0047510026752461548, -0.0045463040813774197, -0.0047769171805174537, -0.0047082600493988241, -0.0041306119812388326, -0.0038301660036653279, -0.0038968760091731974, -0.0039976724464356045, -0.0040490102938072342, -0.00491406078732462, -0.0049956223398433669, -0.011874358688990103, -0.0051103628801230233, -0.0044815039862290268, -0.0044737697046070002, -0.004457296995103166, -0.0045549451667701024, -0.0050186429175874125, -0.0046502958626498947, -0.00442072315940506, -0.0041584003884629628, -0.0037092541633330645, -0.0035097421769094972, 0.002058384817782144, -0.0020129562993729533, -0.0020838598959046495, -0.0016553754595985959, -0.0021758388609057766, -0.0022695766615140889, -0.0028538613517227474, -0.0031935560417905018, -0.0030741970536152519, -0.0029152171890604872, -0.0034606412050935675, -0.0018474533511878832, -0.0021267492228512486, -0.0015192643279478557, -0.0011594635284494781, -0.0011609547942308396]
[-0.0012697957351469149, 0.0025381823372945282, 0.0032167503403123217, 0.0038744483241537515, 0.0045070827174301994, 0.0050514825701037588, 0.0055417678213496337, 0.0061935081452931355, 0.0065137036422147007, 0.0070429331159688607, 0.0075027978043415988, 0.0078297354881855658, 0.0084015261410937681, 0.0085897026514174663, 0.0087934746047472756, 0.0094100091410250497, 0.0098467239903534121, 0.0098002896734506462, 0.009466381127695489, 0.0097855285693543848, 0.010703564806430838, 0.011337879474490775, 0.011304639594604926, 0.01228079600488996, 0.014734930126120344, 0.01933038876535309, 0.013267054825603003, 0.029365533780770725, 0.020844660619023736, 0.019953988951372015, 0.019301040134708403, 0.01828076026910197, 0.035750315678890532, 0.013160204729973146, 0.016184520542392777, 0.018804895832861712, 0.018469463223166283, 0.021633252423628124, 0.034861122615725715, 0.016280540059418036, 0.02188522790565639, 0.029448954612749656, 0.016128657237843291, 0.016772963001082664, 0.016194026850696042, 0.017877838934001744, 0.015804496795158607, 0.015830479016267107, 0.016575136879678043, 0.017384500450217111]
[-0.0049849400671247513, -0.0049703239266595247, -0.004938585288638303, -0.0049596482591601279, -0.0049406167528323885, -0.004936431131241141, -0.0049440476136734732, -0.0049601956212611126, -0.0049464099517555621, -0.0049757072162650434, -0.0049750955811740244, -0.0049337855453977508, -0.004961860297402948, -0.004981475662455645, -0.0049568552752990991, -0.0050131437427012038, -0.0048630997349910915, -0.0049565138918219731, -0.0048677701627140857, -0.0047688931324554734, -0.0046609270889406834, -0.0047906768464945904, -0.0049287814980205902, -0.0048102309552736228, -0.0044583853973654136, -0.0038703459266773155, -0.0044969726359778694, -0.0044372166010637759, -0.0055094777325876698, -0.004479978027125131, -0.0043773512874668019, -0.0044674768943928633, -0.011747869848812598, -0.0043541750078882335, -0.0038609373273887637, -0.003679336429470631, -0.0036650910263203718, -0.0036253715767954608, -0.0033808670295113752, -0.0041011602262663038, -0.0045487912525731811, 0.00083918099762181342, -0.0047231007411262238, -0.0056633875983080617, -0.0022933459213006768, -0.0039737892886019532, -0.0045492358857903703, -0.0048016285142892523, -0.0049632322282802399, -0.0043168168472547952]
[-0.0049001465830291451, 0.0023642188319240587, 0.0024195515737600011, 0.0026602702392962523, 0.003057604717520891, 0.003373332927909858, 0.0037118319884009311, 0.0040693841299925763, 0.0043639702280505385, 0.0046473736095442794, 0.0048909085481910301, 0.0051742551362185217, 0.0054326350159005637, 0.005643104928291176, 0.0059803116914007026, 0.0063434989174207673, 0.0064604211684388957, 0.0065369441043799381, 0.0069013154175556202, 0.0072652739285682666, 0.0075138387985945881, 0.0079266074742631309, 0.0077714968095169562, 0.0077077756372650741, 0.0074791647909860648, 0.0077678681256505844, 0.0080912796301707002, 0.0085372336721498965, 0.0086233243038552343, 0.0086859415398521933, 0.0092735373803904675, 0.012500421645240511, 0.010959835788626499, 0.011129320880729154, 0.0093070275329504848, 0.014913241317591752, 0.011032550795502527, 0.0084000947094106104, 0.013893568071666695, 0.016832279952474827, 0.01740473391632319, 0.010501003586729896, 0.0058675349601879923, 0.053043874899999954, 0.024878701740792153, 0.033779812981467039, 0.0090333188394003949, 0.0069559166784495807, 0.0094518404554582713, 0.011827581479843696]
[-0.0049721748071461938, -0.0050034131884702264, -0.0049841747573538091, -0.0049565947854038755, -0.0049484384798551481, -0.0049604617669438203, -0.0049636265910189201, -0.0049951641975721148, -0.0049824520282130552, -0.0049556410222282299, -0.0049760639230409381, -0.0049905795122487176, -0.0050082758384231083, -0.0049952628140597921, -0.0049657521888828299, -0.0050397202210692577, -0.0050055791766908109, -0.0050213376571000695, -0.005065352388218175, -0.0051087175128810142, -0.0050833298781250147, -0.0052159463748716328, -0.00503816668787746, -0.0050771120210910264, -0.0051104426090771288, -0.0050719666208921266, -0.0050134145592682922, -0.0050006137286540131, -0.0050390412983682964, -0.0050534113871849862, -0.0051280014612430924, -0.0057548961593708314, -0.0052203547343853962, -0.0053889641073209815, -0.0052773796181194155, -0.0055991111852268238, -0.0050681683327572502, -0.0050691094002240367, -0.0050562329918824034, -0.0051349651118340334, -0.004405381900554256, -0.0048436100927181647, -0.0052019106506018264, -0.002403014185897473, -0.0041343348617314812, -0.0031484815585496595, -0.005214818633507784, -0.005281909754926789, -0.0052913549479167155, -0.0051511357546395464]
[0.0020523034393962612, 0.0051730629107752182, 0.0069737336556851028, 0.0085010990854494338, 0.0098848368998894556, 0.011219671954704538, 0.012112813880187159, 0.013117780524454739, 0.01557564021608876, 0.017670905884375601, 0.018841758005914727, 0.017657012922051157, 0.018965685981628261, 0.022603668552276357, 0.023091790349696772, 0.028797065946766287, 0.036406753796416502, 0.029372060799581601, 0.024303771492741488, 0.02203114942409079, 0.024915684953968342, 0.02437217108829054, 0.023448259656815518, 0.024512974786714603, 0.024847410880936283, 0.027369631344752898, 0.019537198874291117, 0.0015526350541431588, 0.023400070717704446, 0.027562541497717752, 0.022146747947874523, 0.019796626213097968, 0.021839128338514868, 0.025450613666301303, 0.02394593655350219, 0.022683929197593766, 0.020047679462111612, 0.018539590000329453, 0.019348102726920002, 0.014364526158936575, 0.017577905792611648, 0.018372097020611822, 0.018336680220197299, 0.016773965133138891, 0.016614676939621487, 0.017152154667103625, 0.016769438920386515, 0.015932023923696192, 0.015412128324186702, 0.01022805692290274]
[-0.0049492998107846155, -0.0049214506376039028, -0.0048882967743730712, -0.0048467092160539588, -0.004801454516760513, -0.0046955195055405144, -0.0046041352583166828, -0.0045506356554202085, -0.0043059847426223374, -0.0043606511235669485, -0.0043316058469596713, -0.0043172798728443179, -0.0046725110562899422, -0.0047606854722069408, -0.0050291253697083704, -0.0052456275633591537, -0.0044171703923250594, -0.0055692695091372063, -0.0060414737114115602, -0.006536900981811547, -0.0058259527263890692, -0.0051328224514547854, -0.0044731016075981317, -0.0046290331618711461, -0.0038451096313549121, -0.00096003751196652165, -0.001851710304157983, -0.0011594789113985315, -0.0043807733413339656, -0.0052166676070552198, -0.0061952469873124694, -0.0047063518610666599, -0.0042305895981029074, -0.0065240864067496185, -0.0087946575559371687, -0.0070163270945615974, -0.0077806797879343137, -0.007754203923476255, -0.0072997449191959385, -0.0098795253508846825, -0.0064763502773833304, -0.0073847697996656803, -0.004732351629935988, -0.0064977188717012246, -0.0085130934679321646, -0.0082449499138183002, -0.0086186825470735973, -0.0083728881043067527, -0.0089703990637948205, -0.01044075842046599]
[0.00063337592513094422, 0.003514031282009872, 0.0047293502259986549, 0.0058147958037074194, 0.0067434839548075696, 0.0075526631563851074, 0.0083852655221925629, 0.0088560612250486656, 0.0099398269045658169, 0.01065266874559069, 0.010831493781926618, 0.011668206365972766, 0.011856699182949737, 0.012366043693654322, 0.012383658904495859, 0.016098111481121419, 0.01893244952627926, 0.020498681620726322, 0.021696124827579516, 0.022329750062293596, 0.021604804828907087, 0.018833268444080536, 0.040345588432797175, 0.018391273567355093, 0.01992369858023646, 0.02019689460091062, 0.019928073338418673, 0.020106570929856071, 0.016930671848011947, 0.020697134190462985, 0.021876892537295689, 0.024037624902715993, 0.02192318181614672, 0.022650962147241827, 0.022847349373367964, 0.016480894230788246, 0.020166506116914951, 0.020719105416204808, 0.023574437120920999, 0.024829478148217565, 0.021676686055272398, 0.020103350131379982, 0.020834354116753717, 0.02214952964088146, 0.019316952865835679, 0.02038213434396563, 0.023823789148453622, 0.020236815691760057, 0.021358061664221162, 0.017540390517775895]
[-0.0049766907368994587, -0.0049346835516858294, -0.0049247787829818992, -0.0049219778474960431, -0.0049138410804877575, -0.0049075615413411676, -0.0048812155060063145, -0.0049025414152630356, -0.0048282555554234538, -0.0048245810576321158, -0.0047932702099316993, -0.0047510026752461548, -0.0045463040813774197, -0.0047769171805174537, -0.0047082600493988241, -0.0041306119812388326, -0.0038301660036653279, -0.0038968760091731974, -0.0039976724464356045, -0.0040490102938072342, -0.00491406078732462, -0.0049956223398433669, -0.011874358688990103, -0.0051103628801230233, -0.0044815039862290268, -0.0044737697046070002, -0.004457296995103166, -0.0045549451667701024, -0.0050186429175874125, -0.0046502958626498947, -0.00442072315940506, -0.0041584003884629628, -0.0037092541633330645, -0.0035097421769094972, 0.002058384817782144, -0.0020129562993729533, -0.0020838598959046495, -0.0016553754595985959, -0.0021758388609057766, -0.0022695766615140889, -0.0028538613517227474, -0.0031935560417905018, -0.0030741970536152519, -0.0029152171890604872, -0.0034606412050935675, -0.0018474533511878832, -0.0021267492228512486, -0.0015192643279478557, -0.0011594635284494781, -0.0011609547942308396]
[-0.0012697957351469149, 0.0025381823372945282, 0.0032167503403123217, 0.0038744483241537515, 0.0045070827174301994, 0.0050514825701037588, 0.0055417678213496337, 0.0061935081452931355, 0.0065137036422147007, 0.0070429331159688607, 0.0075027978043415988, 0.0078297354881855658, 0.0084015261410937681, 0.0085897026514174663, 0.0087934746047472756, 0.0094100091410250497, 0.0098467239903534121, 0.0098002896734506462, 0.009466381127695489, 0.0097855285693543848, 0.010703564806430838, 0.011337879474490775, 0.011304639594604926, 0.01228079600488996, 0.014734930126120344, 0.01933038876535309, 0.013267054825603003, 0.029365533780770725, 0.020844660619023736, 0.019953988951372015, 0.019301040134708403, 0.01828076026910197, 0.035750315678890532, 0.013160204729973146, 0.016184520542392777, 0.018804895832861712, 0.018469463223166283, 0.021633252423628124, 0.034861122615725715, 0.016280540059418036, 0.02188522790565639, 0.029448954612749656, 0.016128657237843291, 0.016772963001082664, 0.016194026850696042, 0.017877838934001744, 0.015804496795158607, 0.015830479016267107, 0.016575136879678043, 0.017384500450217111]
[-0.0049849400671247513, -0.0049703239266595247, -0.004938585288638303, -0.0049596482591601279, -0.0049406167528323885, -0.004936431131241141, -0.0049440476136734732, -0.0049601956212611126, -0.0049464099517555621, -0.0049757072162650434, -0.0049750955811740244, -0.0049337855453977508, -0.004961860297402948, -0.004981475662455645, -0.0049568552752990991, -0.0050131437427012038, -0.0048630997349910915, -0.0049565138918219731, -0.0048677701627140857, -0.0047688931324554734, -0.0046609270889406834, -0.0047906768464945904, -0.0049287814980205902, -0.0048102309552736228, -0.0044583853973654136, -0.0038703459266773155, -0.0044969726359778694, -0.0044372166010637759, -0.0055094777325876698, -0.004479978027125131, -0.0043773512874668019, -0.0044674768943928633, -0.011747869848812598, -0.0043541750078882335, -0.0038609373273887637, -0.003679336429470631, -0.0036650910263203718, -0.0036253715767954608, -0.0033808670295113752, -0.0041011602262663038, -0.0045487912525731811, 0.00083918099762181342, -0.0047231007411262238, -0.0056633875983080617, -0.0022933459213006768, -0.0039737892886019532, -0.0045492358857903703, -0.0048016285142892523, -0.0049632322282802399, -0.0043168168472547952]
[-0.0049001465830291451, 0.0023642188319240587, 0.0024195515737600011, 0.0026602702392962523, 0.003057604717520891, 0.003373332927909858, 0.0037118319884009311, 0.0040693841299925763, 0.0043639702280505385, 0.0046473736095442794, 0.0048909085481910301, 0.0051742551362185217, 0.0054326350159005637, 0.005643104928291176, 0.0059803116914007026, 0.0063434989174207673, 0.0064604211684388957, 0.0065369441043799381, 0.0069013154175556202, 0.0072652739285682666, 0.0075138387985945881, 0.0079266074742631309, 0.0077714968095169562, 0.0077077756372650741, 0.0074791647909860648, 0.0077678681256505844, 0.0080912796301707002, 0.0085372336721498965, 0.0086233243038552343, 0.0086859415398521933, 0.0092735373803904675, 0.012500421645240511, 0.010959835788626499, 0.011129320880729154, 0.0093070275329504848, 0.014913241317591752, 0.011032550795502527, 0.0084000947094106104, 0.013893568071666695, 0.016832279952474827, 0.01740473391632319, 0.010501003586729896, 0.0058675349601879923, 0.053043874899999954, 0.024878701740792153, 0.033779812981467039, 0.0090333188394003949, 0.0069559166784495807, 0.0094518404554582713, 0.011827581479843696]
[-0.0049721748071461938, -0.0050034131884702264, -0.0049841747573538091, -0.0049565947854038755, -0.0049484384798551481, -0.0049604617669438203, -0.0049636265910189201, -0.0049951641975721148, -0.0049824520282130552, -0.0049556410222282299, -0.0049760639230409381, -0.0049905795122487176, -0.0050082758384231083, -0.0049952628140597921, -0.0049657521888828299, -0.0050397202210692577, -0.0050055791766908109, -0.0050213376571000695, -0.005065352388218175, -0.0051087175128810142, -0.0050833298781250147, -0.0052159463748716328, -0.00503816668787746, -0.0050771120210910264, -0.0051104426090771288, -0.0050719666208921266, -0.0050134145592682922, -0.0050006137286540131, -0.0050390412983682964, -0.0050534113871849862, -0.0051280014612430924, -0.0057548961593708314, -0.0052203547343853962, -0.0053889641073209815, -0.0052773796181194155, -0.0055991111852268238, -0.0050681683327572502, -0.0050691094002240367, -0.0050562329918824034, -0.0051349651118340334, -0.004405381900554256, -0.0048436100927181647, -0.0052019106506018264, -0.002403014185897473, -0.0041343348617314812, -0.0031484815585496595, -0.005214818633507784, -0.005281909754926789, -0.0052913549479167155, -0.0051511357546395464]
[0.0020523034393962612, 0.0051730629107752182, 0.0069737336556851028, 0.0085010990854494338, 0.0098848368998894556, 0.011219671954704538, 0.012112813880187159, 0.013117780524454739, 0.01557564021608876, 0.017670905884375601, 0.018841758005914727, 0.017657012922051157, 0.018965685981628261, 0.022603668552276357, 0.023091790349696772, 0.028797065946766287, 0.036406753796416502, 0.029372060799581601, 0.024303771492741488, 0.02203114942409079, 0.024915684953968342, 0.02437217108829054, 0.023448259656815518, 0.024512974786714603, 0.024847410880936283, 0.027369631344752898, 0.019537198874291117, 0.0015526350541431588, 0.023400070717704446, 0.027562541497717752, 0.022146747947874523, 0.019796626213097968, 0.021839128338514868, 0.025450613666301303, 0.02394593655350219, 0.022683929197593766, 0.020047679462111612, 0.018539590000329453, 0.019348102726920002, 0.014364526158936575, 0.017577905792611648, 0.018372097020611822, 0.018336680220197299, 0.016773965133138891, 0.016614676939621487, 0.017152154667103625, 0.016769438920386515, 0.015932023923696192, 0.015412128324186702, 0.01022805692290274]
[-0.0049492998107846155, -0.0049214506376039028, -0.0048882967743730712, -0.0048467092160539588, -0.004801454516760513, -0.0046955195055405144, -0.0046041352583166828, -0.0045506356554202085, -0.0043059847426223374, -0.0043606511235669485, -0.0043316058469596713, -0.0043172798728443179, -0.0046725110562899422, -0.0047606854722069408, -0.0050291253697083704, -0.0052456275633591537, -0.0044171703923250594, -0.0055692695091372063, -0.0060414737114115602, -0.006536900981811547, -0.0058259527263890692, -0.0051328224514547854, -0.0044731016075981317, -0.0046290331618711461, -0.0038451096313549121, -0.00096003751196652165, -0.001851710304157983, -0.0011594789113985315, -0.0043807733413339656, -0.0052166676070552198, -0.0061952469873124694, -0.0047063518610666599, -0.0042305895981029074, -0.0065240864067496185, -0.0087946575559371687, -0.0070163270945615974, -0.0077806797879343137, -0.007754203923476255, -0.0072997449191959385, -0.0098795253508846825, -0.0064763502773833304, -0.0073847697996656803, -0.004732351629935988, -0.0064977188717012246, -0.0085130934679321646, -0.0082449499138183002, -0.0086186825470735973, -0.0083728881043067527, -0.0089703990637948205, -0.01044075842046599]
[0.00063337592513094422, 0.003514031282009872, 0.0047293502259986549, 0.0058147958037074194, 0.0067434839548075696, 0.0075526631563851074, 0.0083852655221925629, 0.0088560612250486656, 0.0099398269045658169, 0.01065266874559069, 0.010831493781926618, 0.011668206365972766, 0.011856699182949737, 0.012366043693654322, 0.012383658904495859, 0.016098111481121419, 0.01893244952627926, 0.020498681620726322, 0.021696124827579516, 0.022329750062293596, 0.021604804828907087, 0.018833268444080536, 0.040345588432797175, 0.018391273567355093, 0.01992369858023646, 0.02019689460091062, 0.019928073338418673, 0.020106570929856071, 0.016930671848011947, 0.020697134190462985, 0.021876892537295689, 0.024037624902715993, 0.02192318181614672, 0.022650962147241827, 0.022847349373367964, 0.016480894230788246, 0.020166506116914951, 0.020719105416204808, 0.023574437120920999, 0.024829478148217565, 0.021676686055272398, 0.020103350131379982, 0.020834354116753717, 0.02214952964088146, 0.019316952865835679, 0.02038213434396563, 0.023823789148453622, 0.020236815691760057, 0.021358061664221162, 0.017540390517775895]
[-0.0049766907368994587, -0.0049346835516858294, -0.0049247787829818992, -0.0049219778474960431, -0.0049138410804877575, -0.0049075615413411676, -0.0048812155060063145, -0.0049025414152630356, -0.0048282555554234538, -0.0048245810576321158, -0.0047932702099316993, -0.0047510026752461548, -0.0045463040813774197, -0.0047769171805174537, -0.0047082600493988241, -0.0041306119812388326, -0.0038301660036653279, -0.0038968760091731974, -0.0039976724464356045, -0.0040490102938072342, -0.00491406078732462, -0.0049956223398433669, -0.011874358688990103, -0.0051103628801230233, -0.0044815039862290268, -0.0044737697046070002, -0.004457296995103166, -0.0045549451667701024, -0.0050186429175874125, -0.0046502958626498947, -0.00442072315940506, -0.0041584003884629628, -0.0037092541633330645, -0.0035097421769094972, 0.002058384817782144, -0.0020129562993729533, -0.0020838598959046495, -0.0016553754595985959, -0.0021758388609057766, -0.0022695766615140889, -0.0028538613517227474, -0.0031935560417905018, -0.0030741970536152519, -0.0029152171890604872, -0.0034606412050935675, -0.0018474533511878832, -0.0021267492228512486, -0.0015192643279478557, -0.0011594635284494781, -0.0011609547942308396]
[-0.0012697957351469149, 0.0025381823372945282, 0.0032167503403123217, 0.0038744483241537515, 0.0045070827174301994, 0.0050514825701037588, 0.0055417678213496337, 0.0061935081452931355, 0.0065137036422147007, 0.0070429331159688607, 0.0075027978043415988, 0.0078297354881855658, 0.0084015261410937681, 0.0085897026514174663, 0.0087934746047472756, 0.0094100091410250497, 0.0098467239903534121, 0.0098002896734506462, 0.009466381127695489, 0.0097855285693543848, 0.010703564806430838, 0.011337879474490775, 0.011304639594604926, 0.01228079600488996, 0.014734930126120344, 0.01933038876535309, 0.013267054825603003, 0.029365533780770725, 0.020844660619023736, 0.019953988951372015, 0.019301040134708403, 0.01828076026910197, 0.035750315678890532, 0.013160204729973146, 0.016184520542392777, 0.018804895832861712, 0.018469463223166283, 0.021633252423628124, 0.034861122615725715, 0.016280540059418036, 0.02188522790565639, 0.029448954612749656, 0.016128657237843291, 0.016772963001082664, 0.016194026850696042, 0.017877838934001744, 0.015804496795158607, 0.015830479016267107, 0.016575136879678043, 0.017384500450217111]
[-0.0049849400671247513, -0.0049703239266595247, -0.004938585288638303, -0.0049596482591601279, -0.0049406167528323885, -0.004936431131241141, -0.0049440476136734732, -0.0049601956212611126, -0.0049464099517555621, -0.0049757072162650434, -0.0049750955811740244, -0.0049337855453977508, -0.004961860297402948, -0.004981475662455645, -0.0049568552752990991, -0.0050131437427012038, -0.0048630997349910915, -0.0049565138918219731, -0.0048677701627140857, -0.0047688931324554734, -0.0046609270889406834, -0.0047906768464945904, -0.0049287814980205902, -0.0048102309552736228, -0.0044583853973654136, -0.0038703459266773155, -0.0044969726359778694, -0.0044372166010637759, -0.0055094777325876698, -0.004479978027125131, -0.0043773512874668019, -0.0044674768943928633, -0.011747869848812598, -0.0043541750078882335, -0.0038609373273887637, -0.003679336429470631, -0.0036650910263203718, -0.0036253715767954608, -0.0033808670295113752, -0.0041011602262663038, -0.0045487912525731811, 0.00083918099762181342, -0.0047231007411262238, -0.0056633875983080617, -0.0022933459213006768, -0.0039737892886019532, -0.0045492358857903703, -0.0048016285142892523, -0.0049632322282802399, -0.0043168168472547952]
[-0.0049001465830291451, 0.0023642188319240587, 0.0024195515737600011, 0.0026602702392962523, 0.003057604717520891, 0.003373332927909858, 0.0037118319884009311, 0.0040693841299925763, 0.0043639702280505385, 0.0046473736095442794, 0.0048909085481910301, 0.0051742551362185217, 0.0054326350159005637, 0.005643104928291176, 0.0059803116914007026, 0.0063434989174207673, 0.0064604211684388957, 0.0065369441043799381, 0.0069013154175556202, 0.0072652739285682666, 0.0075138387985945881, 0.0079266074742631309, 0.0077714968095169562, 0.0077077756372650741, 0.0074791647909860648, 0.0077678681256505844, 0.0080912796301707002, 0.0085372336721498965, 0.0086233243038552343, 0.0086859415398521933, 0.0092735373803904675, 0.012500421645240511, 0.010959835788626499, 0.011129320880729154, 0.0093070275329504848, 0.014913241317591752, 0.011032550795502527, 0.0084000947094106104, 0.013893568071666695, 0.016832279952474827, 0.01740473391632319, 0.010501003586729896, 0.0058675349601879923, 0.053043874899999954, 0.024878701740792153, 0.033779812981467039, 0.0090333188394003949, 0.0069559166784495807, 0.0094518404554582713, 0.011827581479843696]
[-0.0049721748071461938, -0.0050034131884702264, -0.0049841747573538091, -0.0049565947854038755, -0.0049484384798551481, -0.0049604617669438203, -0.0049636265910189201, -0.0049951641975721148, -0.0049824520282130552, -0.0049556410222282299, -0.0049760639230409381, -0.0049905795122487176, -0.0050082758384231083, -0.0049952628140597921, -0.0049657521888828299, -0.0050397202210692577, -0.0050055791766908109, -0.0050213376571000695, -0.005065352388218175, -0.0051087175128810142, -0.0050833298781250147, -0.0052159463748716328, -0.00503816668787746, -0.0050771120210910264, -0.0051104426090771288, -0.0050719666208921266, -0.0050134145592682922, -0.0050006137286540131, -0.0050390412983682964, -0.0050534113871849862, -0.0051280014612430924, -0.0057548961593708314, -0.0052203547343853962, -0.0053889641073209815, -0.0052773796181194155, -0.0055991111852268238, -0.0050681683327572502, -0.0050691094002240367, -0.0050562329918824034, -0.0051349651118340334, -0.004405381900554256, -0.0048436100927181647, -0.0052019106506018264, -0.002403014185897473, -0.0041343348617314812, -0.0031484815585496595, -0.005214818633507784, -0.005281909754926789, -0.0052913549479167155, -0.0051511357546395464]
[0.0020523034393962612, 0.0051730629107752182, 0.0069737336556851028, 0.0085010990854494338, 0.0098848368998894556, 0.011219671954704538, 0.012112813880187159, 0.013117780524454739, 0.01557564021608876, 0.017670905884375601, 0.018841758005914727, 0.017657012922051157, 0.018965685981628261, 0.022603668552276357, 0.023091790349696772, 0.028797065946766287, 0.036406753796416502, 0.029372060799581601, 0.024303771492741488, 0.02203114942409079, 0.024915684953968342, 0.02437217108829054, 0.023448259656815518, 0.024512974786714603, 0.024847410880936283, 0.027369631344752898, 0.019537198874291117, 0.0015526350541431588, 0.023400070717704446, 0.027562541497717752, 0.022146747947874523, 0.019796626213097968, 0.021839128338514868, 0.025450613666301303, 0.02394593655350219, 0.022683929197593766, 0.020047679462111612, 0.018539590000329453, 0.019348102726920002, 0.014364526158936575, 0.017577905792611648, 0.018372097020611822, 0.018336680220197299, 0.016773965133138891, 0.016614676939621487, 0.017152154667103625, 0.016769438920386515, 0.015932023923696192, 0.015412128324186702, 0.01022805692290274]
[-0.0049492998107846155, -0.0049214506376039028, -0.0048882967743730712, -0.0048467092160539588, -0.004801454516760513, -0.0046955195055405144, -0.0046041352583166828, -0.0045506356554202085, -0.0043059847426223374, -0.0043606511235669485, -0.0043316058469596713, -0.0043172798728443179, -0.0046725110562899422, -0.0047606854722069408, -0.0050291253697083704, -0.0052456275633591537, -0.0044171703923250594, -0.0055692695091372063, -0.0060414737114115602, -0.006536900981811547, -0.0058259527263890692, -0.0051328224514547854, -0.0044731016075981317, -0.0046290331618711461, -0.0038451096313549121, -0.00096003751196652165, -0.001851710304157983, -0.0011594789113985315, -0.0043807733413339656, -0.0052166676070552198, -0.0061952469873124694, -0.0047063518610666599, -0.0042305895981029074, -0.0065240864067496185, -0.0087946575559371687, -0.0070163270945615974, -0.0077806797879343137, -0.007754203923476255, -0.0072997449191959385, -0.0098795253508846825, -0.0064763502773833304, -0.0073847697996656803, -0.004732351629935988, -0.0064977188717012246, -0.0085130934679321646, -0.0082449499138183002, -0.0086186825470735973, -0.0083728881043067527, -0.0089703990637948205, -0.01044075842046599]
[0.00063337592513094422, 0.003514031282009872, 0.0047293502259986549, 0.0058147958037074194, 0.0067434839548075696, 0.0075526631563851074, 0.0083852655221925629, 0.0088560612250486656, 0.0099398269045658169, 0.01065266874559069, 0.010831493781926618, 0.011668206365972766, 0.011856699182949737, 0.012366043693654322, 0.012383658904495859, 0.016098111481121419, 0.01893244952627926, 0.020498681620726322, 0.021696124827579516, 0.022329750062293596, 0.021604804828907087, 0.018833268444080536, 0.040345588432797175, 0.018391273567355093, 0.01992369858023646, 0.02019689460091062, 0.019928073338418673, 0.020106570929856071, 0.016930671848011947, 0.020697134190462985, 0.021876892537295689, 0.024037624902715993, 0.02192318181614672, 0.022650962147241827, 0.022847349373367964, 0.016480894230788246, 0.020166506116914951, 0.020719105416204808, 0.023574437120920999, 0.024829478148217565, 0.021676686055272398, 0.020103350131379982, 0.020834354116753717, 0.02214952964088146, 0.019316952865835679, 0.02038213434396563, 0.023823789148453622, 0.020236815691760057, 0.021358061664221162, 0.017540390517775895]
[-0.0049766907368994587, -0.0049346835516858294, -0.0049247787829818992, -0.0049219778474960431, -0.0049138410804877575, -0.0049075615413411676, -0.0048812155060063145, -0.0049025414152630356, -0.0048282555554234538, -0.0048245810576321158, -0.0047932702099316993, -0.0047510026752461548, -0.0045463040813774197, -0.0047769171805174537, -0.0047082600493988241, -0.0041306119812388326, -0.0038301660036653279, -0.0038968760091731974, -0.0039976724464356045, -0.0040490102938072342, -0.00491406078732462, -0.0049956223398433669, -0.011874358688990103, -0.0051103628801230233, -0.0044815039862290268, -0.0044737697046070002, -0.004457296995103166, -0.0045549451667701024, -0.0050186429175874125, -0.0046502958626498947, -0.00442072315940506, -0.0041584003884629628, -0.0037092541633330645, -0.0035097421769094972, 0.002058384817782144, -0.0020129562993729533, -0.0020838598959046495, -0.0016553754595985959, -0.0021758388609057766, -0.0022695766615140889, -0.0028538613517227474, -0.0031935560417905018, -0.0030741970536152519, -0.0029152171890604872, -0.0034606412050935675, -0.0018474533511878832, -0.0021267492228512486, -0.0015192643279478557, -0.0011594635284494781, -0.0011609547942308396]
[-0.0012697957351469149, 0.0025381823372945282, 0.0032167503403123217, 0.0038744483241537515, 0.0045070827174301994, 0.0050514825701037588, 0.0055417678213496337, 0.0061935081452931355, 0.0065137036422147007, 0.0070429331159688607, 0.0075027978043415988, 0.0078297354881855658, 0.0084015261410937681, 0.0085897026514174663, 0.0087934746047472756, 0.0094100091410250497, 0.0098467239903534121, 0.0098002896734506462, 0.009466381127695489, 0.0097855285693543848, 0.010703564806430838, 0.011337879474490775, 0.011304639594604926, 0.01228079600488996, 0.014734930126120344, 0.01933038876535309, 0.013267054825603003, 0.029365533780770725, 0.020844660619023736, 0.019953988951372015, 0.019301040134708403, 0.01828076026910197, 0.035750315678890532, 0.013160204729973146, 0.016184520542392777, 0.018804895832861712, 0.018469463223166283, 0.021633252423628124, 0.034861122615725715, 0.016280540059418036, 0.02188522790565639, 0.029448954612749656, 0.016128657237843291, 0.016772963001082664, 0.016194026850696042, 0.017877838934001744, 0.015804496795158607, 0.015830479016267107, 0.016575136879678043, 0.017384500450217111]
[-0.0049849400671247513, -0.0049703239266595247, -0.004938585288638303, -0.0049596482591601279, -0.0049406167528323885, -0.004936431131241141, -0.0049440476136734732, -0.0049601956212611126, -0.0049464099517555621, -0.0049757072162650434, -0.0049750955811740244, -0.0049337855453977508, -0.004961860297402948, -0.004981475662455645, -0.0049568552752990991, -0.0050131437427012038, -0.0048630997349910915, -0.0049565138918219731, -0.0048677701627140857, -0.0047688931324554734, -0.0046609270889406834, -0.0047906768464945904, -0.0049287814980205902, -0.0048102309552736228, -0.0044583853973654136, -0.0038703459266773155, -0.0044969726359778694, -0.0044372166010637759, -0.0055094777325876698, -0.004479978027125131, -0.0043773512874668019, -0.0044674768943928633, -0.011747869848812598, -0.0043541750078882335, -0.0038609373273887637, -0.003679336429470631, -0.0036650910263203718, -0.0036253715767954608, -0.0033808670295113752, -0.0041011602262663038, -0.0045487912525731811, 0.00083918099762181342, -0.0047231007411262238, -0.0056633875983080617, -0.0022933459213006768, -0.0039737892886019532, -0.0045492358857903703, -0.0048016285142892523, -0.0049632322282802399, -0.0043168168472547952]
[-0.0049001465830291451, 0.0023642188319240587, 0.0024195515737600011, 0.0026602702392962523, 0.003057604717520891, 0.003373332927909858, 0.0037118319884009311, 0.0040693841299925763, 0.0043639702280505385, 0.0046473736095442794, 0.0048909085481910301, 0.0051742551362185217, 0.0054326350159005637, 0.005643104928291176, 0.0059803116914007026, 0.0063434989174207673, 0.0064604211684388957, 0.0065369441043799381, 0.0069013154175556202, 0.0072652739285682666, 0.0075138387985945881, 0.0079266074742631309, 0.0077714968095169562, 0.0077077756372650741, 0.0074791647909860648, 0.0077678681256505844, 0.0080912796301707002, 0.0085372336721498965, 0.0086233243038552343, 0.0086859415398521933, 0.0092735373803904675, 0.012500421645240511, 0.010959835788626499, 0.011129320880729154, 0.0093070275329504848, 0.014913241317591752, 0.011032550795502527, 0.0084000947094106104, 0.013893568071666695, 0.016832279952474827, 0.01740473391632319, 0.010501003586729896, 0.0058675349601879923, 0.053043874899999954, 0.024878701740792153, 0.033779812981467039, 0.0090333188394003949, 0.0069559166784495807, 0.0094518404554582713, 0.011827581479843696]
[-0.0049721748071461938, -0.0050034131884702264, -0.0049841747573538091, -0.0049565947854038755, -0.0049484384798551481, -0.0049604617669438203, -0.0049636265910189201, -0.0049951641975721148, -0.0049824520282130552, -0.0049556410222282299, -0.0049760639230409381, -0.0049905795122487176, -0.0050082758384231083, -0.0049952628140597921, -0.0049657521888828299, -0.0050397202210692577, -0.0050055791766908109, -0.0050213376571000695, -0.005065352388218175, -0.0051087175128810142, -0.0050833298781250147, -0.0052159463748716328, -0.00503816668787746, -0.0050771120210910264, -0.0051104426090771288, -0.0050719666208921266, -0.0050134145592682922, -0.0050006137286540131, -0.0050390412983682964, -0.0050534113871849862, -0.0051280014612430924, -0.0057548961593708314, -0.0052203547343853962, -0.0053889641073209815, -0.0052773796181194155, -0.0055991111852268238, -0.0050681683327572502, -0.0050691094002240367, -0.0050562329918824034, -0.0051349651118340334, -0.004405381900554256, -0.0048436100927181647, -0.0052019106506018264, -0.002403014185897473, -0.0041343348617314812, -0.0031484815585496595, -0.005214818633507784, -0.005281909754926789, -0.0052913549479167155, -0.0051511357546395464]
[0.0020523034393962612, 0.0051730629107752182, 0.0069737336556851028, 0.0085010990854494338, 0.0098848368998894556, 0.011219671954704538, 0.012112813880187159, 0.013117780524454739, 0.01557564021608876, 0.017670905884375601, 0.018841758005914727, 0.017657012922051157, 0.018965685981628261, 0.022603668552276357, 0.023091790349696772, 0.028797065946766287, 0.036406753796416502, 0.029372060799581601, 0.024303771492741488, 0.02203114942409079, 0.024915684953968342, 0.02437217108829054, 0.023448259656815518, 0.024512974786714603, 0.024847410880936283, 0.027369631344752898, 0.019537198874291117, 0.0015526350541431588, 0.023400070717704446, 0.027562541497717752, 0.022146747947874523, 0.019796626213097968, 0.021839128338514868, 0.025450613666301303, 0.02394593655350219, 0.022683929197593766, 0.020047679462111612, 0.018539590000329453, 0.019348102726920002, 0.014364526158936575, 0.017577905792611648, 0.018372097020611822, 0.018336680220197299, 0.016773965133138891, 0.016614676939621487, 0.017152154667103625, 0.016769438920386515, 0.015932023923696192, 0.015412128324186702, 0.01022805692290274]
[-0.0049492998107846155, -0.0049214506376039028, -0.0048882967743730712, -0.0048467092160539588, -0.004801454516760513, -0.0046955195055405144, -0.0046041352583166828, -0.0045506356554202085, -0.0043059847426223374, -0.0043606511235669485, -0.0043316058469596713, -0.0043172798728443179, -0.0046725110562899422, -0.0047606854722069408, -0.0050291253697083704, -0.0052456275633591537, -0.0044171703923250594, -0.0055692695091372063, -0.0060414737114115602, -0.006536900981811547, -0.0058259527263890692, -0.0051328224514547854, -0.0044731016075981317, -0.0046290331618711461, -0.0038451096313549121, -0.00096003751196652165, -0.001851710304157983, -0.0011594789113985315, -0.0043807733413339656, -0.0052166676070552198, -0.0061952469873124694, -0.0047063518610666599, -0.0042305895981029074, -0.0065240864067496185, -0.0087946575559371687, -0.0070163270945615974, -0.0077806797879343137, -0.007754203923476255, -0.0072997449191959385, -0.0098795253508846825, -0.0064763502773833304, -0.0073847697996656803, -0.004732351629935988, -0.0064977188717012246, -0.0085130934679321646, -0.0082449499138183002, -0.0086186825470735973, -0.0083728881043067527, -0.0089703990637948205, -0.01044075842046599]
[0.00063337592513094422, 0.003514031282009872, 0.0047293502259986549, 0.0058147958037074194, 0.0067434839548075696, 0.0075526631563851074, 0.0083852655221925629, 0.0088560612250486656, 0.0099398269045658169, 0.01065266874559069, 0.010831493781926618, 0.011668206365972766, 0.011856699182949737, 0.012366043693654322, 0.012383658904495859, 0.016098111481121419, 0.01893244952627926, 0.020498681620726322, 0.021696124827579516, 0.022329750062293596, 0.021604804828907087, 0.018833268444080536, 0.040345588432797175, 0.018391273567355093, 0.01992369858023646, 0.02019689460091062, 0.019928073338418673, 0.020106570929856071, 0.016930671848011947, 0.020697134190462985, 0.021876892537295689, 0.024037624902715993, 0.02192318181614672, 0.022650962147241827, 0.022847349373367964, 0.016480894230788246, 0.020166506116914951, 0.020719105416204808, 0.023574437120920999, 0.024829478148217565, 0.021676686055272398, 0.020103350131379982, 0.020834354116753717, 0.02214952964088146, 0.019316952865835679, 0.02038213434396563, 0.023823789148453622, 0.020236815691760057, 0.021358061664221162, 0.017540390517775895]
[-0.0049766907368994587, -0.0049346835516858294, -0.0049247787829818992, -0.0049219778474960431, -0.0049138410804877575, -0.0049075615413411676, -0.0048812155060063145, -0.0049025414152630356, -0.0048282555554234538, -0.0048245810576321158, -0.0047932702099316993, -0.0047510026752461548, -0.0045463040813774197, -0.0047769171805174537, -0.0047082600493988241, -0.0041306119812388326, -0.0038301660036653279, -0.0038968760091731974, -0.0039976724464356045, -0.0040490102938072342, -0.00491406078732462, -0.0049956223398433669, -0.011874358688990103, -0.0051103628801230233, -0.0044815039862290268, -0.0044737697046070002, -0.004457296995103166, -0.0045549451667701024, -0.0050186429175874125, -0.0046502958626498947, -0.00442072315940506, -0.0041584003884629628, -0.0037092541633330645, -0.0035097421769094972, 0.002058384817782144, -0.0020129562993729533, -0.0020838598959046495, -0.0016553754595985959, -0.0021758388609057766, -0.0022695766615140889, -0.0028538613517227474, -0.0031935560417905018, -0.0030741970536152519, -0.0029152171890604872, -0.0034606412050935675, -0.0018474533511878832, -0.0021267492228512486, -0.0015192643279478557, -0.0011594635284494781, -0.0011609547942308396]
[-0.0012697957351469149, 0.0025381823372945282, 0.0032167503403123217, 0.0038744483241537515, 0.0045070827174301994, 0.0050514825701037588, 0.0055417678213496337, 0.0061935081452931355, 0.0065137036422147007, 0.0070429331159688607, 0.0075027978043415988, 0.0078297354881855658, 0.0084015261410937681, 0.0085897026514174663, 0.0087934746047472756, 0.0094100091410250497, 0.0098467239903534121, 0.0098002896734506462, 0.009466381127695489, 0.0097855285693543848, 0.010703564806430838, 0.011337879474490775, 0.011304639594604926, 0.01228079600488996, 0.014734930126120344, 0.01933038876535309, 0.013267054825603003, 0.029365533780770725, 0.020844660619023736, 0.019953988951372015, 0.019301040134708403, 0.01828076026910197, 0.035750315678890532, 0.013160204729973146, 0.016184520542392777, 0.018804895832861712, 0.018469463223166283, 0.021633252423628124, 0.034861122615725715, 0.016280540059418036, 0.02188522790565639, 0.029448954612749656, 0.016128657237843291, 0.016772963001082664, 0.016194026850696042, 0.017877838934001744, 0.015804496795158607, 0.015830479016267107, 0.016575136879678043, 0.017384500450217111]
[-0.0049849400671247513, -0.0049703239266595247, -0.004938585288638303, -0.0049596482591601279, -0.0049406167528323885, -0.004936431131241141, -0.0049440476136734732, -0.0049601956212611126, -0.0049464099517555621, -0.0049757072162650434, -0.0049750955811740244, -0.0049337855453977508, -0.004961860297402948, -0.004981475662455645, -0.0049568552752990991, -0.0050131437427012038, -0.0048630997349910915, -0.0049565138918219731, -0.0048677701627140857, -0.0047688931324554734, -0.0046609270889406834, -0.0047906768464945904, -0.0049287814980205902, -0.0048102309552736228, -0.0044583853973654136, -0.0038703459266773155, -0.0044969726359778694, -0.0044372166010637759, -0.0055094777325876698, -0.004479978027125131, -0.0043773512874668019, -0.0044674768943928633, -0.011747869848812598, -0.0043541750078882335, -0.0038609373273887637, -0.003679336429470631, -0.0036650910263203718, -0.0036253715767954608, -0.0033808670295113752, -0.0041011602262663038, -0.0045487912525731811, 0.00083918099762181342, -0.0047231007411262238, -0.0056633875983080617, -0.0022933459213006768, -0.0039737892886019532, -0.0045492358857903703, -0.0048016285142892523, -0.0049632322282802399, -0.0043168168472547952]
[-0.0049001465830291451, 0.0023642188319240587, 0.0024195515737600011, 0.0026602702392962523, 0.003057604717520891, 0.003373332927909858, 0.0037118319884009311, 0.0040693841299925763, 0.0043639702280505385, 0.0046473736095442794, 0.0048909085481910301, 0.0051742551362185217, 0.0054326350159005637, 0.005643104928291176, 0.0059803116914007026, 0.0063434989174207673, 0.0064604211684388957, 0.0065369441043799381, 0.0069013154175556202, 0.0072652739285682666, 0.0075138387985945881, 0.0079266074742631309, 0.0077714968095169562, 0.0077077756372650741, 0.0074791647909860648, 0.0077678681256505844, 0.0080912796301707002, 0.0085372336721498965, 0.0086233243038552343, 0.0086859415398521933, 0.0092735373803904675, 0.012500421645240511, 0.010959835788626499, 0.011129320880729154, 0.0093070275329504848, 0.014913241317591752, 0.011032550795502527, 0.0084000947094106104, 0.013893568071666695, 0.016832279952474827, 0.01740473391632319, 0.010501003586729896, 0.0058675349601879923, 0.053043874899999954, 0.024878701740792153, 0.033779812981467039, 0.0090333188394003949, 0.0069559166784495807, 0.0094518404554582713, 0.011827581479843696]
[-0.0049721748071461938, -0.0050034131884702264, -0.0049841747573538091, -0.0049565947854038755, -0.0049484384798551481, -0.0049604617669438203, -0.0049636265910189201, -0.0049951641975721148, -0.0049824520282130552, -0.0049556410222282299, -0.0049760639230409381, -0.0049905795122487176, -0.0050082758384231083, -0.0049952628140597921, -0.0049657521888828299, -0.0050397202210692577, -0.0050055791766908109, -0.0050213376571000695, -0.005065352388218175, -0.0051087175128810142, -0.0050833298781250147, -0.0052159463748716328, -0.00503816668787746, -0.0050771120210910264, -0.0051104426090771288, -0.0050719666208921266, -0.0050134145592682922, -0.0050006137286540131, -0.0050390412983682964, -0.0050534113871849862, -0.0051280014612430924, -0.0057548961593708314, -0.0052203547343853962, -0.0053889641073209815, -0.0052773796181194155, -0.0055991111852268238, -0.0050681683327572502, -0.0050691094002240367, -0.0050562329918824034, -0.0051349651118340334, -0.004405381900554256, -0.0048436100927181647, -0.0052019106506018264, -0.002403014185897473, -0.0041343348617314812, -0.0031484815585496595, -0.005214818633507784, -0.005281909754926789, -0.0052913549479167155, -0.0051511357546395464]
[0.0020523034393962612, 0.0051730629107752182, 0.0069737336556851028, 0.0085010990854494338, 0.0098848368998894556, 0.011219671954704538, 0.012112813880187159, 0.013117780524454739, 0.01557564021608876, 0.017670905884375601, 0.018841758005914727, 0.017657012922051157, 0.018965685981628261, 0.022603668552276357, 0.023091790349696772, 0.028797065946766287, 0.036406753796416502, 0.029372060799581601, 0.024303771492741488, 0.02203114942409079, 0.024915684953968342, 0.02437217108829054, 0.023448259656815518, 0.024512974786714603, 0.024847410880936283, 0.027369631344752898, 0.019537198874291117, 0.0015526350541431588, 0.023400070717704446, 0.027562541497717752, 0.022146747947874523, 0.019796626213097968, 0.021839128338514868, 0.025450613666301303, 0.02394593655350219, 0.022683929197593766, 0.020047679462111612, 0.018539590000329453, 0.019348102726920002, 0.014364526158936575, 0.017577905792611648, 0.018372097020611822, 0.018336680220197299, 0.016773965133138891, 0.016614676939621487, 0.017152154667103625, 0.016769438920386515, 0.015932023923696192, 0.015412128324186702, 0.01022805692290274]
[-0.0049492998107846155, -0.0049214506376039028, -0.0048882967743730712, -0.0048467092160539588, -0.004801454516760513, -0.0046955195055405144, -0.0046041352583166828, -0.0045506356554202085, -0.0043059847426223374, -0.0043606511235669485, -0.0043316058469596713, -0.0043172798728443179, -0.0046725110562899422, -0.0047606854722069408, -0.0050291253697083704, -0.0052456275633591537, -0.0044171703923250594, -0.0055692695091372063, -0.0060414737114115602, -0.006536900981811547, -0.0058259527263890692, -0.0051328224514547854, -0.0044731016075981317, -0.0046290331618711461, -0.0038451096313549121, -0.00096003751196652165, -0.001851710304157983, -0.0011594789113985315, -0.0043807733413339656, -0.0052166676070552198, -0.0061952469873124694, -0.0047063518610666599, -0.0042305895981029074, -0.0065240864067496185, -0.0087946575559371687, -0.0070163270945615974, -0.0077806797879343137, -0.007754203923476255, -0.0072997449191959385, -0.0098795253508846825, -0.0064763502773833304, -0.0073847697996656803, -0.004732351629935988, -0.0064977188717012246, -0.0085130934679321646, -0.0082449499138183002, -0.0086186825470735973, -0.0083728881043067527, -0.0089703990637948205, -0.01044075842046599]
[0.00063337592513094422, 0.003514031282009872, 0.0047293502259986549, 0.0058147958037074194, 0.0067434839548075696, 0.0075526631563851074, 0.0083852655221925629, 0.0088560612250486656, 0.0099398269045658169, 0.01065266874559069, 0.010831493781926618, 0.011668206365972766, 0.011856699182949737, 0.012366043693654322, 0.012383658904495859, 0.016098111481121419, 0.01893244952627926, 0.020498681620726322, 0.021696124827579516, 0.022329750062293596, 0.021604804828907087, 0.018833268444080536, 0.040345588432797175, 0.018391273567355093, 0.01992369858023646, 0.02019689460091062, 0.019928073338418673, 0.020106570929856071, 0.016930671848011947, 0.020697134190462985, 0.021876892537295689, 0.024037624902715993, 0.02192318181614672, 0.022650962147241827, 0.022847349373367964, 0.016480894230788246, 0.020166506116914951, 0.020719105416204808, 0.023574437120920999, 0.024829478148217565, 0.021676686055272398, 0.020103350131379982, 0.020834354116753717, 0.02214952964088146, 0.019316952865835679, 0.02038213434396563, 0.023823789148453622, 0.020236815691760057, 0.021358061664221162, 0.017540390517775895]
[-0.0049766907368994587, -0.0049346835516858294, -0.0049247787829818992, -0.0049219778474960431, -0.0049138410804877575, -0.0049075615413411676, -0.0048812155060063145, -0.0049025414152630356, -0.0048282555554234538, -0.0048245810576321158, -0.0047932702099316993, -0.0047510026752461548, -0.0045463040813774197, -0.0047769171805174537, -0.0047082600493988241, -0.0041306119812388326, -0.0038301660036653279, -0.0038968760091731974, -0.0039976724464356045, -0.0040490102938072342, -0.00491406078732462, -0.0049956223398433669, -0.011874358688990103, -0.0051103628801230233, -0.0044815039862290268, -0.0044737697046070002, -0.004457296995103166, -0.0045549451667701024, -0.0050186429175874125, -0.0046502958626498947, -0.00442072315940506, -0.0041584003884629628, -0.0037092541633330645, -0.0035097421769094972, 0.002058384817782144, -0.0020129562993729533, -0.0020838598959046495, -0.0016553754595985959, -0.0021758388609057766, -0.0022695766615140889, -0.0028538613517227474, -0.0031935560417905018, -0.0030741970536152519, -0.0029152171890604872, -0.0034606412050935675, -0.0018474533511878832, -0.0021267492228512486, -0.0015192643279478557, -0.0011594635284494781, -0.0011609547942308396]
[-0.0012697957351469149, 0.0025381823372945282, 0.0032167503403123217, 0.0038744483241537515, 0.0045070827174301994, 0.0050514825701037588, 0.0055417678213496337, 0.0061935081452931355, 0.0065137036422147007, 0.0070429331159688607, 0.0075027978043415988, 0.0078297354881855658, 0.0084015261410937681, 0.0085897026514174663, 0.0087934746047472756, 0.0094100091410250497, 0.0098467239903534121, 0.0098002896734506462, 0.009466381127695489, 0.0097855285693543848, 0.010703564806430838, 0.011337879474490775, 0.011304639594604926, 0.01228079600488996, 0.014734930126120344, 0.01933038876535309, 0.013267054825603003, 0.029365533780770725, 0.020844660619023736, 0.019953988951372015, 0.019301040134708403, 0.01828076026910197, 0.035750315678890532, 0.013160204729973146, 0.016184520542392777, 0.018804895832861712, 0.018469463223166283, 0.021633252423628124, 0.034861122615725715, 0.016280540059418036, 0.02188522790565639, 0.029448954612749656, 0.016128657237843291, 0.016772963001082664, 0.016194026850696042, 0.017877838934001744, 0.015804496795158607, 0.015830479016267107, 0.016575136879678043, 0.017384500450217111]
[-0.0049849400671247513, -0.0049703239266595247, -0.004938585288638303, -0.0049596482591601279, -0.0049406167528323885, -0.004936431131241141, -0.0049440476136734732, -0.0049601956212611126, -0.0049464099517555621, -0.0049757072162650434, -0.0049750955811740244, -0.0049337855453977508, -0.004961860297402948, -0.004981475662455645, -0.0049568552752990991, -0.0050131437427012038, -0.0048630997349910915, -0.0049565138918219731, -0.0048677701627140857, -0.0047688931324554734, -0.0046609270889406834, -0.0047906768464945904, -0.0049287814980205902, -0.0048102309552736228, -0.0044583853973654136, -0.0038703459266773155, -0.0044969726359778694, -0.0044372166010637759, -0.0055094777325876698, -0.004479978027125131, -0.0043773512874668019, -0.0044674768943928633, -0.011747869848812598, -0.0043541750078882335, -0.0038609373273887637, -0.003679336429470631, -0.0036650910263203718, -0.0036253715767954608, -0.0033808670295113752, -0.0041011602262663038, -0.0045487912525731811, 0.00083918099762181342, -0.0047231007411262238, -0.0056633875983080617, -0.0022933459213006768, -0.0039737892886019532, -0.0045492358857903703, -0.0048016285142892523, -0.0049632322282802399, -0.0043168168472547952]
[-0.0049001465830291451, 0.0023642188319240587, 0.0024195515737600011, 0.0026602702392962523, 0.003057604717520891, 0.003373332927909858, 0.0037118319884009311, 0.0040693841299925763, 0.0043639702280505385, 0.0046473736095442794, 0.0048909085481910301, 0.0051742551362185217, 0.0054326350159005637, 0.005643104928291176, 0.0059803116914007026, 0.0063434989174207673, 0.0064604211684388957, 0.0065369441043799381, 0.0069013154175556202, 0.0072652739285682666, 0.0075138387985945881, 0.0079266074742631309, 0.0077714968095169562, 0.0077077756372650741, 0.0074791647909860648, 0.0077678681256505844, 0.0080912796301707002, 0.0085372336721498965, 0.0086233243038552343, 0.0086859415398521933, 0.0092735373803904675, 0.012500421645240511, 0.010959835788626499, 0.011129320880729154, 0.0093070275329504848, 0.014913241317591752, 0.011032550795502527, 0.0084000947094106104, 0.013893568071666695, 0.016832279952474827, 0.01740473391632319, 0.010501003586729896, 0.0058675349601879923, 0.053043874899999954, 0.024878701740792153, 0.033779812981467039, 0.0090333188394003949, 0.0069559166784495807, 0.0094518404554582713, 0.011827581479843696]
[-0.0049721748071461938, -0.0050034131884702264, -0.0049841747573538091, -0.0049565947854038755, -0.0049484384798551481, -0.0049604617669438203, -0.0049636265910189201, -0.0049951641975721148, -0.0049824520282130552, -0.0049556410222282299, -0.0049760639230409381, -0.0049905795122487176, -0.0050082758384231083, -0.0049952628140597921, -0.0049657521888828299, -0.0050397202210692577, -0.0050055791766908109, -0.0050213376571000695, -0.005065352388218175, -0.0051087175128810142, -0.0050833298781250147, -0.0052159463748716328, -0.00503816668787746, -0.0050771120210910264, -0.0051104426090771288, -0.0050719666208921266, -0.0050134145592682922, -0.0050006137286540131, -0.0050390412983682964, -0.0050534113871849862, -0.0051280014612430924, -0.0057548961593708314, -0.0052203547343853962, -0.0053889641073209815, -0.0052773796181194155, -0.0055991111852268238, -0.0050681683327572502, -0.0050691094002240367, -0.0050562329918824034, -0.0051349651118340334, -0.004405381900554256, -0.0048436100927181647, -0.0052019106506018264, -0.002403014185897473, -0.0041343348617314812, -0.0031484815585496595, -0.005214818633507784, -0.005281909754926789, -0.0052913549479167155, -0.0051511357546395464]
[0.0020523034393962612, 0.0051730629107752182, 0.0069737336556851028, 0.0085010990854494338, 0.0098848368998894556, 0.011219671954704538, 0.012112813880187159, 0.013117780524454739, 0.01557564021608876, 0.017670905884375601, 0.018841758005914727, 0.017657012922051157, 0.018965685981628261, 0.022603668552276357, 0.023091790349696772, 0.028797065946766287, 0.036406753796416502, 0.029372060799581601, 0.024303771492741488, 0.02203114942409079, 0.024915684953968342, 0.02437217108829054, 0.023448259656815518, 0.024512974786714603, 0.024847410880936283, 0.027369631344752898, 0.019537198874291117, 0.0015526350541431588, 0.023400070717704446, 0.027562541497717752, 0.022146747947874523, 0.019796626213097968, 0.021839128338514868, 0.025450613666301303, 0.02394593655350219, 0.022683929197593766, 0.020047679462111612, 0.018539590000329453, 0.019348102726920002, 0.014364526158936575, 0.017577905792611648, 0.018372097020611822, 0.018336680220197299, 0.016773965133138891, 0.016614676939621487, 0.017152154667103625, 0.016769438920386515, 0.015932023923696192, 0.015412128324186702, 0.01022805692290274]
[-0.0049492998107846155, -0.0049214506376039028, -0.0048882967743730712, -0.0048467092160539588, -0.004801454516760513, -0.0046955195055405144, -0.0046041352583166828, -0.0045506356554202085, -0.0043059847426223374, -0.0043606511235669485, -0.0043316058469596713, -0.0043172798728443179, -0.0046725110562899422, -0.0047606854722069408, -0.0050291253697083704, -0.0052456275633591537, -0.0044171703923250594, -0.0055692695091372063, -0.0060414737114115602, -0.006536900981811547, -0.0058259527263890692, -0.0051328224514547854, -0.0044731016075981317, -0.0046290331618711461, -0.0038451096313549121, -0.00096003751196652165, -0.001851710304157983, -0.0011594789113985315, -0.0043807733413339656, -0.0052166676070552198, -0.0061952469873124694, -0.0047063518610666599, -0.0042305895981029074, -0.0065240864067496185, -0.0087946575559371687, -0.0070163270945615974, -0.0077806797879343137, -0.007754203923476255, -0.0072997449191959385, -0.0098795253508846825, -0.0064763502773833304, -0.0073847697996656803, -0.004732351629935988, -0.0064977188717012246, -0.0085130934679321646, -0.0082449499138183002, -0.0086186825470735973, -0.0083728881043067527, -0.0089703990637948205, -0.01044075842046599]
[0.00063337592513094422, 0.003514031282009872, 0.0047293502259986549, 0.0058147958037074194, 0.0067434839548075696, 0.0075526631563851074, 0.0083852655221925629, 0.0088560612250486656, 0.0099398269045658169, 0.01065266874559069, 0.010831493781926618, 0.011668206365972766, 0.011856699182949737, 0.012366043693654322, 0.012383658904495859, 0.016098111481121419, 0.01893244952627926, 0.020498681620726322, 0.021696124827579516, 0.022329750062293596, 0.021604804828907087, 0.018833268444080536, 0.040345588432797175, 0.018391273567355093, 0.01992369858023646, 0.02019689460091062, 0.019928073338418673, 0.020106570929856071, 0.016930671848011947, 0.020697134190462985, 0.021876892537295689, 0.024037624902715993, 0.02192318181614672, 0.022650962147241827, 0.022847349373367964, 0.016480894230788246, 0.020166506116914951, 0.020719105416204808, 0.023574437120920999, 0.024829478148217565, 0.021676686055272398, 0.020103350131379982, 0.020834354116753717, 0.02214952964088146, 0.019316952865835679, 0.02038213434396563, 0.023823789148453622, 0.020236815691760057, 0.021358061664221162, 0.017540390517775895]
[-0.0049766907368994587, -0.0049346835516858294, -0.0049247787829818992, -0.0049219778474960431, -0.0049138410804877575, -0.0049075615413411676, -0.0048812155060063145, -0.0049025414152630356, -0.0048282555554234538, -0.0048245810576321158, -0.0047932702099316993, -0.0047510026752461548, -0.0045463040813774197, -0.0047769171805174537, -0.0047082600493988241, -0.0041306119812388326, -0.0038301660036653279, -0.0038968760091731974, -0.0039976724464356045, -0.0040490102938072342, -0.00491406078732462, -0.0049956223398433669, -0.011874358688990103, -0.0051103628801230233, -0.0044815039862290268, -0.0044737697046070002, -0.004457296995103166, -0.0045549451667701024, -0.0050186429175874125, -0.0046502958626498947, -0.00442072315940506, -0.0041584003884629628, -0.0037092541633330645, -0.0035097421769094972, 0.002058384817782144, -0.0020129562993729533, -0.0020838598959046495, -0.0016553754595985959, -0.0021758388609057766, -0.0022695766615140889, -0.0028538613517227474, -0.0031935560417905018, -0.0030741970536152519, -0.0029152171890604872, -0.0034606412050935675, -0.0018474533511878832, -0.0021267492228512486, -0.0015192643279478557, -0.0011594635284494781, -0.0011609547942308396]
[-0.0012697957351469149, 0.0025381823372945282, 0.0032167503403123217, 0.0038744483241537515, 0.0045070827174301994, 0.0050514825701037588, 0.0055417678213496337, 0.0061935081452931355, 0.0065137036422147007, 0.0070429331159688607, 0.0075027978043415988, 0.0078297354881855658, 0.0084015261410937681, 0.0085897026514174663, 0.0087934746047472756, 0.0094100091410250497, 0.0098467239903534121, 0.0098002896734506462, 0.009466381127695489, 0.0097855285693543848, 0.010703564806430838, 0.011337879474490775, 0.011304639594604926, 0.01228079600488996, 0.014734930126120344, 0.01933038876535309, 0.013267054825603003, 0.029365533780770725, 0.020844660619023736, 0.019953988951372015, 0.019301040134708403, 0.01828076026910197, 0.035750315678890532, 0.013160204729973146, 0.016184520542392777, 0.018804895832861712, 0.018469463223166283, 0.021633252423628124, 0.034861122615725715, 0.016280540059418036, 0.02188522790565639, 0.029448954612749656, 0.016128657237843291, 0.016772963001082664, 0.016194026850696042, 0.017877838934001744, 0.015804496795158607, 0.015830479016267107, 0.016575136879678043, 0.017384500450217111]
[-0.0049849400671247513, -0.0049703239266595247, -0.004938585288638303, -0.0049596482591601279, -0.0049406167528323885, -0.004936431131241141, -0.0049440476136734732, -0.0049601956212611126, -0.0049464099517555621, -0.0049757072162650434, -0.0049750955811740244, -0.0049337855453977508, -0.004961860297402948, -0.004981475662455645, -0.0049568552752990991, -0.0050131437427012038, -0.0048630997349910915, -0.0049565138918219731, -0.0048677701627140857, -0.0047688931324554734, -0.0046609270889406834, -0.0047906768464945904, -0.0049287814980205902, -0.0048102309552736228, -0.0044583853973654136, -0.0038703459266773155, -0.0044969726359778694, -0.0044372166010637759, -0.0055094777325876698, -0.004479978027125131, -0.0043773512874668019, -0.0044674768943928633, -0.011747869848812598, -0.0043541750078882335, -0.0038609373273887637, -0.003679336429470631, -0.0036650910263203718, -0.0036253715767954608, -0.0033808670295113752, -0.0041011602262663038, -0.0045487912525731811, 0.00083918099762181342, -0.0047231007411262238, -0.0056633875983080617, -0.0022933459213006768, -0.0039737892886019532, -0.0045492358857903703, -0.0048016285142892523, -0.0049632322282802399, -0.0043168168472547952]
[-0.0049001465830291451, 0.0023642188319240587, 0.0024195515737600011, 0.0026602702392962523, 0.003057604717520891, 0.003373332927909858, 0.0037118319884009311, 0.0040693841299925763, 0.0043639702280505385, 0.0046473736095442794, 0.0048909085481910301, 0.0051742551362185217, 0.0054326350159005637, 0.005643104928291176, 0.0059803116914007026, 0.0063434989174207673, 0.0064604211684388957, 0.0065369441043799381, 0.0069013154175556202, 0.0072652739285682666, 0.0075138387985945881, 0.0079266074742631309, 0.0077714968095169562, 0.0077077756372650741, 0.0074791647909860648, 0.0077678681256505844, 0.0080912796301707002, 0.0085372336721498965, 0.0086233243038552343, 0.0086859415398521933, 0.0092735373803904675, 0.012500421645240511, 0.010959835788626499, 0.011129320880729154, 0.0093070275329504848, 0.014913241317591752, 0.011032550795502527, 0.0084000947094106104, 0.013893568071666695, 0.016832279952474827, 0.01740473391632319, 0.010501003586729896, 0.0058675349601879923, 0.053043874899999954, 0.024878701740792153, 0.033779812981467039, 0.0090333188394003949, 0.0069559166784495807, 0.0094518404554582713, 0.011827581479843696]
[-0.0049721748071461938, -0.0050034131884702264, -0.0049841747573538091, -0.0049565947854038755, -0.0049484384798551481, -0.0049604617669438203, -0.0049636265910189201, -0.0049951641975721148, -0.0049824520282130552, -0.0049556410222282299, -0.0049760639230409381, -0.0049905795122487176, -0.0050082758384231083, -0.0049952628140597921, -0.0049657521888828299, -0.0050397202210692577, -0.0050055791766908109, -0.0050213376571000695, -0.005065352388218175, -0.0051087175128810142, -0.0050833298781250147, -0.0052159463748716328, -0.00503816668787746, -0.0050771120210910264, -0.0051104426090771288, -0.0050719666208921266, -0.0050134145592682922, -0.0050006137286540131, -0.0050390412983682964, -0.0050534113871849862, -0.0051280014612430924, -0.0057548961593708314, -0.0052203547343853962, -0.0053889641073209815, -0.0052773796181194155, -0.0055991111852268238, -0.0050681683327572502, -0.0050691094002240367, -0.0050562329918824034, -0.0051349651118340334, -0.004405381900554256, -0.0048436100927181647, -0.0052019106506018264, -0.002403014185897473, -0.0041343348617314812, -0.0031484815585496595, -0.005214818633507784, -0.005281909754926789, -0.0052913549479167155, -0.0051511357546395464]
[0.0020523034393962612, 0.0051730629107752182, 0.0069737336556851028, 0.0085010990854494338, 0.0098848368998894556, 0.011219671954704538, 0.012112813880187159, 0.013117780524454739, 0.01557564021608876, 0.017670905884375601, 0.018841758005914727, 0.017657012922051157, 0.018965685981628261, 0.022603668552276357, 0.023091790349696772, 0.028797065946766287, 0.036406753796416502, 0.029372060799581601, 0.024303771492741488, 0.02203114942409079, 0.024915684953968342, 0.02437217108829054, 0.023448259656815518, 0.024512974786714603, 0.024847410880936283, 0.027369631344752898, 0.019537198874291117, 0.0015526350541431588, 0.023400070717704446, 0.027562541497717752, 0.022146747947874523, 0.019796626213097968, 0.021839128338514868, 0.025450613666301303, 0.02394593655350219, 0.022683929197593766, 0.020047679462111612, 0.018539590000329453, 0.019348102726920002, 0.014364526158936575, 0.017577905792611648, 0.018372097020611822, 0.018336680220197299, 0.016773965133138891, 0.016614676939621487, 0.017152154667103625, 0.016769438920386515, 0.015932023923696192, 0.015412128324186702, 0.01022805692290274]
[-0.0049492998107846155, -0.0049214506376039028, -0.0048882967743730712, -0.0048467092160539588, -0.004801454516760513, -0.0046955195055405144, -0.0046041352583166828, -0.0045506356554202085, -0.0043059847426223374, -0.0043606511235669485, -0.0043316058469596713, -0.0043172798728443179, -0.0046725110562899422, -0.0047606854722069408, -0.0050291253697083704, -0.0052456275633591537, -0.0044171703923250594, -0.0055692695091372063, -0.0060414737114115602, -0.006536900981811547, -0.0058259527263890692, -0.0051328224514547854, -0.0044731016075981317, -0.0046290331618711461, -0.0038451096313549121, -0.00096003751196652165, -0.001851710304157983, -0.0011594789113985315, -0.0043807733413339656, -0.0052166676070552198, -0.0061952469873124694, -0.0047063518610666599, -0.0042305895981029074, -0.0065240864067496185, -0.0087946575559371687, -0.0070163270945615974, -0.0077806797879343137, -0.007754203923476255, -0.0072997449191959385, -0.0098795253508846825, -0.0064763502773833304, -0.0073847697996656803, -0.004732351629935988, -0.0064977188717012246, -0.0085130934679321646, -0.0082449499138183002, -0.0086186825470735973, -0.0083728881043067527, -0.0089703990637948205, -0.01044075842046599]
[0.00063337592513094422, 0.003514031282009872, 0.0047293502259986549, 0.0058147958037074194, 0.0067434839548075696, 0.0075526631563851074, 0.0083852655221925629, 0.0088560612250486656, 0.0099398269045658169, 0.01065266874559069, 0.010831493781926618, 0.011668206365972766, 0.011856699182949737, 0.012366043693654322, 0.012383658904495859, 0.016098111481121419, 0.01893244952627926, 0.020498681620726322, 0.021696124827579516, 0.022329750062293596, 0.021604804828907087, 0.018833268444080536, 0.040345588432797175, 0.018391273567355093, 0.01992369858023646, 0.02019689460091062, 0.019928073338418673, 0.020106570929856071, 0.016930671848011947, 0.020697134190462985, 0.021876892537295689, 0.024037624902715993, 0.02192318181614672, 0.022650962147241827, 0.022847349373367964, 0.016480894230788246, 0.020166506116914951, 0.020719105416204808, 0.023574437120920999, 0.024829478148217565, 0.021676686055272398, 0.020103350131379982, 0.020834354116753717, 0.02214952964088146, 0.019316952865835679, 0.02038213434396563, 0.023823789148453622, 0.020236815691760057, 0.021358061664221162, 0.017540390517775895]
[-0.0049766907368994587, -0.0049346835516858294, -0.0049247787829818992, -0.0049219778474960431, -0.0049138410804877575, -0.0049075615413411676, -0.0048812155060063145, -0.0049025414152630356, -0.0048282555554234538, -0.0048245810576321158, -0.0047932702099316993, -0.0047510026752461548, -0.0045463040813774197, -0.0047769171805174537, -0.0047082600493988241, -0.0041306119812388326, -0.0038301660036653279, -0.0038968760091731974, -0.0039976724464356045, -0.0040490102938072342, -0.00491406078732462, -0.0049956223398433669, -0.011874358688990103, -0.0051103628801230233, -0.0044815039862290268, -0.0044737697046070002, -0.004457296995103166, -0.0045549451667701024, -0.0050186429175874125, -0.0046502958626498947, -0.00442072315940506, -0.0041584003884629628, -0.0037092541633330645, -0.0035097421769094972, 0.002058384817782144, -0.0020129562993729533, -0.0020838598959046495, -0.0016553754595985959, -0.0021758388609057766, -0.0022695766615140889, -0.0028538613517227474, -0.0031935560417905018, -0.0030741970536152519, -0.0029152171890604872, -0.0034606412050935675, -0.0018474533511878832, -0.0021267492228512486, -0.0015192643279478557, -0.0011594635284494781, -0.0011609547942308396]
[-0.0012697957351469149, 0.0025381823372945282, 0.0032167503403123217, 0.0038744483241537515, 0.0045070827174301994, 0.0050514825701037588, 0.0055417678213496337, 0.0061935081452931355, 0.0065137036422147007, 0.0070429331159688607, 0.0075027978043415988, 0.0078297354881855658, 0.0084015261410937681, 0.0085897026514174663, 0.0087934746047472756, 0.0094100091410250497, 0.0098467239903534121, 0.0098002896734506462, 0.009466381127695489, 0.0097855285693543848, 0.010703564806430838, 0.011337879474490775, 0.011304639594604926, 0.01228079600488996, 0.014734930126120344, 0.01933038876535309, 0.013267054825603003, 0.029365533780770725, 0.020844660619023736, 0.019953988951372015, 0.019301040134708403, 0.01828076026910197, 0.035750315678890532, 0.013160204729973146, 0.016184520542392777, 0.018804895832861712, 0.018469463223166283, 0.021633252423628124, 0.034861122615725715, 0.016280540059418036, 0.02188522790565639, 0.029448954612749656, 0.016128657237843291, 0.016772963001082664, 0.016194026850696042, 0.017877838934001744, 0.015804496795158607, 0.015830479016267107, 0.016575136879678043, 0.017384500450217111]
[-0.0049849400671247513, -0.0049703239266595247, -0.004938585288638303, -0.0049596482591601279, -0.0049406167528323885, -0.004936431131241141, -0.0049440476136734732, -0.0049601956212611126, -0.0049464099517555621, -0.0049757072162650434, -0.0049750955811740244, -0.0049337855453977508, -0.004961860297402948, -0.004981475662455645, -0.0049568552752990991, -0.0050131437427012038, -0.0048630997349910915, -0.0049565138918219731, -0.0048677701627140857, -0.0047688931324554734, -0.0046609270889406834, -0.0047906768464945904, -0.0049287814980205902, -0.0048102309552736228, -0.0044583853973654136, -0.0038703459266773155, -0.0044969726359778694, -0.0044372166010637759, -0.0055094777325876698, -0.004479978027125131, -0.0043773512874668019, -0.0044674768943928633, -0.011747869848812598, -0.0043541750078882335, -0.0038609373273887637, -0.003679336429470631, -0.0036650910263203718, -0.0036253715767954608, -0.0033808670295113752, -0.0041011602262663038, -0.0045487912525731811, 0.00083918099762181342, -0.0047231007411262238, -0.0056633875983080617, -0.0022933459213006768, -0.0039737892886019532, -0.0045492358857903703, -0.0048016285142892523, -0.0049632322282802399, -0.0043168168472547952]
[-0.0049001465830291451, 0.0023642188319240587, 0.0024195515737600011, 0.0026602702392962523, 0.003057604717520891, 0.003373332927909858, 0.0037118319884009311, 0.0040693841299925763, 0.0043639702280505385, 0.0046473736095442794, 0.0048909085481910301, 0.0051742551362185217, 0.0054326350159005637, 0.005643104928291176, 0.0059803116914007026, 0.0063434989174207673, 0.0064604211684388957, 0.0065369441043799381, 0.0069013154175556202, 0.0072652739285682666, 0.0075138387985945881, 0.0079266074742631309, 0.0077714968095169562, 0.0077077756372650741, 0.0074791647909860648, 0.0077678681256505844, 0.0080912796301707002, 0.0085372336721498965, 0.0086233243038552343, 0.0086859415398521933, 0.0092735373803904675, 0.012500421645240511, 0.010959835788626499, 0.011129320880729154, 0.0093070275329504848, 0.014913241317591752, 0.011032550795502527, 0.0084000947094106104, 0.013893568071666695, 0.016832279952474827, 0.01740473391632319, 0.010501003586729896, 0.0058675349601879923, 0.053043874899999954, 0.024878701740792153, 0.033779812981467039, 0.0090333188394003949, 0.0069559166784495807, 0.0094518404554582713, 0.011827581479843696]
[-0.0049721748071461938, -0.0050034131884702264, -0.0049841747573538091, -0.0049565947854038755, -0.0049484384798551481, -0.0049604617669438203, -0.0049636265910189201, -0.0049951641975721148, -0.0049824520282130552, -0.0049556410222282299, -0.0049760639230409381, -0.0049905795122487176, -0.0050082758384231083, -0.0049952628140597921, -0.0049657521888828299, -0.0050397202210692577, -0.0050055791766908109, -0.0050213376571000695, -0.005065352388218175, -0.0051087175128810142, -0.0050833298781250147, -0.0052159463748716328, -0.00503816668787746, -0.0050771120210910264, -0.0051104426090771288, -0.0050719666208921266, -0.0050134145592682922, -0.0050006137286540131, -0.0050390412983682964, -0.0050534113871849862, -0.0051280014612430924, -0.0057548961593708314, -0.0052203547343853962, -0.0053889641073209815, -0.0052773796181194155, -0.0055991111852268238, -0.0050681683327572502, -0.0050691094002240367, -0.0050562329918824034, -0.0051349651118340334, -0.004405381900554256, -0.0048436100927181647, -0.0052019106506018264, -0.002403014185897473, -0.0041343348617314812, -0.0031484815585496595, -0.005214818633507784, -0.005281909754926789, -0.0052913549479167155, -0.0051511357546395464]
[inf, 0.0, 0.0051730629107752182, 0.0069737336556851028, 0.0085010990854494338, 0.0098848368998894556, 0.011219671954704538, 0.012112813880187159, 0.013117780524454739, 0.01557564021608876, 0.017670905884375601, 0.018841758005914727, 0.017657012922051157, 0.018965685981628261, 0.022603668552276357, 0.023091790349696772, 0.028797065946766287, 0.036406753796416502, 0.029372060799581601, 0.024303771492741488, 0.02203114942409079, 0.024915684953968342, 0.02437217108829054, 0.023448259656815518, 0.024512974786714603, 0.024847410880936283, 0.027369631344752898, 0.019537198874291117, 0.0015526350541431588, 0.023400070717704446, 0.027562541497717752, 0.022146747947874523, 0.019796626213097968, 0.021839128338514868, 0.025450613666301303, 0.02394593655350219, 0.022683929197593766, 0.020047679462111612, 0.018539590000329453, 0.019348102726920002, 0.014364526158936575, 0.017577905792611648, 0.018372097020611822, 0.018336680220197299, 0.016773965133138891, 0.016614676939621487, 0.017152154667103625, 0.016769438920386515, 0.015932023923696192, 0.015412128324186702, 0.01022805692290274]
[-inf, 0.0, -0.0049214506376039028, -0.0048882967743730712, -0.0048467092160539588, -0.004801454516760513, -0.0046955195055405144, -0.0046041352583166828, -0.0045506356554202085, -0.0043059847426223374, -0.0043606511235669485, -0.0043316058469596713, -0.0043172798728443179, -0.0046725110562899422, -0.0047606854722069408, -0.0050291253697083704, -0.0052456275633591537, -0.0044171703923250594, -0.0055692695091372063, -0.0060414737114115602, -0.006536900981811547, -0.0058259527263890692, -0.0051328224514547854, -0.0044731016075981317, -0.0046290331618711461, -0.0038451096313549121, -0.00096003751196652165, -0.001851710304157983, -0.0011594789113985315, -0.0043807733413339656, -0.0052166676070552198, -0.0061952469873124694, -0.0047063518610666599, -0.0042305895981029074, -0.0065240864067496185, -0.0087946575559371687, -0.0070163270945615974, -0.0077806797879343137, -0.007754203923476255, -0.0072997449191959385, -0.0098795253508846825, -0.0064763502773833304, -0.0073847697996656803, -0.004732351629935988, -0.0064977188717012246, -0.0085130934679321646, -0.0082449499138183002, -0.0086186825470735973, -0.0083728881043067527, -0.0089703990637948205, -0.01044075842046599]
[inf, 0.0, 0.003514031282009872, 0.0047293502259986549, 0.0058147958037074194, 0.0067434839548075696, 0.0075526631563851074, 0.0083852655221925629, 0.0088560612250486656, 0.0099398269045658169, 0.01065266874559069, 0.010831493781926618, 0.011668206365972766, 0.011856699182949737, 0.012366043693654322, 0.012383658904495859, 0.016098111481121419, 0.01893244952627926, 0.020498681620726322, 0.021696124827579516, 0.022329750062293596, 0.021604804828907087, 0.018833268444080536, 0.040345588432797175, 0.018391273567355093, 0.01992369858023646, 0.02019689460091062, 0.019928073338418673, 0.020106570929856071, 0.016930671848011947, 0.020697134190462985, 0.021876892537295689, 0.024037624902715993, 0.02192318181614672, 0.022650962147241827, 0.022847349373367964, 0.016480894230788246, 0.020166506116914951, 0.020719105416204808, 0.023574437120920999, 0.024829478148217565, 0.021676686055272398, 0.020103350131379982, 0.020834354116753717, 0.02214952964088146, 0.019316952865835679, 0.02038213434396563, 0.023823789148453622, 0.020236815691760057, 0.021358061664221162, 0.017540390517775895]
[-inf, 0.0, -0.0049346835516858294, -0.0049247787829818992, -0.0049219778474960431, -0.0049138410804877575, -0.0049075615413411676, -0.0048812155060063145, -0.0049025414152630356, -0.0048282555554234538, -0.0048245810576321158, -0.0047932702099316993, -0.0047510026752461548, -0.0045463040813774197, -0.0047769171805174537, -0.0047082600493988241, -0.0041306119812388326, -0.0038301660036653279, -0.0038968760091731974, -0.0039976724464356045, -0.0040490102938072342, -0.00491406078732462, -0.0049956223398433669, -0.011874358688990103, -0.0051103628801230233, -0.0044815039862290268, -0.0044737697046070002, -0.004457296995103166, -0.0045549451667701024, -0.0050186429175874125, -0.0046502958626498947, -0.00442072315940506, -0.0041584003884629628, -0.0037092541633330645, -0.0035097421769094972, 0.002058384817782144, -0.0020129562993729533, -0.0020838598959046495, -0.0016553754595985959, -0.0021758388609057766, -0.0022695766615140889, -0.0028538613517227474, -0.0031935560417905018, -0.0030741970536152519, -0.0029152171890604872, -0.0034606412050935675, -0.0018474533511878832, -0.0021267492228512486, -0.0015192643279478557, -0.0011594635284494781, -0.0011609547942308396]
[-inf, 0.0, 0.0025381823372945282, 0.0032167503403123217, 0.0038744483241537515, 0.0045070827174301994, 0.0050514825701037588, 0.0055417678213496337, 0.0061935081452931355, 0.0065137036422147007, 0.0070429331159688607, 0.0075027978043415988, 0.0078297354881855658, 0.0084015261410937681, 0.0085897026514174663, 0.0087934746047472756, 0.0094100091410250497, 0.0098467239903534121, 0.0098002896734506462, 0.009466381127695489, 0.0097855285693543848, 0.010703564806430838, 0.011337879474490775, 0.011304639594604926, 0.01228079600488996, 0.014734930126120344, 0.01933038876535309, 0.013267054825603003, 0.029365533780770725, 0.020844660619023736, 0.019953988951372015, 0.019301040134708403, 0.01828076026910197, 0.035750315678890532, 0.013160204729973146, 0.016184520542392777, 0.018804895832861712, 0.018469463223166283, 0.021633252423628124, 0.034861122615725715, 0.016280540059418036, 0.02188522790565639, 0.029448954612749656, 0.016128657237843291, 0.016772963001082664, 0.016194026850696042, 0.017877838934001744, 0.015804496795158607, 0.015830479016267107, 0.016575136879678043, 0.017384500450217111]
[-inf, 0.0, -0.0049703239266595247, -0.004938585288638303, -0.0049596482591601279, -0.0049406167528323885, -0.004936431131241141, -0.0049440476136734732, -0.0049601956212611126, -0.0049464099517555621, -0.0049757072162650434, -0.0049750955811740244, -0.0049337855453977508, -0.004961860297402948, -0.004981475662455645, -0.0049568552752990991, -0.0050131437427012038, -0.0048630997349910915, -0.0049565138918219731, -0.0048677701627140857, -0.0047688931324554734, -0.0046609270889406834, -0.0047906768464945904, -0.0049287814980205902, -0.0048102309552736228, -0.0044583853973654136, -0.0038703459266773155, -0.0044969726359778694, -0.0044372166010637759, -0.0055094777325876698, -0.004479978027125131, -0.0043773512874668019, -0.0044674768943928633, -0.011747869848812598, -0.0043541750078882335, -0.0038609373273887637, -0.003679336429470631, -0.0036650910263203718, -0.0036253715767954608, -0.0033808670295113752, -0.0041011602262663038, -0.0045487912525731811, 0.00083918099762181342, -0.0047231007411262238, -0.0056633875983080617, -0.0022933459213006768, -0.0039737892886019532, -0.0045492358857903703, -0.0048016285142892523, -0.0049632322282802399, -0.0043168168472547952]
[-inf, 0.0, 0.0023642188319240587, 0.0024195515737600011, 0.0026602702392962523, 0.003057604717520891, 0.003373332927909858, 0.0037118319884009311, 0.0040693841299925763, 0.0043639702280505385, 0.0046473736095442794, 0.0048909085481910301, 0.0051742551362185217, 0.0054326350159005637, 0.005643104928291176, 0.0059803116914007026, 0.0063434989174207673, 0.0064604211684388957, 0.0065369441043799381, 0.0069013154175556202, 0.0072652739285682666, 0.0075138387985945881, 0.0079266074742631309, 0.0077714968095169562, 0.0077077756372650741, 0.0074791647909860648, 0.0077678681256505844, 0.0080912796301707002, 0.0085372336721498965, 0.0086233243038552343, 0.0086859415398521933, 0.0092735373803904675, 0.012500421645240511, 0.010959835788626499, 0.011129320880729154, 0.0093070275329504848, 0.014913241317591752, 0.011032550795502527, 0.0084000947094106104, 0.013893568071666695, 0.016832279952474827, 0.01740473391632319, 0.010501003586729896, 0.0058675349601879923, 0.053043874899999954, 0.024878701740792153, 0.033779812981467039, 0.0090333188394003949, 0.0069559166784495807, 0.0094518404554582713, 0.011827581479843696]
[-inf, 0.0, -0.0050034131884702264, -0.0049841747573538091, -0.0049565947854038755, -0.0049484384798551481, -0.0049604617669438203, -0.0049636265910189201, -0.0049951641975721148, -0.0049824520282130552, -0.0049556410222282299, -0.0049760639230409381, -0.0049905795122487176, -0.0050082758384231083, -0.0049952628140597921, -0.0049657521888828299, -0.0050397202210692577, -0.0050055791766908109, -0.0050213376571000695, -0.005065352388218175, -0.0051087175128810142, -0.0050833298781250147, -0.0052159463748716328, -0.00503816668787746, -0.0050771120210910264, -0.0051104426090771288, -0.0050719666208921266, -0.0050134145592682922, -0.0050006137286540131, -0.0050390412983682964, -0.0050534113871849862, -0.0051280014612430924, -0.0057548961593708314, -0.0052203547343853962, -0.0053889641073209815, -0.0052773796181194155, -0.0055991111852268238, -0.0050681683327572502, -0.0050691094002240367, -0.0050562329918824034, -0.0051349651118340334, -0.004405381900554256, -0.0048436100927181647, -0.0052019106506018264, -0.002403014185897473, -0.0041343348617314812, -0.0031484815585496595, -0.005214818633507784, -0.005281909754926789, -0.0052913549479167155, -0.0051511357546395464]
[inf, 0.0, 0.0051730629107752182, 0.0069737336556851028, 0.0085010990854494338, 0.0098848368998894556, 0.011219671954704538, 0.012112813880187159, 0.013117780524454739, 0.01557564021608876, 0.017670905884375601, 0.018841758005914727, 0.017657012922051157, 0.018965685981628261, 0.022603668552276357, 0.023091790349696772, 0.028797065946766287, 0.036406753796416502, 0.029372060799581601, 0.024303771492741488, 0.02203114942409079, 0.024915684953968342, 0.02437217108829054, 0.023448259656815518, 0.024512974786714603, 0.024847410880936283, 0.027369631344752898, 0.019537198874291117, 0.0015526350541431588, 0.023400070717704446, 0.027562541497717752, 0.022146747947874523, 0.019796626213097968, 0.021839128338514868, 0.025450613666301303, 0.02394593655350219, 0.022683929197593766, 0.020047679462111612, 0.018539590000329453, 0.019348102726920002, 0.014364526158936575, 0.017577905792611648, 0.018372097020611822, 0.018336680220197299, 0.016773965133138891, 0.016614676939621487, 0.017152154667103625, 0.016769438920386515, 0.015932023923696192, 0.015412128324186702, 0.01022805692290274]
[-inf, 0.0, -0.0049214506376039028, -0.0048882967743730712, -0.0048467092160539588, -0.004801454516760513, -0.0046955195055405144, -0.0046041352583166828, -0.0045506356554202085, -0.0043059847426223374, -0.0043606511235669485, -0.0043316058469596713, -0.0043172798728443179, -0.0046725110562899422, -0.0047606854722069408, -0.0050291253697083704, -0.0052456275633591537, -0.0044171703923250594, -0.0055692695091372063, -0.0060414737114115602, -0.006536900981811547, -0.0058259527263890692, -0.0051328224514547854, -0.0044731016075981317, -0.0046290331618711461, -0.0038451096313549121, -0.00096003751196652165, -0.001851710304157983, -0.0011594789113985315, -0.0043807733413339656, -0.0052166676070552198, -0.0061952469873124694, -0.0047063518610666599, -0.0042305895981029074, -0.0065240864067496185, -0.0087946575559371687, -0.0070163270945615974, -0.0077806797879343137, -0.007754203923476255, -0.0072997449191959385, -0.0098795253508846825, -0.0064763502773833304, -0.0073847697996656803, -0.004732351629935988, -0.0064977188717012246, -0.0085130934679321646, -0.0082449499138183002, -0.0086186825470735973, -0.0083728881043067527, -0.0089703990637948205, -0.01044075842046599]
[inf, 0.0, 0.003514031282009872, 0.0047293502259986549, 0.0058147958037074194, 0.0067434839548075696, 0.0075526631563851074, 0.0083852655221925629, 0.0088560612250486656, 0.0099398269045658169, 0.01065266874559069, 0.010831493781926618, 0.011668206365972766, 0.011856699182949737, 0.012366043693654322, 0.012383658904495859, 0.016098111481121419, 0.01893244952627926, 0.020498681620726322, 0.021696124827579516, 0.022329750062293596, 0.021604804828907087, 0.018833268444080536, 0.040345588432797175, 0.018391273567355093, 0.01992369858023646, 0.02019689460091062, 0.019928073338418673, 0.020106570929856071, 0.016930671848011947, 0.020697134190462985, 0.021876892537295689, 0.024037624902715993, 0.02192318181614672, 0.022650962147241827, 0.022847349373367964, 0.016480894230788246, 0.020166506116914951, 0.020719105416204808, 0.023574437120920999, 0.024829478148217565, 0.021676686055272398, 0.020103350131379982, 0.020834354116753717, 0.02214952964088146, 0.019316952865835679, 0.02038213434396563, 0.023823789148453622, 0.020236815691760057, 0.021358061664221162, 0.017540390517775895]
[-inf, 0.0, -0.0049346835516858294, -0.0049247787829818992, -0.0049219778474960431, -0.0049138410804877575, -0.0049075615413411676, -0.0048812155060063145, -0.0049025414152630356, -0.0048282555554234538, -0.0048245810576321158, -0.0047932702099316993, -0.0047510026752461548, -0.0045463040813774197, -0.0047769171805174537, -0.0047082600493988241, -0.0041306119812388326, -0.0038301660036653279, -0.0038968760091731974, -0.0039976724464356045, -0.0040490102938072342, -0.00491406078732462, -0.0049956223398433669, -0.011874358688990103, -0.0051103628801230233, -0.0044815039862290268, -0.0044737697046070002, -0.004457296995103166, -0.0045549451667701024, -0.0050186429175874125, -0.0046502958626498947, -0.00442072315940506, -0.0041584003884629628, -0.0037092541633330645, -0.0035097421769094972, 0.002058384817782144, -0.0020129562993729533, -0.0020838598959046495, -0.0016553754595985959, -0.0021758388609057766, -0.0022695766615140889, -0.0028538613517227474, -0.0031935560417905018, -0.0030741970536152519, -0.0029152171890604872, -0.0034606412050935675, -0.0018474533511878832, -0.0021267492228512486, -0.0015192643279478557, -0.0011594635284494781, -0.0011609547942308396]
[-inf, 0.0, 0.0025381823372945282, 0.0032167503403123217, 0.0038744483241537515, 0.0045070827174301994, 0.0050514825701037588, 0.0055417678213496337, 0.0061935081452931355, 0.0065137036422147007, 0.0070429331159688607, 0.0075027978043415988, 0.0078297354881855658, 0.0084015261410937681, 0.0085897026514174663, 0.0087934746047472756, 0.0094100091410250497, 0.0098467239903534121, 0.0098002896734506462, 0.009466381127695489, 0.0097855285693543848, 0.010703564806430838, 0.011337879474490775, 0.011304639594604926, 0.01228079600488996, 0.014734930126120344, 0.01933038876535309, 0.013267054825603003, 0.029365533780770725, 0.020844660619023736, 0.019953988951372015, 0.019301040134708403, 0.01828076026910197, 0.035750315678890532, 0.013160204729973146, 0.016184520542392777, 0.018804895832861712, 0.018469463223166283, 0.021633252423628124, 0.034861122615725715, 0.016280540059418036, 0.02188522790565639, 0.029448954612749656, 0.016128657237843291, 0.016772963001082664, 0.016194026850696042, 0.017877838934001744, 0.015804496795158607, 0.015830479016267107, 0.016575136879678043, 0.017384500450217111]
[-inf, 0.0, -0.0049703239266595247, -0.004938585288638303, -0.0049596482591601279, -0.0049406167528323885, -0.004936431131241141, -0.0049440476136734732, -0.0049601956212611126, -0.0049464099517555621, -0.0049757072162650434, -0.0049750955811740244, -0.0049337855453977508, -0.004961860297402948, -0.004981475662455645, -0.0049568552752990991, -0.0050131437427012038, -0.0048630997349910915, -0.0049565138918219731, -0.0048677701627140857, -0.0047688931324554734, -0.0046609270889406834, -0.0047906768464945904, -0.0049287814980205902, -0.0048102309552736228, -0.0044583853973654136, -0.0038703459266773155, -0.0044969726359778694, -0.0044372166010637759, -0.0055094777325876698, -0.004479978027125131, -0.0043773512874668019, -0.0044674768943928633, -0.011747869848812598, -0.0043541750078882335, -0.0038609373273887637, -0.003679336429470631, -0.0036650910263203718, -0.0036253715767954608, -0.0033808670295113752, -0.0041011602262663038, -0.0045487912525731811, 0.00083918099762181342, -0.0047231007411262238, -0.0056633875983080617, -0.0022933459213006768, -0.0039737892886019532, -0.0045492358857903703, -0.0048016285142892523, -0.0049632322282802399, -0.0043168168472547952]
[-inf, 0.0, 0.0023642188319240587, 0.0024195515737600011, 0.0026602702392962523, 0.003057604717520891, 0.003373332927909858, 0.0037118319884009311, 0.0040693841299925763, 0.0043639702280505385, 0.0046473736095442794, 0.0048909085481910301, 0.0051742551362185217, 0.0054326350159005637, 0.005643104928291176, 0.0059803116914007026, 0.0063434989174207673, 0.0064604211684388957, 0.0065369441043799381, 0.0069013154175556202, 0.0072652739285682666, 0.0075138387985945881, 0.0079266074742631309, 0.0077714968095169562, 0.0077077756372650741, 0.0074791647909860648, 0.0077678681256505844, 0.0080912796301707002, 0.0085372336721498965, 0.0086233243038552343, 0.0086859415398521933, 0.0092735373803904675, 0.012500421645240511, 0.010959835788626499, 0.011129320880729154, 0.0093070275329504848, 0.014913241317591752, 0.011032550795502527, 0.0084000947094106104, 0.013893568071666695, 0.016832279952474827, 0.01740473391632319, 0.010501003586729896, 0.0058675349601879923, 0.053043874899999954, 0.024878701740792153, 0.033779812981467039, 0.0090333188394003949, 0.0069559166784495807, 0.0094518404554582713, 0.011827581479843696]
[-inf, 0.0, -0.0050034131884702264, -0.0049841747573538091, -0.0049565947854038755, -0.0049484384798551481, -0.0049604617669438203, -0.0049636265910189201, -0.0049951641975721148, -0.0049824520282130552, -0.0049556410222282299, -0.0049760639230409381, -0.0049905795122487176, -0.0050082758384231083, -0.0049952628140597921, -0.0049657521888828299, -0.0050397202210692577, -0.0050055791766908109, -0.0050213376571000695, -0.005065352388218175, -0.0051087175128810142, -0.0050833298781250147, -0.0052159463748716328, -0.00503816668787746, -0.0050771120210910264, -0.0051104426090771288, -0.0050719666208921266, -0.0050134145592682922, -0.0050006137286540131, -0.0050390412983682964, -0.0050534113871849862, -0.0051280014612430924, -0.0057548961593708314, -0.0052203547343853962, -0.0053889641073209815, -0.0052773796181194155, -0.0055991111852268238, -0.0050681683327572502, -0.0050691094002240367, -0.0050562329918824034, -0.0051349651118340334, -0.004405381900554256, -0.0048436100927181647, -0.0052019106506018264, -0.002403014185897473, -0.0041343348617314812, -0.0031484815585496595, -0.005214818633507784, -0.005281909754926789, -0.0052913549479167155, -0.0051511357546395464]
[inf, 0.0, 0.0051730629107752182, 0.0069737336556851028, 0.0085010990854494338, 0.0098848368998894556, 0.011219671954704538, 0.012112813880187159, 0.013117780524454739, 0.01557564021608876, 0.017670905884375601, 0.018841758005914727, 0.017657012922051157, 0.018965685981628261, 0.022603668552276357, 0.023091790349696772, 0.028797065946766287, 0.036406753796416502, 0.029372060799581601, 0.024303771492741488, 0.02203114942409079, 0.024915684953968342, 0.02437217108829054, 0.023448259656815518, 0.024512974786714603, 0.024847410880936283, 0.027369631344752898, 0.019537198874291117, 0.0015526350541431588, 0.023400070717704446, 0.027562541497717752, 0.022146747947874523, 0.019796626213097968, 0.021839128338514868, 0.025450613666301303, 0.02394593655350219, 0.022683929197593766, 0.020047679462111612, 0.018539590000329453, 0.019348102726920002, 0.014364526158936575, 0.017577905792611648, 0.018372097020611822, 0.018336680220197299, 0.016773965133138891, 0.016614676939621487, 0.017152154667103625, 0.016769438920386515, 0.015932023923696192, 0.015412128324186702, 0.01022805692290274]
[-inf, 0.0, -0.0049214506376039028, -0.0048882967743730712, -0.0048467092160539588, -0.004801454516760513, -0.0046955195055405144, -0.0046041352583166828, -0.0045506356554202085, -0.0043059847426223374, -0.0043606511235669485, -0.0043316058469596713, -0.0043172798728443179, -0.0046725110562899422, -0.0047606854722069408, -0.0050291253697083704, -0.0052456275633591537, -0.0044171703923250594, -0.0055692695091372063, -0.0060414737114115602, -0.006536900981811547, -0.0058259527263890692, -0.0051328224514547854, -0.0044731016075981317, -0.0046290331618711461, -0.0038451096313549121, -0.00096003751196652165, -0.001851710304157983, -0.0011594789113985315, -0.0043807733413339656, -0.0052166676070552198, -0.0061952469873124694, -0.0047063518610666599, -0.0042305895981029074, -0.0065240864067496185, -0.0087946575559371687, -0.0070163270945615974, -0.0077806797879343137, -0.007754203923476255, -0.0072997449191959385, -0.0098795253508846825, -0.0064763502773833304, -0.0073847697996656803, -0.004732351629935988, -0.0064977188717012246, -0.0085130934679321646, -0.0082449499138183002, -0.0086186825470735973, -0.0083728881043067527, -0.0089703990637948205, -0.01044075842046599]
[inf, 0.0, 0.003514031282009872, 0.0047293502259986549, 0.0058147958037074194, 0.0067434839548075696, 0.0075526631563851074, 0.0083852655221925629, 0.0088560612250486656, 0.0099398269045658169, 0.01065266874559069, 0.010831493781926618, 0.011668206365972766, 0.011856699182949737, 0.012366043693654322, 0.012383658904495859, 0.016098111481121419, 0.01893244952627926, 0.020498681620726322, 0.021696124827579516, 0.022329750062293596, 0.021604804828907087, 0.018833268444080536, 0.040345588432797175, 0.018391273567355093, 0.01992369858023646, 0.02019689460091062, 0.019928073338418673, 0.020106570929856071, 0.016930671848011947, 0.020697134190462985, 0.021876892537295689, 0.024037624902715993, 0.02192318181614672, 0.022650962147241827, 0.022847349373367964, 0.016480894230788246, 0.020166506116914951, 0.020719105416204808, 0.023574437120920999, 0.024829478148217565, 0.021676686055272398, 0.020103350131379982, 0.020834354116753717, 0.02214952964088146, 0.019316952865835679, 0.02038213434396563, 0.023823789148453622, 0.020236815691760057, 0.021358061664221162, 0.017540390517775895]
[-inf, 0.0, -0.0049346835516858294, -0.0049247787829818992, -0.0049219778474960431, -0.0049138410804877575, -0.0049075615413411676, -0.0048812155060063145, -0.0049025414152630356, -0.0048282555554234538, -0.0048245810576321158, -0.0047932702099316993, -0.0047510026752461548, -0.0045463040813774197, -0.0047769171805174537, -0.0047082600493988241, -0.0041306119812388326, -0.0038301660036653279, -0.0038968760091731974, -0.0039976724464356045, -0.0040490102938072342, -0.00491406078732462, -0.0049956223398433669, -0.011874358688990103, -0.0051103628801230233, -0.0044815039862290268, -0.0044737697046070002, -0.004457296995103166, -0.0045549451667701024, -0.0050186429175874125, -0.0046502958626498947, -0.00442072315940506, -0.0041584003884629628, -0.0037092541633330645, -0.0035097421769094972, 0.002058384817782144, -0.0020129562993729533, -0.0020838598959046495, -0.0016553754595985959, -0.0021758388609057766, -0.0022695766615140889, -0.0028538613517227474, -0.0031935560417905018, -0.0030741970536152519, -0.0029152171890604872, -0.0034606412050935675, -0.0018474533511878832, -0.0021267492228512486, -0.0015192643279478557, -0.0011594635284494781, -0.0011609547942308396]
[-inf, 0.0, 0.0025381823372945282, 0.0032167503403123217, 0.0038744483241537515, 0.0045070827174301994, 0.0050514825701037588, 0.0055417678213496337, 0.0061935081452931355, 0.0065137036422147007, 0.0070429331159688607, 0.0075027978043415988, 0.0078297354881855658, 0.0084015261410937681, 0.0085897026514174663, 0.0087934746047472756, 0.0094100091410250497, 0.0098467239903534121, 0.0098002896734506462, 0.009466381127695489, 0.0097855285693543848, 0.010703564806430838, 0.011337879474490775, 0.011304639594604926, 0.01228079600488996, 0.014734930126120344, 0.01933038876535309, 0.013267054825603003, 0.029365533780770725, 0.020844660619023736, 0.019953988951372015, 0.019301040134708403, 0.01828076026910197, 0.035750315678890532, 0.013160204729973146, 0.016184520542392777, 0.018804895832861712, 0.018469463223166283, 0.021633252423628124, 0.034861122615725715, 0.016280540059418036, 0.02188522790565639, 0.029448954612749656, 0.016128657237843291, 0.016772963001082664, 0.016194026850696042, 0.017877838934001744, 0.015804496795158607, 0.015830479016267107, 0.016575136879678043, 0.017384500450217111]
[-inf, 0.0, -0.0049703239266595247, -0.004938585288638303, -0.0049596482591601279, -0.0049406167528323885, -0.004936431131241141, -0.0049440476136734732, -0.0049601956212611126, -0.0049464099517555621, -0.0049757072162650434, -0.0049750955811740244, -0.0049337855453977508, -0.004961860297402948, -0.004981475662455645, -0.0049568552752990991, -0.0050131437427012038, -0.0048630997349910915, -0.0049565138918219731, -0.0048677701627140857, -0.0047688931324554734, -0.0046609270889406834, -0.0047906768464945904, -0.0049287814980205902, -0.0048102309552736228, -0.0044583853973654136, -0.0038703459266773155, -0.0044969726359778694, -0.0044372166010637759, -0.0055094777325876698, -0.004479978027125131, -0.0043773512874668019, -0.0044674768943928633, -0.011747869848812598, -0.0043541750078882335, -0.0038609373273887637, -0.003679336429470631, -0.0036650910263203718, -0.0036253715767954608, -0.0033808670295113752, -0.0041011602262663038, -0.0045487912525731811, 0.00083918099762181342, -0.0047231007411262238, -0.0056633875983080617, -0.0022933459213006768, -0.0039737892886019532, -0.0045492358857903703, -0.0048016285142892523, -0.0049632322282802399, -0.0043168168472547952]
[-inf, 0.0, 0.0023642188319240587, 0.0024195515737600011, 0.0026602702392962523, 0.003057604717520891, 0.003373332927909858, 0.0037118319884009311, 0.0040693841299925763, 0.0043639702280505385, 0.0046473736095442794, 0.0048909085481910301, 0.0051742551362185217, 0.0054326350159005637, 0.005643104928291176, 0.0059803116914007026, 0.0063434989174207673, 0.0064604211684388957, 0.0065369441043799381, 0.0069013154175556202, 0.0072652739285682666, 0.0075138387985945881, 0.0079266074742631309, 0.0077714968095169562, 0.0077077756372650741, 0.0074791647909860648, 0.0077678681256505844, 0.0080912796301707002, 0.0085372336721498965, 0.0086233243038552343, 0.0086859415398521933, 0.0092735373803904675, 0.012500421645240511, 0.010959835788626499, 0.011129320880729154, 0.0093070275329504848, 0.014913241317591752, 0.011032550795502527, 0.0084000947094106104, 0.013893568071666695, 0.016832279952474827, 0.01740473391632319, 0.010501003586729896, 0.0058675349601879923, 0.053043874899999954, 0.024878701740792153, 0.033779812981467039, 0.0090333188394003949, 0.0069559166784495807, 0.0094518404554582713, 0.011827581479843696]
[-inf, 0.0, -0.0050034131884702264, -0.0049841747573538091, -0.0049565947854038755, -0.0049484384798551481, -0.0049604617669438203, -0.0049636265910189201, -0.0049951641975721148, -0.0049824520282130552, -0.0049556410222282299, -0.0049760639230409381, -0.0049905795122487176, -0.0050082758384231083, -0.0049952628140597921, -0.0049657521888828299, -0.0050397202210692577, -0.0050055791766908109, -0.0050213376571000695, -0.005065352388218175, -0.0051087175128810142, -0.0050833298781250147, -0.0052159463748716328, -0.00503816668787746, -0.0050771120210910264, -0.0051104426090771288, -0.0050719666208921266, -0.0050134145592682922, -0.0050006137286540131, -0.0050390412983682964, -0.0050534113871849862, -0.0051280014612430924, -0.0057548961593708314, -0.0052203547343853962, -0.0053889641073209815, -0.0052773796181194155, -0.0055991111852268238, -0.0050681683327572502, -0.0050691094002240367, -0.0050562329918824034, -0.0051349651118340334, -0.004405381900554256, -0.0048436100927181647, -0.0052019106506018264, -0.002403014185897473, -0.0041343348617314812, -0.0031484815585496595, -0.005214818633507784, -0.005281909754926789, -0.0052913549479167155, -0.0051511357546395464]
[inf, 0.0, 0.0051730629107752182, 0.0069737336556851028, 0.0085010990854494338, 0.0098848368998894556, 0.011219671954704538, 0.012112813880187159, 0.013117780524454739, 0.01557564021608876, 0.017670905884375601, 0.018841758005914727, 0.017657012922051157, 0.018965685981628261, 0.022603668552276357, 0.023091790349696772, 0.028797065946766287, 0.036406753796416502, 0.029372060799581601, 0.024303771492741488, 0.02203114942409079, 0.024915684953968342, 0.02437217108829054, 0.023448259656815518, 0.024512974786714603, 0.024847410880936283, 0.027369631344752898, 0.019537198874291117, 0.0015526350541431588, 0.023400070717704446, 0.027562541497717752, 0.022146747947874523, 0.019796626213097968, 0.021839128338514868, 0.025450613666301303, 0.02394593655350219, 0.022683929197593766, 0.020047679462111612, 0.018539590000329453, 0.019348102726920002, 0.014364526158936575, 0.017577905792611648, 0.018372097020611822, 0.018336680220197299, 0.016773965133138891, 0.016614676939621487, 0.017152154667103625, 0.016769438920386515, 0.015932023923696192, 0.015412128324186702, 0.01022805692290274]
[-inf, 0.0, -0.0049214506376039028, -0.0048882967743730712, -0.0048467092160539588, -0.004801454516760513, -0.0046955195055405144, -0.0046041352583166828, -0.0045506356554202085, -0.0043059847426223374, -0.0043606511235669485, -0.0043316058469596713, -0.0043172798728443179, -0.0046725110562899422, -0.0047606854722069408, -0.0050291253697083704, -0.0052456275633591537, -0.0044171703923250594, -0.0055692695091372063, -0.0060414737114115602, -0.006536900981811547, -0.0058259527263890692, -0.0051328224514547854, -0.0044731016075981317, -0.0046290331618711461, -0.0038451096313549121, -0.00096003751196652165, -0.001851710304157983, -0.0011594789113985315, -0.0043807733413339656, -0.0052166676070552198, -0.0061952469873124694, -0.0047063518610666599, -0.0042305895981029074, -0.0065240864067496185, -0.0087946575559371687, -0.0070163270945615974, -0.0077806797879343137, -0.007754203923476255, -0.0072997449191959385, -0.0098795253508846825, -0.0064763502773833304, -0.0073847697996656803, -0.004732351629935988, -0.0064977188717012246, -0.0085130934679321646, -0.0082449499138183002, -0.0086186825470735973, -0.0083728881043067527, -0.0089703990637948205, -0.01044075842046599]
[inf, 0.0, 0.003514031282009872, 0.0047293502259986549, 0.0058147958037074194, 0.0067434839548075696, 0.0075526631563851074, 0.0083852655221925629, 0.0088560612250486656, 0.0099398269045658169, 0.01065266874559069, 0.010831493781926618, 0.011668206365972766, 0.011856699182949737, 0.012366043693654322, 0.012383658904495859, 0.016098111481121419, 0.01893244952627926, 0.020498681620726322, 0.021696124827579516, 0.022329750062293596, 0.021604804828907087, 0.018833268444080536, 0.040345588432797175, 0.018391273567355093, 0.01992369858023646, 0.02019689460091062, 0.019928073338418673, 0.020106570929856071, 0.016930671848011947, 0.020697134190462985, 0.021876892537295689, 0.024037624902715993, 0.02192318181614672, 0.022650962147241827, 0.022847349373367964, 0.016480894230788246, 0.020166506116914951, 0.020719105416204808, 0.023574437120920999, 0.024829478148217565, 0.021676686055272398, 0.020103350131379982, 0.020834354116753717, 0.02214952964088146, 0.019316952865835679, 0.02038213434396563, 0.023823789148453622, 0.020236815691760057, 0.021358061664221162, 0.017540390517775895]
[-inf, 0.0, -0.0049346835516858294, -0.0049247787829818992, -0.0049219778474960431, -0.0049138410804877575, -0.0049075615413411676, -0.0048812155060063145, -0.0049025414152630356, -0.0048282555554234538, -0.0048245810576321158, -0.0047932702099316993, -0.0047510026752461548, -0.0045463040813774197, -0.0047769171805174537, -0.0047082600493988241, -0.0041306119812388326, -0.0038301660036653279, -0.0038968760091731974, -0.0039976724464356045, -0.0040490102938072342, -0.00491406078732462, -0.0049956223398433669, -0.011874358688990103, -0.0051103628801230233, -0.0044815039862290268, -0.0044737697046070002, -0.004457296995103166, -0.0045549451667701024, -0.0050186429175874125, -0.0046502958626498947, -0.00442072315940506, -0.0041584003884629628, -0.0037092541633330645, -0.0035097421769094972, 0.002058384817782144, -0.0020129562993729533, -0.0020838598959046495, -0.0016553754595985959, -0.0021758388609057766, -0.0022695766615140889, -0.0028538613517227474, -0.0031935560417905018, -0.0030741970536152519, -0.0029152171890604872, -0.0034606412050935675, -0.0018474533511878832, -0.0021267492228512486, -0.0015192643279478557, -0.0011594635284494781, -0.0011609547942308396]
[-inf, 0.0, 0.0025381823372945282, 0.0032167503403123217, 0.0038744483241537515, 0.0045070827174301994, 0.0050514825701037588, 0.0055417678213496337, 0.0061935081452931355, 0.0065137036422147007, 0.0070429331159688607, 0.0075027978043415988, 0.0078297354881855658, 0.0084015261410937681, 0.0085897026514174663, 0.0087934746047472756, 0.0094100091410250497, 0.0098467239903534121, 0.0098002896734506462, 0.009466381127695489, 0.0097855285693543848, 0.010703564806430838, 0.011337879474490775, 0.011304639594604926, 0.01228079600488996, 0.014734930126120344, 0.01933038876535309, 0.013267054825603003, 0.029365533780770725, 0.020844660619023736, 0.019953988951372015, 0.019301040134708403, 0.01828076026910197, 0.035750315678890532, 0.013160204729973146, 0.016184520542392777, 0.018804895832861712, 0.018469463223166283, 0.021633252423628124, 0.034861122615725715, 0.016280540059418036, 0.02188522790565639, 0.029448954612749656, 0.016128657237843291, 0.016772963001082664, 0.016194026850696042, 0.017877838934001744, 0.015804496795158607, 0.015830479016267107, 0.016575136879678043, 0.017384500450217111]
[-inf, 0.0, -0.0049703239266595247, -0.004938585288638303, -0.0049596482591601279, -0.0049406167528323885, -0.004936431131241141, -0.0049440476136734732, -0.0049601956212611126, -0.0049464099517555621, -0.0049757072162650434, -0.0049750955811740244, -0.0049337855453977508, -0.004961860297402948, -0.004981475662455645, -0.0049568552752990991, -0.0050131437427012038, -0.0048630997349910915, -0.0049565138918219731, -0.0048677701627140857, -0.0047688931324554734, -0.0046609270889406834, -0.0047906768464945904, -0.0049287814980205902, -0.0048102309552736228, -0.0044583853973654136, -0.0038703459266773155, -0.0044969726359778694, -0.0044372166010637759, -0.0055094777325876698, -0.004479978027125131, -0.0043773512874668019, -0.0044674768943928633, -0.011747869848812598, -0.0043541750078882335, -0.0038609373273887637, -0.003679336429470631, -0.0036650910263203718, -0.0036253715767954608, -0.0033808670295113752, -0.0041011602262663038, -0.0045487912525731811, 0.00083918099762181342, -0.0047231007411262238, -0.0056633875983080617, -0.0022933459213006768, -0.0039737892886019532, -0.0045492358857903703, -0.0048016285142892523, -0.0049632322282802399, -0.0043168168472547952]
[-inf, 0.0, 0.0023642188319240587, 0.0024195515737600011, 0.0026602702392962523, 0.003057604717520891, 0.003373332927909858, 0.0037118319884009311, 0.0040693841299925763, 0.0043639702280505385, 0.0046473736095442794, 0.0048909085481910301, 0.0051742551362185217, 0.0054326350159005637, 0.005643104928291176, 0.0059803116914007026, 0.0063434989174207673, 0.0064604211684388957, 0.0065369441043799381, 0.0069013154175556202, 0.0072652739285682666, 0.0075138387985945881, 0.0079266074742631309, 0.0077714968095169562, 0.0077077756372650741, 0.0074791647909860648, 0.0077678681256505844, 0.0080912796301707002, 0.0085372336721498965, 0.0086233243038552343, 0.0086859415398521933, 0.0092735373803904675, 0.012500421645240511, 0.010959835788626499, 0.011129320880729154, 0.0093070275329504848, 0.014913241317591752, 0.011032550795502527, 0.0084000947094106104, 0.013893568071666695, 0.016832279952474827, 0.01740473391632319, 0.010501003586729896, 0.0058675349601879923, 0.053043874899999954, 0.024878701740792153, 0.033779812981467039, 0.0090333188394003949, 0.0069559166784495807, 0.0094518404554582713, 0.011827581479843696]
[-inf, 0.0, -0.0050034131884702264, -0.0049841747573538091, -0.0049565947854038755, -0.0049484384798551481, -0.0049604617669438203, -0.0049636265910189201, -0.0049951641975721148, -0.0049824520282130552, -0.0049556410222282299, -0.0049760639230409381, -0.0049905795122487176, -0.0050082758384231083, -0.0049952628140597921, -0.0049657521888828299, -0.0050397202210692577, -0.0050055791766908109, -0.0050213376571000695, -0.005065352388218175, -0.0051087175128810142, -0.0050833298781250147, -0.0052159463748716328, -0.00503816668787746, -0.0050771120210910264, -0.0051104426090771288, -0.0050719666208921266, -0.0050134145592682922, -0.0050006137286540131, -0.0050390412983682964, -0.0050534113871849862, -0.0051280014612430924, -0.0057548961593708314, -0.0052203547343853962, -0.0053889641073209815, -0.0052773796181194155, -0.0055991111852268238, -0.0050681683327572502, -0.0050691094002240367, -0.0050562329918824034, -0.0051349651118340334, -0.004405381900554256, -0.0048436100927181647, -0.0052019106506018264, -0.002403014185897473, -0.0041343348617314812, -0.0031484815585496595, -0.005214818633507784, -0.005281909754926789, -0.0052913549479167155, -0.0051511357546395464]
[inf, 0.0, 0.0051730629107752182, 0.0069737336556851028, 0.0085010990854494338, 0.0098848368998894556, 0.011219671954704538, 0.012112813880187159, 0.013117780524454739, 0.01557564021608876, 0.017670905884375601, 0.018841758005914727, 0.017657012922051157, 0.018965685981628261, 0.022603668552276357, 0.023091790349696772, 0.028797065946766287, 0.036406753796416502, 0.029372060799581601, 0.024303771492741488, 0.02203114942409079, 0.024915684953968342, 0.02437217108829054, 0.023448259656815518, 0.024512974786714603, 0.024847410880936283, 0.027369631344752898, 0.019537198874291117, 0.0015526350541431588, 0.023400070717704446, 0.027562541497717752, 0.022146747947874523, 0.019796626213097968, 0.021839128338514868, 0.025450613666301303, 0.02394593655350219, 0.022683929197593766, 0.020047679462111612, 0.018539590000329453, 0.019348102726920002, 0.014364526158936575, 0.017577905792611648, 0.018372097020611822, 0.018336680220197299, 0.016773965133138891, 0.016614676939621487, 0.017152154667103625, 0.016769438920386515, 0.015932023923696192, 0.015412128324186702, 0.01022805692290274]
[-inf, 0.0, -0.0049214506376039028, -0.0048882967743730712, -0.0048467092160539588, -0.004801454516760513, -0.0046955195055405144, -0.0046041352583166828, -0.0045506356554202085, -0.0043059847426223374, -0.0043606511235669485, -0.0043316058469596713, -0.0043172798728443179, -0.0046725110562899422, -0.0047606854722069408, -0.0050291253697083704, -0.0052456275633591537, -0.0044171703923250594, -0.0055692695091372063, -0.0060414737114115602, -0.006536900981811547, -0.0058259527263890692, -0.0051328224514547854, -0.0044731016075981317, -0.0046290331618711461, -0.0038451096313549121, -0.00096003751196652165, -0.001851710304157983, -0.0011594789113985315, -0.0043807733413339656, -0.0052166676070552198, -0.0061952469873124694, -0.0047063518610666599, -0.0042305895981029074, -0.0065240864067496185, -0.0087946575559371687, -0.0070163270945615974, -0.0077806797879343137, -0.007754203923476255, -0.0072997449191959385, -0.0098795253508846825, -0.0064763502773833304, -0.0073847697996656803, -0.004732351629935988, -0.0064977188717012246, -0.0085130934679321646, -0.0082449499138183002, -0.0086186825470735973, -0.0083728881043067527, -0.0089703990637948205, -0.01044075842046599]
[inf, 0.0, 0.003514031282009872, 0.0047293502259986549, 0.0058147958037074194, 0.0067434839548075696, 0.0075526631563851074, 0.0083852655221925629, 0.0088560612250486656, 0.0099398269045658169, 0.01065266874559069, 0.010831493781926618, 0.011668206365972766, 0.011856699182949737, 0.012366043693654322, 0.012383658904495859, 0.016098111481121419, 0.01893244952627926, 0.020498681620726322, 0.021696124827579516, 0.022329750062293596, 0.021604804828907087, 0.018833268444080536, 0.040345588432797175, 0.018391273567355093, 0.01992369858023646, 0.02019689460091062, 0.019928073338418673, 0.020106570929856071, 0.016930671848011947, 0.020697134190462985, 0.021876892537295689, 0.024037624902715993, 0.02192318181614672, 0.022650962147241827, 0.022847349373367964, 0.016480894230788246, 0.020166506116914951, 0.020719105416204808, 0.023574437120920999, 0.024829478148217565, 0.021676686055272398, 0.020103350131379982, 0.020834354116753717, 0.02214952964088146, 0.019316952865835679, 0.02038213434396563, 0.023823789148453622, 0.020236815691760057, 0.021358061664221162, 0.017540390517775895]
[-inf, 0.0, -0.0049346835516858294, -0.0049247787829818992, -0.0049219778474960431, -0.0049138410804877575, -0.0049075615413411676, -0.0048812155060063145, -0.0049025414152630356, -0.0048282555554234538, -0.0048245810576321158, -0.0047932702099316993, -0.0047510026752461548, -0.0045463040813774197, -0.0047769171805174537, -0.0047082600493988241, -0.0041306119812388326, -0.0038301660036653279, -0.0038968760091731974, -0.0039976724464356045, -0.0040490102938072342, -0.00491406078732462, -0.0049956223398433669, -0.011874358688990103, -0.0051103628801230233, -0.0044815039862290268, -0.0044737697046070002, -0.004457296995103166, -0.0045549451667701024, -0.0050186429175874125, -0.0046502958626498947, -0.00442072315940506, -0.0041584003884629628, -0.0037092541633330645, -0.0035097421769094972, 0.002058384817782144, -0.0020129562993729533, -0.0020838598959046495, -0.0016553754595985959, -0.0021758388609057766, -0.0022695766615140889, -0.0028538613517227474, -0.0031935560417905018, -0.0030741970536152519, -0.0029152171890604872, -0.0034606412050935675, -0.0018474533511878832, -0.0021267492228512486, -0.0015192643279478557, -0.0011594635284494781, -0.0011609547942308396]
[-inf, 0.0, 0.0025381823372945282, 0.0032167503403123217, 0.0038744483241537515, 0.0045070827174301994, 0.0050514825701037588, 0.0055417678213496337, 0.0061935081452931355, 0.0065137036422147007, 0.0070429331159688607, 0.0075027978043415988, 0.0078297354881855658, 0.0084015261410937681, 0.0085897026514174663, 0.0087934746047472756, 0.0094100091410250497, 0.0098467239903534121, 0.0098002896734506462, 0.009466381127695489, 0.0097855285693543848, 0.010703564806430838, 0.011337879474490775, 0.011304639594604926, 0.01228079600488996, 0.014734930126120344, 0.01933038876535309, 0.013267054825603003, 0.029365533780770725, 0.020844660619023736, 0.019953988951372015, 0.019301040134708403, 0.01828076026910197, 0.035750315678890532, 0.013160204729973146, 0.016184520542392777, 0.018804895832861712, 0.018469463223166283, 0.021633252423628124, 0.034861122615725715, 0.016280540059418036, 0.02188522790565639, 0.029448954612749656, 0.016128657237843291, 0.016772963001082664, 0.016194026850696042, 0.017877838934001744, 0.015804496795158607, 0.015830479016267107, 0.016575136879678043, 0.017384500450217111]
[-inf, 0.0, -0.0049703239266595247, -0.004938585288638303, -0.0049596482591601279, -0.0049406167528323885, -0.004936431131241141, -0.0049440476136734732, -0.0049601956212611126, -0.0049464099517555621, -0.0049757072162650434, -0.0049750955811740244, -0.0049337855453977508, -0.004961860297402948, -0.004981475662455645, -0.0049568552752990991, -0.0050131437427012038, -0.0048630997349910915, -0.0049565138918219731, -0.0048677701627140857, -0.0047688931324554734, -0.0046609270889406834, -0.0047906768464945904, -0.0049287814980205902, -0.0048102309552736228, -0.0044583853973654136, -0.0038703459266773155, -0.0044969726359778694, -0.0044372166010637759, -0.0055094777325876698, -0.004479978027125131, -0.0043773512874668019, -0.0044674768943928633, -0.011747869848812598, -0.0043541750078882335, -0.0038609373273887637, -0.003679336429470631, -0.0036650910263203718, -0.0036253715767954608, -0.0033808670295113752, -0.0041011602262663038, -0.0045487912525731811, 0.00083918099762181342, -0.0047231007411262238, -0.0056633875983080617, -0.0022933459213006768, -0.0039737892886019532, -0.0045492358857903703, -0.0048016285142892523, -0.0049632322282802399, -0.0043168168472547952]
[-inf, 0.0, 0.0023642188319240587, 0.0024195515737600011, 0.0026602702392962523, 0.003057604717520891, 0.003373332927909858, 0.0037118319884009311, 0.0040693841299925763, 0.0043639702280505385, 0.0046473736095442794, 0.0048909085481910301, 0.0051742551362185217, 0.0054326350159005637, 0.005643104928291176, 0.0059803116914007026, 0.0063434989174207673, 0.0064604211684388957, 0.0065369441043799381, 0.0069013154175556202, 0.0072652739285682666, 0.0075138387985945881, 0.0079266074742631309, 0.0077714968095169562, 0.0077077756372650741, 0.0074791647909860648, 0.0077678681256505844, 0.0080912796301707002, 0.0085372336721498965, 0.0086233243038552343, 0.0086859415398521933, 0.0092735373803904675, 0.012500421645240511, 0.010959835788626499, 0.011129320880729154, 0.0093070275329504848, 0.014913241317591752, 0.011032550795502527, 0.0084000947094106104, 0.013893568071666695, 0.016832279952474827, 0.01740473391632319, 0.010501003586729896, 0.0058675349601879923, 0.053043874899999954, 0.024878701740792153, 0.033779812981467039, 0.0090333188394003949, 0.0069559166784495807, 0.0094518404554582713, 0.011827581479843696]
[-inf, 0.0, -0.0050034131884702264, -0.0049841747573538091, -0.0049565947854038755, -0.0049484384798551481, -0.0049604617669438203, -0.0049636265910189201, -0.0049951641975721148, -0.0049824520282130552, -0.0049556410222282299, -0.0049760639230409381, -0.0049905795122487176, -0.0050082758384231083, -0.0049952628140597921, -0.0049657521888828299, -0.0050397202210692577, -0.0050055791766908109, -0.0050213376571000695, -0.005065352388218175, -0.0051087175128810142, -0.0050833298781250147, -0.0052159463748716328, -0.00503816668787746, -0.0050771120210910264, -0.0051104426090771288, -0.0050719666208921266, -0.0050134145592682922, -0.0050006137286540131, -0.0050390412983682964, -0.0050534113871849862, -0.0051280014612430924, -0.0057548961593708314, -0.0052203547343853962, -0.0053889641073209815, -0.0052773796181194155, -0.0055991111852268238, -0.0050681683327572502, -0.0050691094002240367, -0.0050562329918824034, -0.0051349651118340334, -0.004405381900554256, -0.0048436100927181647, -0.0052019106506018264, -0.002403014185897473, -0.0041343348617314812, -0.0031484815585496595, -0.005214818633507784, -0.005281909754926789, -0.0052913549479167155, -0.0051511357546395464]
